Archive member included to satisfy reference by file (symbol)

/Users/admin/.pico-sdk/toolchain/14_2_Rel1/bin/../lib/gcc/arm-none-eabi/14.2.1/thumb/v6-m/nofp/libgcc.a(_dvmd_tls.o)
                              CMakeFiles/rover_w.dir/Users/admin/.pico-sdk/sdk/2.2.0/src/rp2_common/pico_divider/divider_hardware.S.o (__aeabi_idiv0)
/Users/admin/.pico-sdk/toolchain/14_2_Rel1/bin/../lib/gcc/arm-none-eabi/14.2.1/../../../../arm-none-eabi/lib/thumb/v6-m/nofp/libg.a(libc_a-atoi.o)
                              CMakeFiles/rover_w.dir/Users/admin/.pico-sdk/sdk/2.2.0/lib/lwip/src/core/netif.c.o (atoi)
/Users/admin/.pico-sdk/toolchain/14_2_Rel1/bin/../lib/gcc/arm-none-eabi/14.2.1/../../../../arm-none-eabi/lib/thumb/v6-m/nofp/libg.a(libc_a-calloc.o)
                              CMakeFiles/rover_w.dir/Users/admin/.pico-sdk/sdk/2.2.0/src/rp2_common/pico_malloc/malloc.c.o (calloc)
/Users/admin/.pico-sdk/toolchain/14_2_Rel1/bin/../lib/gcc/arm-none-eabi/14.2.1/../../../../arm-none-eabi/lib/thumb/v6-m/nofp/libg.a(libc_a-callocr.o)
                              /Users/admin/.pico-sdk/toolchain/14_2_Rel1/bin/../lib/gcc/arm-none-eabi/14.2.1/../../../../arm-none-eabi/lib/thumb/v6-m/nofp/libg.a(libc_a-calloc.o) (_calloc_r)
/Users/admin/.pico-sdk/toolchain/14_2_Rel1/bin/../lib/gcc/arm-none-eabi/14.2.1/../../../../arm-none-eabi/lib/thumb/v6-m/nofp/libg.a(libc_a-malloc.o)
                              CMakeFiles/rover_w.dir/Users/admin/.pico-sdk/sdk/2.2.0/src/rp2_common/pico_malloc/malloc.c.o (malloc)
/Users/admin/.pico-sdk/toolchain/14_2_Rel1/bin/../lib/gcc/arm-none-eabi/14.2.1/../../../../arm-none-eabi/lib/thumb/v6-m/nofp/libg.a(libc_a-mallocr.o)
                              /Users/admin/.pico-sdk/toolchain/14_2_Rel1/bin/../lib/gcc/arm-none-eabi/14.2.1/../../../../arm-none-eabi/lib/thumb/v6-m/nofp/libg.a(libc_a-callocr.o) (_malloc_r)
/Users/admin/.pico-sdk/toolchain/14_2_Rel1/bin/../lib/gcc/arm-none-eabi/14.2.1/../../../../arm-none-eabi/lib/thumb/v6-m/nofp/libg.a(libc_a-mlock.o)
                              /Users/admin/.pico-sdk/toolchain/14_2_Rel1/bin/../lib/gcc/arm-none-eabi/14.2.1/../../../../arm-none-eabi/lib/thumb/v6-m/nofp/libg.a(libc_a-mallocr.o) (__malloc_lock)
/Users/admin/.pico-sdk/toolchain/14_2_Rel1/bin/../lib/gcc/arm-none-eabi/14.2.1/../../../../arm-none-eabi/lib/thumb/v6-m/nofp/libg.a(libc_a-realloc.o)
                              CMakeFiles/rover_w.dir/Users/admin/.pico-sdk/sdk/2.2.0/src/rp2_common/pico_malloc/malloc.c.o (realloc)
/Users/admin/.pico-sdk/toolchain/14_2_Rel1/bin/../lib/gcc/arm-none-eabi/14.2.1/../../../../arm-none-eabi/lib/thumb/v6-m/nofp/libg.a(libc_a-reallocr.o)
                              /Users/admin/.pico-sdk/toolchain/14_2_Rel1/bin/../lib/gcc/arm-none-eabi/14.2.1/../../../../arm-none-eabi/lib/thumb/v6-m/nofp/libg.a(libc_a-realloc.o) (_realloc_r)
/Users/admin/.pico-sdk/toolchain/14_2_Rel1/bin/../lib/gcc/arm-none-eabi/14.2.1/../../../../arm-none-eabi/lib/thumb/v6-m/nofp/libg.a(libc_a-strtol.o)
                              /Users/admin/.pico-sdk/toolchain/14_2_Rel1/bin/../lib/gcc/arm-none-eabi/14.2.1/../../../../arm-none-eabi/lib/thumb/v6-m/nofp/libg.a(libc_a-atoi.o) (_strtol_r)
/Users/admin/.pico-sdk/toolchain/14_2_Rel1/bin/../lib/gcc/arm-none-eabi/14.2.1/../../../../arm-none-eabi/lib/thumb/v6-m/nofp/libg.a(libc_a-memcmp.o)
                              CMakeFiles/rover_w.dir/Users/admin/.pico-sdk/sdk/2.2.0/src/rp2_common/pico_atomic/atomic.c.o (memcmp)
/Users/admin/.pico-sdk/toolchain/14_2_Rel1/bin/../lib/gcc/arm-none-eabi/14.2.1/../../../../arm-none-eabi/lib/thumb/v6-m/nofp/libg.a(libc_a-memmove.o)
                              CMakeFiles/rover_w.dir/Users/admin/.pico-sdk/sdk/2.2.0/lib/lwip/src/core/def.c.o (memmove)
/Users/admin/.pico-sdk/toolchain/14_2_Rel1/bin/../lib/gcc/arm-none-eabi/14.2.1/../../../../arm-none-eabi/lib/thumb/v6-m/nofp/libg.a(libc_a-strncmp.o)
                              CMakeFiles/rover_w.dir/Users/admin/.pico-sdk/sdk/2.2.0/lib/lwip/src/core/def.c.o (strncmp)
/Users/admin/.pico-sdk/toolchain/14_2_Rel1/bin/../lib/gcc/arm-none-eabi/14.2.1/../../../../arm-none-eabi/lib/thumb/v6-m/nofp/libg.a(libc_a-lcltime_r.o)
                              CMakeFiles/rover_w.dir/Users/admin/.pico-sdk/sdk/2.2.0/src/common/pico_util/datetime.c.o (localtime_r)
/Users/admin/.pico-sdk/toolchain/14_2_Rel1/bin/../lib/gcc/arm-none-eabi/14.2.1/../../../../arm-none-eabi/lib/thumb/v6-m/nofp/libg.a(libc_a-mktime.o)
                              CMakeFiles/rover_w.dir/Users/admin/.pico-sdk/sdk/2.2.0/src/common/pico_util/datetime.c.o (mktime)
/Users/admin/.pico-sdk/toolchain/14_2_Rel1/bin/../lib/gcc/arm-none-eabi/14.2.1/../../../../arm-none-eabi/lib/thumb/v6-m/nofp/libg.a(libc_a-month_lengths.o)
                              /Users/admin/.pico-sdk/toolchain/14_2_Rel1/bin/../lib/gcc/arm-none-eabi/14.2.1/../../../../arm-none-eabi/lib/thumb/v6-m/nofp/libg.a(libc_a-lcltime_r.o) (__month_lengths)
[...]
Memory Configuration

Name             Origin             Length             Attributes
FLASH            0x10000000         0x00200000         xr
RAM              0x20000000         0x00040000         xrw
SCRATCH_X        0x20040000         0x00001000         xrw
SCRATCH_Y        0x20041000         0x00001000         xrw
*default*        0x00000000         0xffffffff

Linker script and memory map

LOAD /Users/admin/.pico-sdk/toolchain/14_2_Rel1/bin/../lib/gcc/arm-none-eabi/14.2.1/thumb/v6-m/nofp/crti.o
LOAD /Users/admin/.pico-sdk/toolchain/14_2_Rel1/bin/../lib/gcc/arm-none-eabi/14.2.1/thumb/v6-m/nofp/crtbegin.o
LOAD /Users/admin/.pico-sdk/toolchain/14_2_Rel1/bin/../lib/gcc/arm-none-eabi/14.2.1/../../../../arm-none-eabi/lib/thumb/v6-m/nofp/crt0.o

.flash_begin    0x10000000        0x0
                0x10000000                        __flash_binary_start = .

.boot2          0x10000000      0x100
                0x10000000                        __boot2_start__ = .
 *(.boot2)
 .boot2         0x10000000      0x100 pico-sdk/src/rp2040/boot_stage2/CMakeFiles/bs2_default_library.dir/./bs2_default_padded_checksummed.S.o
                0x10000100                        __boot2_end__ = .
                0x00000001                        ASSERT (((__boot2_end__ - __boot2_start__) == 0x100), ERROR: Pico second stage bootloader must be 256 bytes in size)

.text           0x10000100     0x43f8
                0x10000100                        __logical_binary_start = .
 *(.vectors)
 .vectors       0x10000100       0xd4 CMakeFiles/rover_w.dir/Users/admin/.pico-sdk/sdk/2.2.0/src/rp2_common/pico_crt0/crt0.S.o
                0x10000100                __VECTOR_TABLE
                0x10000100                __vectors
                0x100001c0                isr_irq13
                0x100001c0                isr_irq27
                0x100001c0                isr_irq31
                0x100001c0                isr_irq5
                0x100001c0                isr_irq11
                0x100001c0                isr_irq23
                0x100001c0                isr_irq18
                0x100001c0                isr_irq9
                0x100001c0                __unhandled_user_irq
                0x100001c0                isr_irq25
                0x100001c0                isr_irq4
                0x100001c0                isr_irq16
                0x100001c0                isr_irq29
                0x100001c0                isr_irq26
                0x100001c0                isr_irq3
                0x100001c0                isr_irq12
                0x100001c0                isr_irq30
                0x100001c0                isr_irq28
                0x100001c0                isr_irq19
                0x100001c0                isr_irq0
                0x100001c0                isr_irq6
                0x100001c0                isr_irq22
                0x100001c0                isr_irq17
                0x100001c0                isr_irq14
                0x100001c0                __vectors_end
                0x100001c0                __default_isrs_start
                0x100001c0                isr_irq2
                0x100001c0                isr_irq10
                0x100001c0                isr_irq8
                0x100001c0                isr_irq24
                0x100001c0                isr_irq1
                0x100001c0                isr_irq7
                0x100001c0                isr_irq21
                0x100001c0                isr_irq20
                0x100001c0                isr_irq15
                0x100001c6                unhandled_user_irq_num_in_r0
                0x100001c8                isr_invalid
                0x100001ca                isr_nmi
                0x100001cc                isr_hardfault
                0x100001ce                isr_svcall
                0x100001d0                isr_pendsv
                0x100001d2                isr_systick
                0x100001d4                __default_isrs_end
 *(.binary_info_header)
 .binary_info_header
                0x100001d4       0x14 CMakeFiles/rover_w.dir/Users/admin/.pico-sdk/sdk/2.2.0/src/rp2_common/pico_crt0/crt0.S.o
                0x100001e8                        __binary_info_header_end = .
 *(.embedded_block)
                0x100001e8                        __embedded_block_end = .
 *(.reset)
 .reset         0x100001e8       0x9c CMakeFiles/rover_w.dir/Users/admin/.pico-sdk/sdk/2.2.0/src/rp2_common/pico_crt0/crt0.S.o
                0x100001e8                _entry_point
 *(.init)
 .init          0x10000284        0x4 /Users/admin/.pico-sdk/toolchain/14_2_Rel1/bin/../lib/gcc/arm-none-eabi/14.2.1/thumb/v6-m/nofp/crti.o
                0x10000284                _init
 *(EXCLUDE_FILE(*libm.a: *libc.a:*lib_a-mem*.o *libgcc.a:) .text*)
 .text.register_tm_clones
                0x10000288       0x28 /Users/admin/.pico-sdk/toolchain/14_2_Rel1/bin/../lib/gcc/arm-none-eabi/14.2.1/thumb/v6-m/nofp/crtbegin.o
 .text.frame_dummy
                0x100002b0       0x24 /Users/admin/.pico-sdk/toolchain/14_2_Rel1/bin/../lib/gcc/arm-none-eabi/14.2.1/thumb/v6-m/nofp/crtbegin.o
 .text._Z13init_lidar_rxv
                0x100002d4       0x58 CMakeFiles/rover_w.dir/src/lidar.cpp.o
                0x100002d4                init_lidar_rx()
 .text._ZN11LidarParser10parse_dataEh
                0x1000032c      0x13c CMakeFiles/rover_w.dir/src/lidar.cpp.o
                0x1000032c                LidarParser::parse_data(unsigned char)
 .text._Z12lidar_updatev
                0x10000468      0x158 CMakeFiles/rover_w.dir/src/lidar.cpp.o
                0x10000468                lidar_update()
 .text.startup._GLOBAL__sub_I__Z12lidar_updatev
                0x100005c0       0x40 CMakeFiles/rover_w.dir/src/lidar.cpp.o
 .text.startup.main
                0x10000600       0x24 CMakeFiles/rover_w.dir/src/rover_w.cpp.o
                0x10000600                main
 .text.startup._GLOBAL__sub_I_main
                0x10000624       0x40 CMakeFiles/rover_w.dir/src/rover_w.cpp.o
 .text._Z17init_data_sendingv
                0x10000664        0x8 CMakeFiles/rover_w.dir/src/sender.cpp.o
                0x10000664                init_data_sending()
 .text._Z9send_bytec
                0x1000066c        0x8 CMakeFiles/rover_w.dir/src/sender.cpp.o
                0x1000066c                send_byte(char)
 .text._Z10send_floatf
                0x10000674       0x28 CMakeFiles/rover_w.dir/src/sender.cpp.o
                0x10000674                send_float(float)
 .text._Z15init_debug_uartv
                0x1000069c       0x30 CMakeFiles/rover_w.dir/src/serial_debug.cpp.o
                0x1000069c                init_debug_uart()
 .text._Z16uart1_rx_handlerv
                0x100006cc       0x88 CMakeFiles/rover_w.dir/src/uart1_ringbuf.cpp.o
                0x100006cc                uart1_rx_handler()
 .text._Z11ringbuf_popPh
                0x10000754       0x34 CMakeFiles/rover_w.dir/src/uart1_ringbuf.cpp.o
                0x10000754                ringbuf_pop(unsigned char*)
 .text._Z26ringbuf_get_overflow_countv
                0x10000788        0xc CMakeFiles/rover_w.dir/src/uart1_ringbuf.cpp.o
                0x10000788                ringbuf_get_overflow_count()
 .text.startup._GLOBAL__sub_I__Z16uart1_rx_handlerv
                0x10000794       0x40 CMakeFiles/rover_w.dir/src/uart1_ringbuf.cpp.o
 .text.gpio_set_function
                0x100007d4       0x34 CMakeFiles/rover_w.dir/Users/admin/.pico-sdk/sdk/2.2.0/src/rp2_common/hardware_gpio/gpio.c.o
                0x100007d4                gpio_set_function
 .text.panic    0x10000808       0x30 CMakeFiles/rover_w.dir/Users/admin/.pico-sdk/sdk/2.2.0/src/rp2_common/pico_platform_panic/panic.c.o
                0x10000808                panic
 .text.hw_claim_or_assert
                0x10000838       0x44 CMakeFiles/rover_w.dir/Users/admin/.pico-sdk/sdk/2.2.0/src/common/hardware_claim/claim.c.o
                0x10000838                hw_claim_or_assert
 .text.next_striped_spin_lock_num
                0x1000087c       0x18 CMakeFiles/rover_w.dir/Users/admin/.pico-sdk/sdk/2.2.0/src/rp2_common/hardware_sync/sync.c.o
                0x1000087c                next_striped_spin_lock_num
 .text.spin_locks_reset
                0x10000894       0x1c CMakeFiles/rover_w.dir/Users/admin/.pico-sdk/sdk/2.2.0/src/rp2_common/hardware_sync_spin_lock/sync_spin_lock.c.o
                0x10000894                spin_locks_reset
 .text.runtime_init_per_core_irq_priorities
                0x100008b0       0x24 CMakeFiles/rover_w.dir/Users/admin/.pico-sdk/sdk/2.2.0/src/rp2_common/hardware_irq/irq.c.o
                0x100008b0                runtime_init_per_core_irq_priorities
 .text.irq_set_enabled
                0x100008d4       0x24 CMakeFiles/rover_w.dir/Users/admin/.pico-sdk/sdk/2.2.0/src/rp2_common/hardware_irq/irq.c.o
                0x100008d4                irq_set_enabled
 .text.irq_set_exclusive_handler
                0x100008f8       0x54 CMakeFiles/rover_w.dir/Users/admin/.pico-sdk/sdk/2.2.0/src/rp2_common/hardware_irq/irq.c.o
                0x100008f8                irq_set_exclusive_handler
 .text.irq_remove_handler
                0x1000094c      0x1d4 CMakeFiles/rover_w.dir/Users/admin/.pico-sdk/sdk/2.2.0/src/rp2_common/hardware_irq/irq.c.o
                0x1000094c                irq_remove_handler
 .text.irq_add_tail_to_free_list
                0x10000b20       0xb4 CMakeFiles/rover_w.dir/Users/admin/.pico-sdk/sdk/2.2.0/src/rp2_common/hardware_irq/irq.c.o
                0x10000b20                irq_add_tail_to_free_list
 .text.lock_init
                0x10000bd4       0x10 CMakeFiles/rover_w.dir/Users/admin/.pico-sdk/sdk/2.2.0/src/common/pico_sync/lock_core.c.o
                0x10000bd4                lock_init
 .text.runtime_init_mutex
                0x10000be4       0x50 CMakeFiles/rover_w.dir/Users/admin/.pico-sdk/sdk/2.2.0/src/common/pico_sync/mutex.c.o
                0x10000be4                runtime_init_mutex
 .text.sleep_until_callback
                0x10000c34       0x30 CMakeFiles/rover_w.dir/Users/admin/.pico-sdk/sdk/2.2.0/src/common/pico_time/time.c.o
 .text.alarm_pool_irq_handler
                0x10000c64      0x300 CMakeFiles/rover_w.dir/Users/admin/.pico-sdk/sdk/2.2.0/src/common/pico_time/time.c.o
 .text.runtime_init_default_alarm_pool
                0x10000f64       0xdc CMakeFiles/rover_w.dir/Users/admin/.pico-sdk/sdk/2.2.0/src/common/pico_time/time.c.o
                0x10000f64                runtime_init_default_alarm_pool
 .text.alarm_pool_add_alarm_at_force_in_context
                0x10001040       0xb0 CMakeFiles/rover_w.dir/Users/admin/.pico-sdk/sdk/2.2.0/src/common/pico_time/time.c.o
                0x10001040                alarm_pool_add_alarm_at_force_in_context
 .text.alarm_pool_cancel_alarm
                0x100010f0       0x74 CMakeFiles/rover_w.dir/Users/admin/.pico-sdk/sdk/2.2.0/src/common/pico_time/time.c.o
                0x100010f0                alarm_pool_cancel_alarm
 .text.sleep_ms
                0x10001164       0xfc CMakeFiles/rover_w.dir/Users/admin/.pico-sdk/sdk/2.2.0/src/common/pico_time/time.c.o
                0x10001164                sleep_ms
 .text.best_effort_wfe_or_timeout
                0x10001260      0x10c CMakeFiles/rover_w.dir/Users/admin/.pico-sdk/sdk/2.2.0/src/common/pico_time/time.c.o
                0x10001260                best_effort_wfe_or_timeout
 .text.timer_hardware_alarm_claim
                0x1000136c       0x14 CMakeFiles/rover_w.dir/Users/admin/.pico-sdk/sdk/2.2.0/src/rp2_common/hardware_timer/timer.c.o
                0x1000136c                timer_hardware_alarm_claim
 .text.timer_time_us_64
                0x10001380       0x10 CMakeFiles/rover_w.dir/Users/admin/.pico-sdk/sdk/2.2.0/src/rp2_common/hardware_timer/timer.c.o
                0x10001380                timer_time_us_64
 .text.time_us_64
                0x10001390       0x14 CMakeFiles/rover_w.dir/Users/admin/.pico-sdk/sdk/2.2.0/src/rp2_common/hardware_timer/timer.c.o
                0x10001390                time_us_64
 .text.busy_wait_us
                0x100013a4       0x68 CMakeFiles/rover_w.dir/Users/admin/.pico-sdk/sdk/2.2.0/src/rp2_common/hardware_timer/timer.c.o
                0x100013a4                busy_wait_us
 .text.busy_wait_until
                0x1000140c       0x20 CMakeFiles/rover_w.dir/Users/admin/.pico-sdk/sdk/2.2.0/src/rp2_common/hardware_timer/timer.c.o
                0x1000140c                busy_wait_until
 .text.uart_init
                0x1000142c      0x120 CMakeFiles/rover_w.dir/Users/admin/.pico-sdk/sdk/2.2.0/src/rp2_common/hardware_uart/uart.c.o
                0x1000142c                uart_init
 .text.uart_set_format
                0x1000154c       0x78 CMakeFiles/rover_w.dir/Users/admin/.pico-sdk/sdk/2.2.0/src/rp2_common/hardware_uart/uart.c.o
                0x1000154c                uart_set_format
 .text.uart_set_translate_crlf
                0x100015c4       0x28 CMakeFiles/rover_w.dir/Users/admin/.pico-sdk/sdk/2.2.0/src/rp2_common/hardware_uart/uart.c.o
                0x100015c4                uart_set_translate_crlf
 .text.clock_configure_int_divider
                0x100015ec       0xf4 CMakeFiles/rover_w.dir/Users/admin/.pico-sdk/sdk/2.2.0/src/rp2_common/hardware_clocks/clocks.c.o
                0x100015ec                clock_configure_int_divider
 .text.clock_configure_undivided
                0x100016e0       0xe8 CMakeFiles/rover_w.dir/Users/admin/.pico-sdk/sdk/2.2.0/src/rp2_common/hardware_clocks/clocks.c.o
                0x100016e0                clock_configure_undivided
 .text.clock_get_hz
                0x100017c8        0xc CMakeFiles/rover_w.dir/Users/admin/.pico-sdk/sdk/2.2.0/src/rp2_common/hardware_clocks/clocks.c.o
                0x100017c8                clock_get_hz
 .text.pll_init
                0x100017d4       0xa4 CMakeFiles/rover_w.dir/Users/admin/.pico-sdk/sdk/2.2.0/src/rp2_common/hardware_pll/pll.c.o
                0x100017d4                pll_init
 .text.tick_start
                0x10001878       0x10 CMakeFiles/rover_w.dir/Users/admin/.pico-sdk/sdk/2.2.0/src/rp2_common/hardware_ticks/ticks.c.o
                0x10001878                tick_start
 .text.rom_func_lookup
                0x10001888       0x10 CMakeFiles/rover_w.dir/Users/admin/.pico-sdk/sdk/2.2.0/src/rp2_common/pico_bootrom/bootrom.c.o
                0x10001888                rom_func_lookup
 .text.rom_data_lookup
                0x10001898       0x10 CMakeFiles/rover_w.dir/Users/admin/.pico-sdk/sdk/2.2.0/src/rp2_common/pico_bootrom/bootrom.c.o
                0x10001898                rom_data_lookup
 .text.rom_funcs_lookup
                0x100018a8       0x44 CMakeFiles/rover_w.dir/Users/admin/.pico-sdk/sdk/2.2.0/src/rp2_common/pico_bootrom/bootrom.c.o
                0x100018a8                rom_funcs_lookup
 .text.xosc_init
                0x100018ec       0x28 CMakeFiles/rover_w.dir/Users/admin/.pico-sdk/sdk/2.2.0/src/rp2_common/hardware_xosc/xosc.c.o
                0x100018ec                xosc_init
 .text.first_per_core_initializer
                0x10001914        0x4 CMakeFiles/rover_w.dir/Users/admin/.pico-sdk/sdk/2.2.0/src/rp2_common/pico_runtime/runtime.c.o
 .text.hard_assertion_failure
                0x10001918        0xc CMakeFiles/rover_w.dir/Users/admin/.pico-sdk/sdk/2.2.0/src/rp2_common/pico_runtime/runtime.c.o
                0x10001918                hard_assertion_failure
 .text.runtime_run_initializers
                0x10001924       0x28 CMakeFiles/rover_w.dir/Users/admin/.pico-sdk/sdk/2.2.0/src/rp2_common/pico_runtime/runtime.c.o
                0x10001924                runtime_run_initializers
 .text.runtime_init_early_resets
                0x1000194c       0x2c CMakeFiles/rover_w.dir/Users/admin/.pico-sdk/sdk/2.2.0/src/rp2_common/pico_runtime_init/runtime_init.c.o
                0x1000194c                runtime_init_early_resets
 .text.runtime_init_usb_power_down
                0x10001978       0x1c CMakeFiles/rover_w.dir/Users/admin/.pico-sdk/sdk/2.2.0/src/rp2_common/pico_runtime_init/runtime_init.c.o
                0x10001978                runtime_init_usb_power_down
 .text.runtime_init_post_clock_resets
                0x10001994       0x20 CMakeFiles/rover_w.dir/Users/admin/.pico-sdk/sdk/2.2.0/src/rp2_common/pico_runtime_init/runtime_init.c.o
                0x10001994                runtime_init_post_clock_resets
 .text.runtime_init_rp2040_gpio_ie_disable
                0x100019b4       0x14 CMakeFiles/rover_w.dir/Users/admin/.pico-sdk/sdk/2.2.0/src/rp2_common/pico_runtime_init/runtime_init.c.o
                0x100019b4                runtime_init_rp2040_gpio_ie_disable
 .text.runtime_init_spin_locks_reset
                0x100019c8        0x8 CMakeFiles/rover_w.dir/Users/admin/.pico-sdk/sdk/2.2.0/src/rp2_common/pico_runtime_init/runtime_init.c.o
                0x100019c8                runtime_init_spin_locks_reset
 .text.runtime_init_install_ram_vector_table
                0x100019d0       0xb4 CMakeFiles/rover_w.dir/Users/admin/.pico-sdk/sdk/2.2.0/src/rp2_common/pico_runtime_init/runtime_init.c.o
                0x100019d0                runtime_init_install_ram_vector_table
 .text.runtime_init_clocks
                0x10001a84       0xd8 CMakeFiles/rover_w.dir/Users/admin/.pico-sdk/sdk/2.2.0/src/rp2_common/pico_runtime_init/runtime_init_clocks.c.o
                0x10001a84                runtime_init_clocks
 .text          0x10001b5c       0x10 CMakeFiles/rover_w.dir/Users/admin/.pico-sdk/sdk/2.2.0/src/rp2_common/pico_bit_ops/bit_ops_aeabi.S.o
 .text.__wrap___aeabi_idiv
                0x10001b6c       0x50 CMakeFiles/rover_w.dir/Users/admin/.pico-sdk/sdk/2.2.0/src/rp2_common/pico_divider/divider_hardware.S.o
                0x10001b6c                __wrap___aeabi_idivmod
                0x10001b6c                divmod_s32s32
                0x10001b6c                div_s32s32
                0x10001b6c                __wrap___aeabi_idiv
                0x10001b74                divmod_s32s32_unsafe
                0x10001ba0                divmod_s32s32_savestate
 .text.__wrap___aeabi_uidiv
                0x10001bbc       0x4c CMakeFiles/rover_w.dir/Users/admin/.pico-sdk/sdk/2.2.0/src/rp2_common/pico_divider/divider_hardware.S.o
                0x10001bbc                __wrap___aeabi_uidiv
                0x10001bbc                __wrap___aeabi_uidivmod
                0x10001bbc                div_u32u32
                0x10001bbc                divmod_u32u32
                0x10001bc4                divmod_u32u32_unsafe
                0x10001bec                divmod_u32u32_savestate
 .text.__wrap___aeabi_ldiv
                0x10001c08      0x424 CMakeFiles/rover_w.dir/Users/admin/.pico-sdk/sdk/2.2.0/src/rp2_common/pico_divider/divider_hardware.S.o
                0x10001c08                __wrap___aeabi_ldivmod
                0x10001c08                div_s64s64
                0x10001c08                divmod_s64s64
                0x10001c38                divmod_u64u64
                0x10001c38                div_u64u64
                0x10001c38                __wrap___aeabi_uldivmod
                0x10001c48                divmod_u64u64_savestate
                0x10001c68                divmod_s64s64_unsafe
                0x10001cf0                divmod_u64u64_unsafe
 .text.__wrap___aeabi_darithmetic
                0x1000202c       0x60 CMakeFiles/rover_w.dir/Users/admin/.pico-sdk/sdk/2.2.0/src/rp2_common/pico_double/double_aeabi_rp2040.S.o
                0x1000202c                __wrap___aeabi_drsub
                0x10002032                __wrap___aeabi_dsub
                0x1000203c                __wrap___aeabi_dadd
                0x10002046                __wrap___aeabi_ddiv
                0x1000207a                __wrap___aeabi_dmul
 .text.__wrap___aeabi_cdcmple
                0x1000208c       0x6c CMakeFiles/rover_w.dir/Users/admin/.pico-sdk/sdk/2.2.0/src/rp2_common/pico_double/double_aeabi_rp2040.S.o
                0x1000208c                __wrap___aeabi_cdrcmple
                0x1000209c                __wrap___aeabi_cdcmple
                0x1000209c                __wrap___aeabi_cdcmpeq
 .text.__wrap___aeabi_dcmplt
                0x100020f8        0xc CMakeFiles/rover_w.dir/Users/admin/.pico-sdk/sdk/2.2.0/src/rp2_common/pico_double/double_aeabi_rp2040.S.o
                0x100020f8                __wrap___aeabi_dcmplt
 .text.__wrap___aeabi_dcmple
                0x10002104       0x10 CMakeFiles/rover_w.dir/Users/admin/.pico-sdk/sdk/2.2.0/src/rp2_common/pico_double/double_aeabi_rp2040.S.o
                0x10002104                __wrap___aeabi_dcmple
 .text.__wrap___aeabi_dcmpge
                0x10002114       0x10 CMakeFiles/rover_w.dir/Users/admin/.pico-sdk/sdk/2.2.0/src/rp2_common/pico_double/double_aeabi_rp2040.S.o
                0x10002114                __wrap___aeabi_dcmpge
 .text.__wrap___aeabi_dcmpgt
                0x10002124        0xa CMakeFiles/rover_w.dir/Users/admin/.pico-sdk/sdk/2.2.0/src/rp2_common/pico_double/double_aeabi_rp2040.S.o
                0x10002124                __wrap___aeabi_dcmpgt
 .text.__wrap___aeabi_dcmpun
                0x1000212e       0x18 CMakeFiles/rover_w.dir/Users/admin/.pico-sdk/sdk/2.2.0/src/rp2_common/pico_double/double_aeabi_rp2040.S.o
                0x1000212e                __wrap___aeabi_dcmpun
 *fill*         0x10002146        0x2 
 .text.__wrap___aeabi_i2d
                0x10002148       0x38 CMakeFiles/rover_w.dir/Users/admin/.pico-sdk/sdk/2.2.0/src/rp2_common/pico_double/double_aeabi_rp2040.S.o
                0x10002148                __wrap___aeabi_ui2d
                0x10002148                uint2double
                0x10002150                __wrap___aeabi_i2d
                0x10002150                int2double
 .text.__wrap___aeabi_d2iz
                0x10002180       0x48 CMakeFiles/rover_w.dir/Users/admin/.pico-sdk/sdk/2.2.0/src/rp2_common/pico_double/double_aeabi_rp2040.S.o
                0x10002180                __wrap___aeabi_d2iz
                0x10002180                double2int_z
 .text.__wrap___aeabi_d2uiz
                0x100021c8       0x10 CMakeFiles/rover_w.dir/Users/admin/.pico-sdk/sdk/2.2.0/src/rp2_common/pico_double/double_aeabi_rp2040.S.o
                0x100021c8                double2uint_z
                0x100021c8                double2uint
                0x100021c8                __wrap___aeabi_d2uiz
 .text.missing_double_func_shim
                0x100021d8        0xc CMakeFiles/rover_w.dir/Users/admin/.pico-sdk/sdk/2.2.0/src/rp2_common/pico_double/double_init_rom_rp2040.c.o
 .text.__aeabi_double_init
                0x100021e4       0xa0 CMakeFiles/rover_w.dir/Users/admin/.pico-sdk/sdk/2.2.0/src/rp2_common/pico_double/double_init_rom_rp2040.c.o
                0x100021e4                __aeabi_double_init
 .text.double_table_shim_on_use_helper
                0x10002284       0x2c CMakeFiles/rover_w.dir/Users/admin/.pico-sdk/sdk/2.2.0/src/rp2_common/pico_double/double_v1_rom_shim_rp2040.S.o
                0x10002284                double_table_shim_on_use_helper
 .text.__aeabi_lmul
                0x100022b0       0x32 CMakeFiles/rover_w.dir/Users/admin/.pico-sdk/sdk/2.2.0/src/rp2_common/pico_int64_ops/pico_int64_ops_aeabi.S.o
                0x100022b0                __wrap___aeabi_lmul
 *fill*         0x100022e2        0x2 
 .text.__wrap___aeabi_farithmetic
                0x100022e4       0x48 CMakeFiles/rover_w.dir/Users/admin/.pico-sdk/sdk/2.2.0/src/rp2_common/pico_float/float_aeabi_rp2040.S.o
                0x100022e4                __wrap___aeabi_frsub
                0x100022ea                __wrap___aeabi_fsub
                0x100022f0                __wrap___aeabi_fadd
                0x100022f6                __wrap___aeabi_fdiv
                0x1000231e                __wrap___aeabi_fmul
 .text.__wrap___aeabi_i2f
                0x1000232c       0x44 CMakeFiles/rover_w.dir/Users/admin/.pico-sdk/sdk/2.2.0/src/rp2_common/pico_float/float_aeabi_rp2040.S.o
                0x1000232c                int2float
                0x1000232c                __wrap___aeabi_i2f
 .text.__wrap___aeabi_f2d
                0x10002370        0xc CMakeFiles/rover_w.dir/Users/admin/.pico-sdk/sdk/2.2.0/src/rp2_common/pico_float/float_aeabi_rp2040.S.o
                0x10002370                __wrap___aeabi_f2d
 .text.missing_float_func_shim
                0x1000237c        0xc CMakeFiles/rover_w.dir/Users/admin/.pico-sdk/sdk/2.2.0/src/rp2_common/pico_float/float_init_rom_rp2040.c.o
 .text.__aeabi_float_init
                0x10002388       0x5c CMakeFiles/rover_w.dir/Users/admin/.pico-sdk/sdk/2.2.0/src/rp2_common/pico_float/float_init_rom_rp2040.c.o
                0x10002388                __aeabi_float_init
 .text          0x100023e4       0x10 CMakeFiles/rover_w.dir/Users/admin/.pico-sdk/sdk/2.2.0/src/rp2_common/pico_mem_ops/mem_ops_aeabi.S.o
                0x100023e4                __aeabi_mem_init
 .text.memset   0x100023f4        0xc CMakeFiles/rover_w.dir/Users/admin/.pico-sdk/sdk/2.2.0/src/rp2_common/pico_mem_ops/mem_ops_aeabi.S.o
                0x100023f4                __wrap_memset
 .text.memcpy   0x10002400        0xc CMakeFiles/rover_w.dir/Users/admin/.pico-sdk/sdk/2.2.0/src/rp2_common/pico_mem_ops/mem_ops_aeabi.S.o
                0x10002400                __wrap___aeabi_memcpy
                0x10002400                __wrap_memcpy
 .text._out_null
                0x1000240c        0x4 CMakeFiles/rover_w.dir/Users/admin/.pico-sdk/sdk/2.2.0/src/rp2_common/pico_printf/printf.c.o
 .text._out_rev
                0x10002410       0xac CMakeFiles/rover_w.dir/Users/admin/.pico-sdk/sdk/2.2.0/src/rp2_common/pico_printf/printf.c.o
 .text._ntoa_format
                0x100024bc      0x1cc CMakeFiles/rover_w.dir/Users/admin/.pico-sdk/sdk/2.2.0/src/rp2_common/pico_printf/printf.c.o
 .text._out_char
                0x10002688       0x10 CMakeFiles/rover_w.dir/Users/admin/.pico-sdk/sdk/2.2.0/src/rp2_common/pico_printf/printf.c.o
 .text._out_fct
                0x10002698       0x10 CMakeFiles/rover_w.dir/Users/admin/.pico-sdk/sdk/2.2.0/src/rp2_common/pico_printf/printf.c.o
 .text._ftoa    0x100026a8      0x4a8 CMakeFiles/rover_w.dir/Users/admin/.pico-sdk/sdk/2.2.0/src/rp2_common/pico_printf/printf.c.o
 .text._etoa    0x10002b50      0x57c CMakeFiles/rover_w.dir/Users/admin/.pico-sdk/sdk/2.2.0/src/rp2_common/pico_printf/printf.c.o
 .text._vsnprintf
                0x100030cc      0xbe0 CMakeFiles/rover_w.dir/Users/admin/.pico-sdk/sdk/2.2.0/src/rp2_common/pico_printf/printf.c.o
 .text.vfctprintf
                0x10003cac       0x24 CMakeFiles/rover_w.dir/Users/admin/.pico-sdk/sdk/2.2.0/src/rp2_common/pico_printf/printf.c.o
                0x10003cac                vfctprintf
 .text.weak_raw_vprintf
                0x10003cd0       0x30 CMakeFiles/rover_w.dir/Users/admin/.pico-sdk/sdk/2.2.0/src/rp2_common/pico_printf/printf.c.o
                0x10003cd0                weak_raw_vprintf
 .text._exit    0x10003d00        0x4 CMakeFiles/rover_w.dir/Users/admin/.pico-sdk/sdk/2.2.0/src/rp2_common/pico_clib_interface/newlib_interface.c.o
                0x10003d00                _exit
 .text.exit     0x10003d04        0x8 CMakeFiles/rover_w.dir/Users/admin/.pico-sdk/sdk/2.2.0/src/rp2_common/pico_clib_interface/newlib_interface.c.o
                0x10003d04                exit
 .text.runtime_init
                0x10003d0c       0x2c CMakeFiles/rover_w.dir/Users/admin/.pico-sdk/sdk/2.2.0/src/rp2_common/pico_clib_interface/newlib_interface.c.o
                0x10003d0c                runtime_init
 .text.stdio_out_chars_no_crlf
                0x10003d38       0x10 CMakeFiles/rover_w.dir/Users/admin/.pico-sdk/sdk/2.2.0/src/rp2_common/pico_stdio/stdio.c.o
 .text.stdio_out_chars_crlf
                0x10003d48       0xb0 CMakeFiles/rover_w.dir/Users/admin/.pico-sdk/sdk/2.2.0/src/rp2_common/pico_stdio/stdio.c.o
 .text.stdio_buffered_printer
                0x10003df8       0x64 CMakeFiles/rover_w.dir/Users/admin/.pico-sdk/sdk/2.2.0/src/rp2_common/pico_stdio/stdio.c.o
 .text.stdio_put_string
                0x10003e5c       0xfc CMakeFiles/rover_w.dir/Users/admin/.pico-sdk/sdk/2.2.0/src/rp2_common/pico_stdio/stdio.c.o
                0x10003e5c                stdio_put_string
 .text.stdio_putchar_raw
                0x10003f58       0x94 CMakeFiles/rover_w.dir/Users/admin/.pico-sdk/sdk/2.2.0/src/rp2_common/pico_stdio/stdio.c.o
                0x10003f58                stdio_putchar_raw
 .text.stdio_set_driver_enabled
                0x10003fec       0x30 CMakeFiles/rover_w.dir/Users/admin/.pico-sdk/sdk/2.2.0/src/rp2_common/pico_stdio/stdio.c.o
                0x10003fec                stdio_set_driver_enabled
 .text.__wrap_putchar
                0x1000401c       0x94 CMakeFiles/rover_w.dir/Users/admin/.pico-sdk/sdk/2.2.0/src/rp2_common/pico_stdio/stdio.c.o
                0x1000401c                stdio_putchar
                0x1000401c                __wrap_putchar
 .text.__wrap_puts
                0x100040b0       0x3c CMakeFiles/rover_w.dir/Users/admin/.pico-sdk/sdk/2.2.0/src/rp2_common/pico_stdio/stdio.c.o
                0x100040b0                __wrap_puts
                0x100040b0                stdio_puts
 .text.__wrap_vprintf
                0x100040ec       0xcc CMakeFiles/rover_w.dir/Users/admin/.pico-sdk/sdk/2.2.0/src/rp2_common/pico_stdio/stdio.c.o
                0x100040ec                __wrap_vprintf
                0x100040ec                stdio_vprintf
 .text.__wrap_printf
                0x100041b8       0x18 CMakeFiles/rover_w.dir/Users/admin/.pico-sdk/sdk/2.2.0/src/rp2_common/pico_stdio/stdio.c.o
                0x100041b8                stdio_printf
                0x100041b8                __wrap_printf
 .text.stdio_uart_out_chars
                0x100041d0       0x4c CMakeFiles/rover_w.dir/Users/admin/.pico-sdk/sdk/2.2.0/src/rp2_common/pico_stdio_uart/stdio_uart.c.o
 .text.stdio_uart_in_chars
                0x1000421c       0x90 CMakeFiles/rover_w.dir/Users/admin/.pico-sdk/sdk/2.2.0/src/rp2_common/pico_stdio_uart/stdio_uart.c.o
                0x1000421c                stdio_uart_in_chars
 .text.on_uart_rx
                0x100042ac       0x28 CMakeFiles/rover_w.dir/Users/admin/.pico-sdk/sdk/2.2.0/src/rp2_common/pico_stdio_uart/stdio_uart.c.o
 .text.stdio_uart_out_flush
                0x100042d4       0x14 CMakeFiles/rover_w.dir/Users/admin/.pico-sdk/sdk/2.2.0/src/rp2_common/pico_stdio_uart/stdio_uart.c.o
 .text.stdio_uart_set_chars_available_callback
                0x100042e8       0x84 CMakeFiles/rover_w.dir/Users/admin/.pico-sdk/sdk/2.2.0/src/rp2_common/pico_stdio_uart/stdio_uart.c.o
 .text.stdio_uart_init_full
                0x1000436c       0x3c CMakeFiles/rover_w.dir/Users/admin/.pico-sdk/sdk/2.2.0/src/rp2_common/pico_stdio_uart/stdio_uart.c.o
                0x1000436c                stdio_uart_init_full
 .text.startup._retrieve_unique_id_on_boot
                0x100043a8       0x10 CMakeFiles/rover_w.dir/Users/admin/.pico-sdk/sdk/2.2.0/src/rp2_common/pico_unique_id/unique_id.c.o
 .text.flash_get_unique_id
                0x100043b8       0x3c CMakeFiles/rover_w.dir/Users/admin/.pico-sdk/sdk/2.2.0/src/rp2_common/hardware_flash/flash.c.o
                0x100043b8                flash_get_unique_id
 .text.strlen   0x100043f4       0x5c /Users/admin/.pico-sdk/toolchain/14_2_Rel1/bin/../lib/gcc/arm-none-eabi/14.2.1/../../../../arm-none-eabi/lib/thumb/v6-m/nofp/libg.a(libc_a-strlen-stub.o)
                0x100043f4                strlen
 *(.fini)
 .fini          0x10004450        0x4 /Users/admin/.pico-sdk/toolchain/14_2_Rel1/bin/../lib/gcc/arm-none-eabi/14.2.1/thumb/v6-m/nofp/crti.o
                0x10004450                _fini
 *fill*         0x10004454        0x4 
 .fini.__stub   0x10004458       0x50 linker stubs
 *crtbegin.o(.ctors)
 *crtbegin?.o(.ctors)
 *(EXCLUDE_FILE(*crtend.o *crtend?.o) .ctors)
 *(SORT_BY_NAME(.ctors.*))
 *(.ctors)
 *crtbegin.o(.dtors)
 *crtbegin?.o(.dtors)
 *(EXCLUDE_FILE(*crtend.o *crtend?.o) .dtors)
 *(SORT_BY_NAME(.dtors.*))
 *(.dtors)
                0x100044a8                        . = ALIGN (0x4)
                0x100044a8                        PROVIDE (__preinit_array_start = .)
 *(SORT_BY_NAME(.preinit_array.*))
 .preinit_array.00100
                0x100044a8        0x4 CMakeFiles/rover_w.dir/Users/admin/.pico-sdk/sdk/2.2.0/src/rp2_common/pico_runtime_init/runtime_init.c.o
                0x100044a8                __pre_init_runtime_init_early_resets
 .preinit_array.00101
                0x100044ac        0x4 CMakeFiles/rover_w.dir/Users/admin/.pico-sdk/sdk/2.2.0/src/rp2_common/pico_runtime_init/runtime_init.c.o
                0x100044ac                __pre_init_runtime_init_usb_power_down
 .preinit_array.00275
                0x100044b0        0x4 CMakeFiles/rover_w.dir/Users/admin/.pico-sdk/sdk/2.2.0/src/rp2_common/pico_bit_ops/bit_ops_aeabi.S.o
 .preinit_array.00300
                0x100044b4        0x4 CMakeFiles/rover_w.dir/Users/admin/.pico-sdk/sdk/2.2.0/src/rp2_common/pico_mem_ops/mem_ops_aeabi.S.o
 .preinit_array.00350
                0x100044b8        0x4 CMakeFiles/rover_w.dir/Users/admin/.pico-sdk/sdk/2.2.0/src/rp2_common/pico_double/double_aeabi_rp2040.S.o
 .preinit_array.00350
                0x100044bc        0x4 CMakeFiles/rover_w.dir/Users/admin/.pico-sdk/sdk/2.2.0/src/rp2_common/pico_float/float_aeabi_rp2040.S.o
 .preinit_array.00500
                0x100044c0        0x4 CMakeFiles/rover_w.dir/Users/admin/.pico-sdk/sdk/2.2.0/src/rp2_common/pico_runtime_init/runtime_init.c.o
                0x100044c0                __pre_init_runtime_init_clocks
 .preinit_array.00600
                0x100044c4        0x4 CMakeFiles/rover_w.dir/Users/admin/.pico-sdk/sdk/2.2.0/src/rp2_common/pico_runtime_init/runtime_init.c.o
                0x100044c4                __pre_init_runtime_init_post_clock_resets
 .preinit_array.00700
                0x100044c8        0x4 CMakeFiles/rover_w.dir/Users/admin/.pico-sdk/sdk/2.2.0/src/rp2_common/pico_runtime_init/runtime_init.c.o
                0x100044c8                __pre_init_runtime_init_rp2040_gpio_ie_disable
 .preinit_array.01000
                0x100044cc        0x4 CMakeFiles/rover_w.dir/Users/admin/.pico-sdk/sdk/2.2.0/src/rp2_common/pico_runtime_init/runtime_init.c.o
                0x100044cc                __pre_init_runtime_init_spin_locks_reset
 .preinit_array.01100
                0x100044d0        0x4 CMakeFiles/rover_w.dir/Users/admin/.pico-sdk/sdk/2.2.0/src/common/pico_sync/mutex.c.o
                0x100044d0                __pre_init_runtime_init_mutex
 .preinit_array.10080
                0x100044d4        0x4 CMakeFiles/rover_w.dir/Users/admin/.pico-sdk/sdk/2.2.0/src/rp2_common/pico_runtime_init/runtime_init.c.o
                0x100044d4                __pre_init_runtime_init_install_ram_vector_table
 .preinit_array.11000
                0x100044d8        0x4 CMakeFiles/rover_w.dir/Users/admin/.pico-sdk/sdk/2.2.0/src/common/pico_time/time.c.o
                0x100044d8                __pre_init_runtime_init_default_alarm_pool
 .preinit_array.YYYYY
                0x100044dc        0x4 CMakeFiles/rover_w.dir/Users/admin/.pico-sdk/sdk/2.2.0/src/rp2_common/pico_runtime/runtime.c.o
                0x100044dc                __pre_init_first_per_core_initializer
 .preinit_array.ZZZZZ.01200
                0x100044e0        0x4 CMakeFiles/rover_w.dir/Users/admin/.pico-sdk/sdk/2.2.0/src/rp2_common/hardware_irq/irq.c.o
                0x100044e0                __pre_init_runtime_init_per_core_irq_priorities
 *(.preinit_array)
                0x100044e4                        PROVIDE (__preinit_array_end = .)
                0x100044e4                        . = ALIGN (0x4)
                0x100044e4                        PROVIDE (__init_array_start = .)
 *(SORT_BY_NAME(.init_array.*))
 .init_array.01000
                0x100044e4        0x4 CMakeFiles/rover_w.dir/Users/admin/.pico-sdk/sdk/2.2.0/src/rp2_common/pico_unique_id/unique_id.c.o
 *(.init_array)
 .init_array    0x100044e8        0x4 /Users/admin/.pico-sdk/toolchain/14_2_Rel1/bin/../lib/gcc/arm-none-eabi/14.2.1/thumb/v6-m/nofp/crtbegin.o
 .init_array    0x100044ec        0x4 CMakeFiles/rover_w.dir/src/lidar.cpp.o
 .init_array    0x100044f0        0x4 CMakeFiles/rover_w.dir/src/rover_w.cpp.o
 .init_array    0x100044f4        0x4 CMakeFiles/rover_w.dir/src/uart1_ringbuf.cpp.o
                0x100044f8                        PROVIDE (__init_array_end = .)
                0x100044f8                        . = ALIGN (0x4)
                [!provide]                        PROVIDE (__fini_array_start = .)
 *(SORT_BY_NAME(.fini_array.*))
 *(.fini_array)
                [!provide]                        PROVIDE (__fini_array_end = .)
 *(.eh_frame*)
 .eh_frame      0x100044f8        0x0 /Users/admin/.pico-sdk/toolchain/14_2_Rel1/bin/../lib/gcc/arm-none-eabi/14.2.1/thumb/v6-m/nofp/crtbegin.o
                0x100044f8                        . = ALIGN (0x4)

.glue_7         0x100044f8        0x0
 .glue_7        0x100044f8        0x0 linker stubs

.glue_7t        0x100044f8        0x0
 .glue_7t       0x100044f8        0x0 linker stubs

.vfp11_veneer   0x100044f8        0x0
 .vfp11_veneer  0x100044f8        0x0 linker stubs

.v4_bx          0x100044f8        0x0
 .v4_bx         0x100044f8        0x0 linker stubs

.iplt           0x100044f8        0x0
 .iplt          0x100044f8        0x0 /Users/admin/.pico-sdk/toolchain/14_2_Rel1/bin/../lib/gcc/arm-none-eabi/14.2.1/thumb/v6-m/nofp/crtbegin.o

.rodata         0x100044f8      0x37c
 *(EXCLUDE_FILE(*libm.a: *libc.a:*lib_a-mem*.o *libgcc.a:) .rodata*)
 .rodata._ZN11LidarParser10parse_dataEh.str1.4
                0x100044f8       0xed CMakeFiles/rover_w.dir/src/lidar.cpp.o
                                  0x7 (size before relaxing)
 *fill*         0x100045e5        0x3 
 .rodata._ZN11LidarParser10parse_dataEh
                0x100045e8       0x14 CMakeFiles/rover_w.dir/src/lidar.cpp.o
 .rodata._ZN11LidarParser10parse_byteEh.str1.4
                0x100045fc        0x9 CMakeFiles/rover_w.dir/src/lidar.cpp.o
 .rodata._Z12lidar_updatev.str1.4
                0x100045fc       0x16 CMakeFiles/rover_w.dir/src/lidar.cpp.o
 .rodata._Z12lidar_updatev
                0x100045fc       0x24 CMakeFiles/rover_w.dir/src/lidar.cpp.o
 .rodata.main.str1.4
                0x10004620       0x12 CMakeFiles/rover_w.dir/src/rover_w.cpp.o
 .rodata.panic.str1.4
                0x10004620       0x12 CMakeFiles/rover_w.dir/Users/admin/.pico-sdk/sdk/2.2.0/src/rp2_common/pico_platform_panic/panic.c.o
 .rodata.timer_hardware_alarm_claim.str1.4
                0x10004620       0x22 CMakeFiles/rover_w.dir/Users/admin/.pico-sdk/sdk/2.2.0/src/rp2_common/hardware_timer/timer.c.o
 .rodata.hard_assertion_failure.str1.4
                0x10004620        0xc CMakeFiles/rover_w.dir/Users/admin/.pico-sdk/sdk/2.2.0/src/rp2_common/pico_runtime/runtime.c.o
 .rodata.missing_double_func_shim.str1.4
                0x10004620       0x18 CMakeFiles/rover_w.dir/Users/admin/.pico-sdk/sdk/2.2.0/src/rp2_common/pico_double/double_init_rom_rp2040.c.o
 .rodata.missing_float_func_shim.str1.4
                0x10004620        0x1 CMakeFiles/rover_w.dir/Users/admin/.pico-sdk/sdk/2.2.0/src/rp2_common/pico_float/float_init_rom_rp2040.c.o
 .rodata.str1.4
                0x10004620       0x40 CMakeFiles/rover_w.dir/Users/admin/.pico-sdk/sdk/2.2.0/src/rp2_common/pico_standard_binary_info/standard_binary_info.c.o
 .rodata.__bi_84
                0x10004620        0xc CMakeFiles/rover_w.dir/Users/admin/.pico-sdk/sdk/2.2.0/src/rp2_common/pico_standard_binary_info/standard_binary_info.c.o
 .rodata.__bi_78
                0x1000462c        0xc CMakeFiles/rover_w.dir/Users/admin/.pico-sdk/sdk/2.2.0/src/rp2_common/pico_standard_binary_info/standard_binary_info.c.o
 .rodata.__bi_60
                0x10004638        0xc CMakeFiles/rover_w.dir/Users/admin/.pico-sdk/sdk/2.2.0/src/rp2_common/pico_standard_binary_info/standard_binary_info.c.o
 .rodata.__bi_54
                0x10004644        0xc CMakeFiles/rover_w.dir/Users/admin/.pico-sdk/sdk/2.2.0/src/rp2_common/pico_standard_binary_info/standard_binary_info.c.o
 .rodata.__bi_48
                0x10004650        0xc CMakeFiles/rover_w.dir/Users/admin/.pico-sdk/sdk/2.2.0/src/rp2_common/pico_standard_binary_info/standard_binary_info.c.o
 .rodata.__bi_42
                0x1000465c        0xc CMakeFiles/rover_w.dir/Users/admin/.pico-sdk/sdk/2.2.0/src/rp2_common/pico_standard_binary_info/standard_binary_info.c.o
 .rodata.__bi_34
                0x10004668        0xc CMakeFiles/rover_w.dir/Users/admin/.pico-sdk/sdk/2.2.0/src/rp2_common/pico_standard_binary_info/standard_binary_info.c.o
 .rodata.__bi_26
                0x10004674        0xc CMakeFiles/rover_w.dir/Users/admin/.pico-sdk/sdk/2.2.0/src/rp2_common/pico_standard_binary_info/standard_binary_info.c.o
 .rodata._ftoa.str1.4
                0x10004680       0x15 CMakeFiles/rover_w.dir/Users/admin/.pico-sdk/sdk/2.2.0/src/rp2_common/pico_printf/printf.c.o
 .rodata._vsnprintf
                0x10004680      0x19c CMakeFiles/rover_w.dir/Users/admin/.pico-sdk/sdk/2.2.0/src/rp2_common/pico_printf/printf.c.o
 *fill*         0x1000481c        0x4 
 .rodata.pow10.0
                0x10004820       0x50 CMakeFiles/rover_w.dir/Users/admin/.pico-sdk/sdk/2.2.0/src/rp2_common/pico_printf/printf.c.o
 .rodata.crlf_str.0
                0x10004870        0x2 CMakeFiles/rover_w.dir/Users/admin/.pico-sdk/sdk/2.2.0/src/rp2_common/pico_stdio/stdio.c.o
                0x10004874                        . = ALIGN (0x4)
 *fill*         0x10004872        0x2 
 *(SORT_BY_ALIGNMENT(SORT_BY_NAME(.flashdata*)))
                0x10004874                        . = ALIGN (0x4)

.ARM.extab
 *(.ARM.extab* .gnu.linkonce.armextab.*)
                0x10004874                        __exidx_start = .

.ARM.exidx
 *(.ARM.exidx* .gnu.linkonce.armexidx.*)
                0x10004874                        __exidx_end = .
                0x10004874                        . = ALIGN (0x4)
                0x10004874                        __binary_info_start = .

.binary_info    0x10004874       0x20
 *(.binary_info.keep.*)
 .binary_info.keep.__bi_ptr84
                0x10004874        0x4 CMakeFiles/rover_w.dir/Users/admin/.pico-sdk/sdk/2.2.0/src/rp2_common/pico_standard_binary_info/standard_binary_info.c.o
 .binary_info.keep.__bi_ptr78
                0x10004878        0x4 CMakeFiles/rover_w.dir/Users/admin/.pico-sdk/sdk/2.2.0/src/rp2_common/pico_standard_binary_info/standard_binary_info.c.o
 .binary_info.keep.__bi_ptr60
                0x1000487c        0x4 CMakeFiles/rover_w.dir/Users/admin/.pico-sdk/sdk/2.2.0/src/rp2_common/pico_standard_binary_info/standard_binary_info.c.o
 .binary_info.keep.__bi_ptr54
                0x10004880        0x4 CMakeFiles/rover_w.dir/Users/admin/.pico-sdk/sdk/2.2.0/src/rp2_common/pico_standard_binary_info/standard_binary_info.c.o
 .binary_info.keep.__bi_ptr48
                0x10004884        0x4 CMakeFiles/rover_w.dir/Users/admin/.pico-sdk/sdk/2.2.0/src/rp2_common/pico_standard_binary_info/standard_binary_info.c.o
 .binary_info.keep.__bi_ptr42
                0x10004888        0x4 CMakeFiles/rover_w.dir/Users/admin/.pico-sdk/sdk/2.2.0/src/rp2_common/pico_standard_binary_info/standard_binary_info.c.o
 .binary_info.keep.__bi_ptr34
                0x1000488c        0x4 CMakeFiles/rover_w.dir/Users/admin/.pico-sdk/sdk/2.2.0/src/rp2_common/pico_standard_binary_info/standard_binary_info.c.o
 .binary_info.keep.__bi_ptr26
                0x10004890        0x4 CMakeFiles/rover_w.dir/Users/admin/.pico-sdk/sdk/2.2.0/src/rp2_common/pico_standard_binary_info/standard_binary_info.c.o
 *(.binary_info.*)
                0x10004894                        __binary_info_end = .
                0x10004894                        . = ALIGN (0x4)

.ram_vector_table
                0x20000000       0xc0
 *(.ram_vector_table)
 .ram_vector_table
                0x20000000       0xc0 CMakeFiles/rover_w.dir/Users/admin/.pico-sdk/sdk/2.2.0/src/rp2_common/pico_runtime_init/runtime_init.c.o
                0x20000000                ram_vector_table

.uninitialized_data
                0x200000c0        0x0
                0x200000c0                        . = ALIGN (0x4)
 *(.uninitialized_data*)

.data           0x200000c0      0x370 load address 0x10004894
                0x200000c0                        __data_start__ = .
 *(vtable)
 *(.time_critical*)
 .time_critical.mutex_try_enter_block_until
                0x200000c0       0x98 CMakeFiles/rover_w.dir/Users/admin/.pico-sdk/sdk/2.2.0/src/common/pico_sync/mutex.c.o
                0x200000c0                mutex_try_enter_block_until
 .time_critical.mutex_exit
                0x20000158       0x28 CMakeFiles/rover_w.dir/Users/admin/.pico-sdk/sdk/2.2.0/src/common/pico_sync/mutex.c.o
                0x20000158                mutex_exit
 .time_critical.flash_init_boot2_copyout
                0x20000180       0x30 CMakeFiles/rover_w.dir/Users/admin/.pico-sdk/sdk/2.2.0/src/rp2_common/hardware_flash/flash.c.o
 .time_critical.flash_enable_xip_via_boot2
                0x200001b0        0xc CMakeFiles/rover_w.dir/Users/admin/.pico-sdk/sdk/2.2.0/src/rp2_common/hardware_flash/flash.c.o
 .time_critical.flash_save_hardware_state
                0x200001bc       0x20 CMakeFiles/rover_w.dir/Users/admin/.pico-sdk/sdk/2.2.0/src/rp2_common/hardware_flash/flash.c.o
 .time_critical.flash_restore_hardware_state
                0x200001dc       0x20 CMakeFiles/rover_w.dir/Users/admin/.pico-sdk/sdk/2.2.0/src/rp2_common/hardware_flash/flash.c.o
 .time_critical.flash_cs_force
                0x200001fc       0x38 CMakeFiles/rover_w.dir/Users/admin/.pico-sdk/sdk/2.2.0/src/rp2_common/hardware_flash/flash.c.o
 .time_critical.flash_do_cmd
                0x20000234      0x13c CMakeFiles/rover_w.dir/Users/admin/.pico-sdk/sdk/2.2.0/src/rp2_common/hardware_flash/flash.c.o
                0x20000234                flash_do_cmd
 *(.text*)
 .text          0x20000370        0x4 /Users/admin/.pico-sdk/toolchain/14_2_Rel1/bin/../lib/gcc/arm-none-eabi/14.2.1/thumb/v6-m/nofp/libgcc.a(_dvmd_tls.o)
                0x20000370                __aeabi_ldiv0
                0x20000370                __aeabi_idiv0
 *fill*         0x20000374        0x4 
 .text.__stub   0x20000378       0x10 linker stubs
                0x20000388                        . = ALIGN (0x4)
 *(.rodata*)
                0x20000388                        . = ALIGN (0x4)
 *(.data*)
 .data.striped_spin_lock_num
                0x20000388        0x1 CMakeFiles/rover_w.dir/Users/admin/.pico-sdk/sdk/2.2.0/src/rp2_common/hardware_sync/sync.c.o
 *fill*         0x20000389        0x3 
 .data          0x2000038c       0x48 CMakeFiles/rover_w.dir/Users/admin/.pico-sdk/sdk/2.2.0/src/rp2_common/hardware_irq/irq_handler_chain.S.o
                0x2000038c                irq_handler_chain_slots
                0x200003bc                irq_handler_chain_first_slot
                0x200003c6                irq_handler_chain_remove_tail
 .data.default_alarm_pool
                0x200003d4       0x18 CMakeFiles/rover_w.dir/Users/admin/.pico-sdk/sdk/2.2.0/src/common/pico_time/time.c.o
 *fill*         0x200003ec        0x4 
 .data.aeabi_bits_funcs
                0x200003f0       0x10 CMakeFiles/rover_w.dir/Users/admin/.pico-sdk/sdk/2.2.0/src/rp2_common/pico_bit_ops/bit_ops_aeabi.S.o
                0x200003f0                aeabi_bits_funcs
                0x20000400                aeabi_bits_funcs_end
 .data.aeabi_mem_funcs
                0x20000400       0x10 CMakeFiles/rover_w.dir/Users/admin/.pico-sdk/sdk/2.2.0/src/rp2_common/pico_mem_ops/mem_ops_aeabi.S.o
                0x20000400                aeabi_mem_funcs
                0x20000410                aeabi_mem_funcs_end
 .data.stdio_uart
                0x20000410       0x18 CMakeFiles/rover_w.dir/Users/admin/.pico-sdk/sdk/2.2.0/src/rp2_common/pico_stdio_uart/stdio_uart.c.o
                0x20000410                stdio_uart
                0x20000428                        . = ALIGN (0x4)
 *(.after_data.*)
                0x20000428                        . = ALIGN (0x4)
                0x20000428                        PROVIDE (__mutex_array_start = .)
 *(SORT_BY_NAME(.mutex_array.*))
 *(.mutex_array)
 .mutex_array   0x20000428        0x8 CMakeFiles/rover_w.dir/Users/admin/.pico-sdk/sdk/2.2.0/src/rp2_common/pico_stdio/stdio.c.o
                0x20000430                        PROVIDE (__mutex_array_end = .)
                0x20000430                        . = ALIGN (0x4)
 *(.jcr)
                0x20000430                        . = ALIGN (0x4)

.tm_clone_table
                0x20000430        0x0 load address 0x10004c04
 .tm_clone_table
                0x20000430        0x0 /Users/admin/.pico-sdk/toolchain/14_2_Rel1/bin/../lib/gcc/arm-none-eabi/14.2.1/thumb/v6-m/nofp/crtbegin.o
 .tm_clone_table
                0x20000430        0x0 /Users/admin/.pico-sdk/toolchain/14_2_Rel1/bin/../lib/gcc/arm-none-eabi/14.2.1/thumb/v6-m/nofp/crtend.o

.igot.plt       0x20000430        0x0 load address 0x10004c04
 .igot.plt      0x20000430        0x0 /Users/admin/.pico-sdk/toolchain/14_2_Rel1/bin/../lib/gcc/arm-none-eabi/14.2.1/thumb/v6-m/nofp/crtbegin.o

.tdata          0x20000430        0x0 load address 0x10004c04
                0x20000430                        . = ALIGN (0x4)
 *(.tdata .tdata.* .gnu.linkonce.td.*)
                0x20000430                        __tdata_end = .
                0x20000430                        PROVIDE (__data_end__ = .)
                0x10004894                        __etext = LOADADDR (.data)

.tbss           0x20000430        0x0 load address 0x10004c04
                0x20000430                        . = ALIGN (0x4)
                0x20000430                        __bss_start__ = .
                0x20000430                        __tls_base = .
 *(.tbss .tbss.* .gnu.linkonce.tb.*)
 *(.tcommon)
                0x20000430                        __tls_end = .

.bss            0x20000430      0x960 load address 0x10004c04
                0x20000430                        . = ALIGN (0x4)
                0x20000430                        __tbss_end = .
 *(SORT_BY_ALIGNMENT(SORT_BY_NAME(.bss*)))
 .bss.default_alarm_pool_entries
                0x20000430      0x180 CMakeFiles/rover_w.dir/Users/admin/.pico-sdk/sdk/2.2.0/src/common/pico_time/time.c.o
 .bss.sd_table  0x200005b0      0x100 CMakeFiles/rover_w.dir/Users/admin/.pico-sdk/sdk/2.2.0/src/rp2_common/pico_double/double_init_rom_rp2040.c.o
                0x200005b0                sd_table
 .bss._ZGV12lidar_parser
                0x200006b0        0x4 CMakeFiles/rover_w.dir/src/lidar.cpp.o
                0x200006b0                guard variable for lidar_parser
 .bss._ZL6rx_buf
                0x200006b4      0x400 CMakeFiles/rover_w.dir/src/uart1_ringbuf.cpp.o
 .bss._ZZN11LidarParser10parse_dataEhE5count
                0x20000ab4        0x4 CMakeFiles/rover_w.dir/src/lidar.cpp.o
 .bss.boot2_copyout
                0x20000ab8      0x100 CMakeFiles/rover_w.dir/Users/admin/.pico-sdk/sdk/2.2.0/src/rp2_common/hardware_flash/flash.c.o
 .bss.chars_available_callback
                0x20000bb8        0x4 CMakeFiles/rover_w.dir/Users/admin/.pico-sdk/sdk/2.2.0/src/rp2_common/pico_stdio_uart/stdio_uart.c.o
 .bss.chars_available_param
                0x20000bbc        0x4 CMakeFiles/rover_w.dir/Users/admin/.pico-sdk/sdk/2.2.0/src/rp2_common/pico_stdio_uart/stdio_uart.c.o
 .bss.claimed   0x20000bc0        0x1 CMakeFiles/rover_w.dir/Users/admin/.pico-sdk/sdk/2.2.0/src/rp2_common/hardware_timer/timer.c.o
 *fill*         0x20000bc1        0x3 
 .bss.configured_freq
                0x20000bc4       0x28 CMakeFiles/rover_w.dir/Users/admin/.pico-sdk/sdk/2.2.0/src/rp2_common/hardware_clocks/clocks.c.o
 .bss.drivers   0x20000bec        0x4 CMakeFiles/rover_w.dir/Users/admin/.pico-sdk/sdk/2.2.0/src/rp2_common/pico_stdio/stdio.c.o
 .bss.filter    0x20000bf0        0x4 CMakeFiles/rover_w.dir/Users/admin/.pico-sdk/sdk/2.2.0/src/rp2_common/pico_stdio/stdio.c.o
 .bss.lazy_vsnprintf
                0x20000bf4        0x4 CMakeFiles/rover_w.dir/Users/admin/.pico-sdk/sdk/2.2.0/src/rp2_common/pico_printf/printf.c.o
 .bss.lidar_parser
                0x20000bf8       0x4c CMakeFiles/rover_w.dir/src/lidar.cpp.o
                0x20000bf8                lidar_parser
 .bss.object.0  0x20000c44       0x18 /Users/admin/.pico-sdk/toolchain/14_2_Rel1/bin/../lib/gcc/arm-none-eabi/14.2.1/thumb/v6-m/nofp/crtbegin.o
 .bss.pools     0x20000c5c       0x10 CMakeFiles/rover_w.dir/Users/admin/.pico-sdk/sdk/2.2.0/src/common/pico_time/time.c.o
 .bss.retrieved_id
                0x20000c6c        0x8 CMakeFiles/rover_w.dir/Users/admin/.pico-sdk/sdk/2.2.0/src/rp2_common/pico_unique_id/unique_id.c.o
 .bss.sf_clz_func
                0x20000c74        0x4 CMakeFiles/rover_w.dir/Users/admin/.pico-sdk/sdk/2.2.0/src/rp2_common/pico_double/double_init_rom_rp2040.c.o
                0x20000c74                sf_clz_func
 .bss.sf_table  0x20000c78      0x100 CMakeFiles/rover_w.dir/Users/admin/.pico-sdk/sdk/2.2.0/src/rp2_common/pico_float/float_init_rom_rp2040.c.o
                0x20000c78                sf_table
 .bss.sleep_notifier
                0x20000d78        0x4 CMakeFiles/rover_w.dir/Users/admin/.pico-sdk/sdk/2.2.0/src/common/pico_time/time.c.o
 .bss.uart_char_to_line_feed
                0x20000d7c        0x4 CMakeFiles/rover_w.dir/Users/admin/.pico-sdk/sdk/2.2.0/src/rp2_common/hardware_uart/uart.c.o
                0x20000d7c                uart_char_to_line_feed
 .bss.uart_instance
                0x20000d80        0x4 CMakeFiles/rover_w.dir/Users/admin/.pico-sdk/sdk/2.2.0/src/rp2_common/pico_stdio_uart/stdio_uart.c.o
 .bss._ZL17rb_overflow_count
                0x20000d84        0x2 CMakeFiles/rover_w.dir/src/uart1_ringbuf.cpp.o
 .bss._ZL7rb_head
                0x20000d86        0x2 CMakeFiles/rover_w.dir/src/uart1_ringbuf.cpp.o
 .bss._ZL7rb_tail
                0x20000d88        0x2 CMakeFiles/rover_w.dir/src/uart1_ringbuf.cpp.o
 .bss._ZZ12lidar_updatevE1n
                0x20000d8a        0x2 CMakeFiles/rover_w.dir/src/lidar.cpp.o
 .bss.boot2_copyout_valid
                0x20000d8c        0x1 CMakeFiles/rover_w.dir/Users/admin/.pico-sdk/sdk/2.2.0/src/rp2_common/hardware_flash/flash.c.o
 .bss.irq_handler_chain_free_slot_head
                0x20000d8d        0x1 CMakeFiles/rover_w.dir/Users/admin/.pico-sdk/sdk/2.2.0/src/rp2_common/hardware_irq/irq.c.o
 *(COMMON)
                0x20000d90                        . = ALIGN (0x4)
 *fill*         0x20000d8e        0x2 
                0x20000d90                        __bss_end__ = .

.heap           0x20000d90      0x800 load address 0x10004c04
                0x20000d90                        __end__ = .
                0x20000d90                        end = __end__
 *(.heap*)
 .heap          0x20000d90      0x800 CMakeFiles/rover_w.dir/Users/admin/.pico-sdk/sdk/2.2.0/src/rp2_common/pico_crt0/crt0.S.o
                0x20040000                        __HeapLimit = (ORIGIN (RAM) + LENGTH (RAM))

.scratch_x      0x20040000        0x0 load address 0x10004c04
                0x20040000                        __scratch_x_start__ = .
 *(.scratch_x.*)
                0x20040000                        . = ALIGN (0x4)
                0x20040000                        __scratch_x_end__ = .
                0x10004c04                        __scratch_x_source__ = LOADADDR (.scratch_x)

.scratch_y      0x20041000        0x0 load address 0x10004c04
                0x20041000                        __scratch_y_start__ = .
 *(.scratch_y.*)
                0x20041000                        . = ALIGN (0x4)
                0x20041000                        __scratch_y_end__ = .
                0x10004c04                        __scratch_y_source__ = LOADADDR (.scratch_y)

.stack1_dummy
 *(.stack1*)

.stack_dummy    0x20041000      0x800
 *(.stack*)
 .stack         0x20041000      0x800 CMakeFiles/rover_w.dir/Users/admin/.pico-sdk/sdk/2.2.0/src/rp2_common/pico_crt0/crt0.S.o

.rel.dyn        0x20041800        0x0
 .rel.iplt      0x20041800        0x0 /Users/admin/.pico-sdk/toolchain/14_2_Rel1/bin/../lib/gcc/arm-none-eabi/14.2.1/thumb/v6-m/nofp/crtbegin.o

.flash_end      0x10004c04        0x0
 *(.embedded_end_block*)
                0x10004c04                        PROVIDE (__flash_binary_end = .)
                0x20040000                        __StackLimit = (ORIGIN (RAM) + LENGTH (RAM))
                0x20041000                        __StackOneTop = (ORIGIN (SCRATCH_X) + LENGTH (SCRATCH_X))
                0x20042000                        __StackTop = (ORIGIN (SCRATCH_Y) + LENGTH (SCRATCH_Y))
                0x20041000                        __StackOneBottom = (__StackOneTop - SIZEOF (.stack1_dummy))
                0x20041800                        __StackBottom = (__StackTop - SIZEOF (.stack_dummy))
                0x20042000                        PROVIDE (__stack = __StackTop)
                [!provide]                        PROVIDE (__heap_start = __end__)
                [!provide]                        PROVIDE (__heap_end = __HeapLimit)
                [!provide]                        PROVIDE (__tls_align = MAX (ALIGNOF (.tdata), ALIGNOF (.tbss)))
                [!provide]                        PROVIDE (__tls_size_align = (((__tls_size + __tls_align) - 0x1) & ~ ((__tls_align - 0x1))))
                [!provide]                        PROVIDE (__arm32_tls_tcb_offset = MAX (0x8, __tls_align))
                [!provide]                        PROVIDE (_end = __end__)
                [!provide]                        PROVIDE (__llvm_libc_heap_limit = __HeapLimit)
                0x00000001                        ASSERT ((__StackLimit >= __HeapLimit), region RAM overflowed)
                0x00000001                        ASSERT (((__binary_info_header_end - __logical_binary_start) <= 0x100), Binary info must be in first 256 bytes of the binary)
LOAD CMakeFiles/rover_w.dir/src/dir.cpp.o
LOAD CMakeFiles/rover_w.dir/src/lidar.cpp.o
LOAD CMakeFiles/rover_w.dir/src/pwm.cpp.o
LOAD CMakeFiles/rover_w.dir/src/rover_w.cpp.o
LOAD CMakeFiles/rover_w.dir/src/sender.cpp.o
LOAD CMakeFiles/rover_w.dir/src/serial_debug.cpp.o
LOAD CMakeFiles/rover_w.dir/src/uart1_ringbuf.cpp.o
LOAD CMakeFiles/rover_w.dir/Users/admin/.pico-sdk/sdk/2.2.0/src/rp2_common/pico_stdlib/stdlib.c.o
LOAD CMakeFiles/rover_w.dir/Users/admin/.pico-sdk/sdk/2.2.0/src/rp2_common/hardware_gpio/gpio.c.o
LOAD CMakeFiles/rover_w.dir/Users/admin/.pico-sdk/sdk/2.2.0/src/rp2040/pico_platform/platform.c.o
LOAD CMakeFiles/rover_w.dir/Users/admin/.pico-sdk/sdk/2.2.0/src/rp2_common/pico_platform_common/common.c.o
LOAD CMakeFiles/rover_w.dir/Users/admin/.pico-sdk/sdk/2.2.0/src/rp2_common/pico_platform_panic/panic.c.o
LOAD CMakeFiles/rover_w.dir/Users/admin/.pico-sdk/sdk/2.2.0/src/common/hardware_claim/claim.c.o
LOAD CMakeFiles/rover_w.dir/Users/admin/.pico-sdk/sdk/2.2.0/src/rp2_common/hardware_sync/sync.c.o
LOAD CMakeFiles/rover_w.dir/Users/admin/.pico-sdk/sdk/2.2.0/src/rp2_common/hardware_sync_spin_lock/sync_spin_lock.c.o
LOAD CMakeFiles/rover_w.dir/Users/admin/.pico-sdk/sdk/2.2.0/src/rp2_common/hardware_irq/irq.c.o
LOAD CMakeFiles/rover_w.dir/Users/admin/.pico-sdk/sdk/2.2.0/src/rp2_common/hardware_irq/irq_handler_chain.S.o
LOAD CMakeFiles/rover_w.dir/Users/admin/.pico-sdk/sdk/2.2.0/src/common/pico_sync/sem.c.o
LOAD CMakeFiles/rover_w.dir/Users/admin/.pico-sdk/sdk/2.2.0/src/common/pico_sync/lock_core.c.o
LOAD CMakeFiles/rover_w.dir/Users/admin/.pico-sdk/sdk/2.2.0/src/common/pico_sync/mutex.c.o
LOAD CMakeFiles/rover_w.dir/Users/admin/.pico-sdk/sdk/2.2.0/src/common/pico_sync/critical_section.c.o
LOAD CMakeFiles/rover_w.dir/Users/admin/.pico-sdk/sdk/2.2.0/src/common/pico_time/time.c.o
LOAD CMakeFiles/rover_w.dir/Users/admin/.pico-sdk/sdk/2.2.0/src/common/pico_time/timeout_helper.c.o
LOAD CMakeFiles/rover_w.dir/Users/admin/.pico-sdk/sdk/2.2.0/src/rp2_common/hardware_timer/timer.c.o
LOAD CMakeFiles/rover_w.dir/Users/admin/.pico-sdk/sdk/2.2.0/src/common/pico_util/datetime.c.o
LOAD CMakeFiles/rover_w.dir/Users/admin/.pico-sdk/sdk/2.2.0/src/common/pico_util/pheap.c.o
LOAD CMakeFiles/rover_w.dir/Users/admin/.pico-sdk/sdk/2.2.0/src/common/pico_util/queue.c.o
LOAD CMakeFiles/rover_w.dir/Users/admin/.pico-sdk/sdk/2.2.0/src/rp2_common/hardware_uart/uart.c.o
LOAD CMakeFiles/rover_w.dir/Users/admin/.pico-sdk/sdk/2.2.0/src/rp2_common/hardware_clocks/clocks.c.o
LOAD CMakeFiles/rover_w.dir/Users/admin/.pico-sdk/sdk/2.2.0/src/rp2_common/hardware_pll/pll.c.o
LOAD CMakeFiles/rover_w.dir/Users/admin/.pico-sdk/sdk/2.2.0/src/rp2_common/hardware_vreg/vreg.c.o
LOAD CMakeFiles/rover_w.dir/Users/admin/.pico-sdk/sdk/2.2.0/src/rp2_common/hardware_watchdog/watchdog.c.o
LOAD CMakeFiles/rover_w.dir/Users/admin/.pico-sdk/sdk/2.2.0/src/rp2_common/hardware_ticks/ticks.c.o
LOAD CMakeFiles/rover_w.dir/Users/admin/.pico-sdk/sdk/2.2.0/src/rp2_common/pico_bootrom/bootrom.c.o
LOAD CMakeFiles/rover_w.dir/Users/admin/.pico-sdk/sdk/2.2.0/src/rp2_common/pico_bootrom/bootrom_lock.c.o
LOAD CMakeFiles/rover_w.dir/Users/admin/.pico-sdk/sdk/2.2.0/src/rp2_common/hardware_boot_lock/boot_lock.c.o
LOAD CMakeFiles/rover_w.dir/Users/admin/.pico-sdk/sdk/2.2.0/src/rp2_common/pico_flash/flash.c.o
LOAD CMakeFiles/rover_w.dir/Users/admin/.pico-sdk/sdk/2.2.0/src/rp2_common/hardware_xosc/xosc.c.o
LOAD CMakeFiles/rover_w.dir/Users/admin/.pico-sdk/sdk/2.2.0/src/rp2_common/hardware_divider/divider.S.o
LOAD CMakeFiles/rover_w.dir/Users/admin/.pico-sdk/sdk/2.2.0/src/rp2_common/pico_runtime/runtime.c.o
LOAD CMakeFiles/rover_w.dir/Users/admin/.pico-sdk/sdk/2.2.0/src/rp2_common/pico_runtime_init/runtime_init.c.o
LOAD CMakeFiles/rover_w.dir/Users/admin/.pico-sdk/sdk/2.2.0/src/rp2_common/pico_runtime_init/runtime_init_clocks.c.o
LOAD CMakeFiles/rover_w.dir/Users/admin/.pico-sdk/sdk/2.2.0/src/rp2_common/pico_runtime_init/runtime_init_stack_guard.c.o
LOAD CMakeFiles/rover_w.dir/Users/admin/.pico-sdk/sdk/2.2.0/src/rp2_common/pico_bit_ops/bit_ops_aeabi.S.o
LOAD CMakeFiles/rover_w.dir/Users/admin/.pico-sdk/sdk/2.2.0/src/rp2_common/pico_divider/divider_hardware.S.o
LOAD CMakeFiles/rover_w.dir/Users/admin/.pico-sdk/sdk/2.2.0/src/rp2_common/pico_double/double_aeabi_rp2040.S.o
LOAD CMakeFiles/rover_w.dir/Users/admin/.pico-sdk/sdk/2.2.0/src/rp2_common/pico_double/double_init_rom_rp2040.c.o
LOAD CMakeFiles/rover_w.dir/Users/admin/.pico-sdk/sdk/2.2.0/src/rp2_common/pico_double/double_math.c.o
LOAD CMakeFiles/rover_w.dir/Users/admin/.pico-sdk/sdk/2.2.0/src/rp2_common/pico_double/double_v1_rom_shim_rp2040.S.o
LOAD CMakeFiles/rover_w.dir/Users/admin/.pico-sdk/sdk/2.2.0/src/rp2_common/pico_int64_ops/pico_int64_ops_aeabi.S.o
LOAD CMakeFiles/rover_w.dir/Users/admin/.pico-sdk/sdk/2.2.0/src/rp2_common/pico_float/float_aeabi_rp2040.S.o
LOAD CMakeFiles/rover_w.dir/Users/admin/.pico-sdk/sdk/2.2.0/src/rp2_common/pico_float/float_init_rom_rp2040.c.o
LOAD CMakeFiles/rover_w.dir/Users/admin/.pico-sdk/sdk/2.2.0/src/rp2_common/pico_float/float_math.c.o
LOAD CMakeFiles/rover_w.dir/Users/admin/.pico-sdk/sdk/2.2.0/src/rp2_common/pico_float/float_v1_rom_shim_rp2040.S.o
LOAD CMakeFiles/rover_w.dir/Users/admin/.pico-sdk/sdk/2.2.0/src/rp2_common/pico_malloc/malloc.c.o
LOAD CMakeFiles/rover_w.dir/Users/admin/.pico-sdk/sdk/2.2.0/src/rp2_common/pico_mem_ops/mem_ops_aeabi.S.o
LOAD CMakeFiles/rover_w.dir/Users/admin/.pico-sdk/sdk/2.2.0/src/rp2_common/pico_atomic/atomic.c.o
LOAD CMakeFiles/rover_w.dir/Users/admin/.pico-sdk/sdk/2.2.0/src/rp2_common/pico_cxx_options/new_delete.cpp.o
LOAD CMakeFiles/rover_w.dir/Users/admin/.pico-sdk/sdk/2.2.0/src/rp2_common/pico_standard_binary_info/standard_binary_info.c.o
LOAD CMakeFiles/rover_w.dir/Users/admin/.pico-sdk/sdk/2.2.0/src/rp2_common/pico_printf/printf.c.o
LOAD CMakeFiles/rover_w.dir/Users/admin/.pico-sdk/sdk/2.2.0/src/rp2_common/pico_crt0/crt0.S.o
LOAD CMakeFiles/rover_w.dir/Users/admin/.pico-sdk/sdk/2.2.0/src/rp2_common/pico_clib_interface/newlib_interface.c.o
LOAD CMakeFiles/rover_w.dir/Users/admin/.pico-sdk/sdk/2.2.0/src/rp2_common/pico_stdio/stdio.c.o
LOAD CMakeFiles/rover_w.dir/Users/admin/.pico-sdk/sdk/2.2.0/src/rp2_common/pico_stdio_uart/stdio_uart.c.o
LOAD CMakeFiles/rover_w.dir/Users/admin/.pico-sdk/sdk/2.2.0/src/rp2_common/pico_stdio_usb/reset_interface.c.o
LOAD CMakeFiles/rover_w.dir/Users/admin/.pico-sdk/sdk/2.2.0/src/rp2_common/pico_stdio_usb/stdio_usb.c.o
LOAD CMakeFiles/rover_w.dir/Users/admin/.pico-sdk/sdk/2.2.0/src/rp2_common/pico_stdio_usb/stdio_usb_descriptors.c.o
LOAD CMakeFiles/rover_w.dir/Users/admin/.pico-sdk/sdk/2.2.0/src/rp2_common/pico_unique_id/unique_id.c.o
LOAD CMakeFiles/rover_w.dir/Users/admin/.pico-sdk/sdk/2.2.0/src/rp2_common/hardware_flash/flash.c.o
LOAD CMakeFiles/rover_w.dir/Users/admin/.pico-sdk/sdk/2.2.0/src/rp2_common/hardware_xip_cache/xip_cache.c.o
LOAD CMakeFiles/rover_w.dir/Users/admin/.pico-sdk/sdk/2.2.0/lib/tinyusb/src/portable/raspberrypi/rp2040/dcd_rp2040.c.o
LOAD CMakeFiles/rover_w.dir/Users/admin/.pico-sdk/sdk/2.2.0/lib/tinyusb/src/portable/raspberrypi/rp2040/rp2040_usb.c.o
LOAD CMakeFiles/rover_w.dir/Users/admin/.pico-sdk/sdk/2.2.0/lib/tinyusb/src/device/usbd.c.o
LOAD CMakeFiles/rover_w.dir/Users/admin/.pico-sdk/sdk/2.2.0/lib/tinyusb/src/device/usbd_control.c.o
LOAD CMakeFiles/rover_w.dir/Users/admin/.pico-sdk/sdk/2.2.0/lib/tinyusb/src/class/audio/audio_device.c.o
LOAD CMakeFiles/rover_w.dir/Users/admin/.pico-sdk/sdk/2.2.0/lib/tinyusb/src/class/cdc/cdc_device.c.o
LOAD CMakeFiles/rover_w.dir/Users/admin/.pico-sdk/sdk/2.2.0/lib/tinyusb/src/class/dfu/dfu_device.c.o
LOAD CMakeFiles/rover_w.dir/Users/admin/.pico-sdk/sdk/2.2.0/lib/tinyusb/src/class/dfu/dfu_rt_device.c.o
LOAD CMakeFiles/rover_w.dir/Users/admin/.pico-sdk/sdk/2.2.0/lib/tinyusb/src/class/hid/hid_device.c.o
LOAD CMakeFiles/rover_w.dir/Users/admin/.pico-sdk/sdk/2.2.0/lib/tinyusb/src/class/midi/midi_device.c.o
LOAD CMakeFiles/rover_w.dir/Users/admin/.pico-sdk/sdk/2.2.0/lib/tinyusb/src/class/msc/msc_device.c.o
LOAD CMakeFiles/rover_w.dir/Users/admin/.pico-sdk/sdk/2.2.0/lib/tinyusb/src/class/net/ecm_rndis_device.c.o
LOAD CMakeFiles/rover_w.dir/Users/admin/.pico-sdk/sdk/2.2.0/lib/tinyusb/src/class/net/ncm_device.c.o
LOAD CMakeFiles/rover_w.dir/Users/admin/.pico-sdk/sdk/2.2.0/lib/tinyusb/src/class/usbtmc/usbtmc_device.c.o
LOAD CMakeFiles/rover_w.dir/Users/admin/.pico-sdk/sdk/2.2.0/lib/tinyusb/src/class/vendor/vendor_device.c.o
LOAD CMakeFiles/rover_w.dir/Users/admin/.pico-sdk/sdk/2.2.0/lib/tinyusb/src/class/video/video_device.c.o
LOAD CMakeFiles/rover_w.dir/Users/admin/.pico-sdk/sdk/2.2.0/lib/tinyusb/src/tusb.c.o
LOAD CMakeFiles/rover_w.dir/Users/admin/.pico-sdk/sdk/2.2.0/lib/tinyusb/src/common/tusb_fifo.c.o
LOAD CMakeFiles/rover_w.dir/Users/admin/.pico-sdk/sdk/2.2.0/src/rp2_common/pico_fix/rp2040_usb_device_enumeration/rp2040_usb_device_enumeration.c.o
LOAD CMakeFiles/rover_w.dir/Users/admin/.pico-sdk/sdk/2.2.0/src/rp2_common/pico_lwip/lwip_nosys.c.o
LOAD CMakeFiles/rover_w.dir/Users/admin/.pico-sdk/sdk/2.2.0/src/rp2_common/pico_async_context/async_context_base.c.o
LOAD CMakeFiles/rover_w.dir/Users/admin/.pico-sdk/sdk/2.2.0/src/rp2_common/pico_rand/rand.c.o
LOAD CMakeFiles/rover_w.dir/Users/admin/.pico-sdk/sdk/2.2.0/lib/lwip/src/core/init.c.o
LOAD CMakeFiles/rover_w.dir/Users/admin/.pico-sdk/sdk/2.2.0/lib/lwip/src/core/def.c.o
LOAD CMakeFiles/rover_w.dir/Users/admin/.pico-sdk/sdk/2.2.0/lib/lwip/src/core/dns.c.o
LOAD CMakeFiles/rover_w.dir/Users/admin/.pico-sdk/sdk/2.2.0/lib/lwip/src/core/inet_chksum.c.o
LOAD CMakeFiles/rover_w.dir/Users/admin/.pico-sdk/sdk/2.2.0/lib/lwip/src/core/ip.c.o
LOAD CMakeFiles/rover_w.dir/Users/admin/.pico-sdk/sdk/2.2.0/lib/lwip/src/core/mem.c.o
LOAD CMakeFiles/rover_w.dir/Users/admin/.pico-sdk/sdk/2.2.0/lib/lwip/src/core/memp.c.o
LOAD CMakeFiles/rover_w.dir/Users/admin/.pico-sdk/sdk/2.2.0/lib/lwip/src/core/netif.c.o
LOAD CMakeFiles/rover_w.dir/Users/admin/.pico-sdk/sdk/2.2.0/lib/lwip/src/core/pbuf.c.o
LOAD CMakeFiles/rover_w.dir/Users/admin/.pico-sdk/sdk/2.2.0/lib/lwip/src/core/raw.c.o
LOAD CMakeFiles/rover_w.dir/Users/admin/.pico-sdk/sdk/2.2.0/lib/lwip/src/core/stats.c.o
LOAD CMakeFiles/rover_w.dir/Users/admin/.pico-sdk/sdk/2.2.0/lib/lwip/src/core/sys.c.o
LOAD CMakeFiles/rover_w.dir/Users/admin/.pico-sdk/sdk/2.2.0/lib/lwip/src/core/altcp.c.o
LOAD CMakeFiles/rover_w.dir/Users/admin/.pico-sdk/sdk/2.2.0/lib/lwip/src/core/altcp_alloc.c.o
LOAD CMakeFiles/rover_w.dir/Users/admin/.pico-sdk/sdk/2.2.0/lib/lwip/src/core/altcp_tcp.c.o
LOAD CMakeFiles/rover_w.dir/Users/admin/.pico-sdk/sdk/2.2.0/lib/lwip/src/core/tcp.c.o
LOAD CMakeFiles/rover_w.dir/Users/admin/.pico-sdk/sdk/2.2.0/lib/lwip/src/core/tcp_in.c.o
LOAD CMakeFiles/rover_w.dir/Users/admin/.pico-sdk/sdk/2.2.0/lib/lwip/src/core/tcp_out.c.o
LOAD CMakeFiles/rover_w.dir/Users/admin/.pico-sdk/sdk/2.2.0/lib/lwip/src/core/timeouts.c.o
LOAD CMakeFiles/rover_w.dir/Users/admin/.pico-sdk/sdk/2.2.0/lib/lwip/src/core/udp.c.o
LOAD CMakeFiles/rover_w.dir/Users/admin/.pico-sdk/sdk/2.2.0/lib/lwip/src/core/ipv4/autoip.c.o
LOAD CMakeFiles/rover_w.dir/Users/admin/.pico-sdk/sdk/2.2.0/lib/lwip/src/core/ipv4/dhcp.c.o
LOAD CMakeFiles/rover_w.dir/Users/admin/.pico-sdk/sdk/2.2.0/lib/lwip/src/core/ipv4/etharp.c.o
LOAD CMakeFiles/rover_w.dir/Users/admin/.pico-sdk/sdk/2.2.0/lib/lwip/src/core/ipv4/icmp.c.o
LOAD CMakeFiles/rover_w.dir/Users/admin/.pico-sdk/sdk/2.2.0/lib/lwip/src/core/ipv4/igmp.c.o
LOAD CMakeFiles/rover_w.dir/Users/admin/.pico-sdk/sdk/2.2.0/lib/lwip/src/core/ipv4/ip4_frag.c.o
LOAD CMakeFiles/rover_w.dir/Users/admin/.pico-sdk/sdk/2.2.0/lib/lwip/src/core/ipv4/ip4.c.o
LOAD CMakeFiles/rover_w.dir/Users/admin/.pico-sdk/sdk/2.2.0/lib/lwip/src/core/ipv4/ip4_addr.c.o
LOAD CMakeFiles/rover_w.dir/Users/admin/.pico-sdk/sdk/2.2.0/lib/lwip/src/core/ipv4/acd.c.o
LOAD CMakeFiles/rover_w.dir/Users/admin/.pico-sdk/sdk/2.2.0/lib/lwip/src/core/ipv6/dhcp6.c.o
LOAD CMakeFiles/rover_w.dir/Users/admin/.pico-sdk/sdk/2.2.0/lib/lwip/src/core/ipv6/ethip6.c.o
LOAD CMakeFiles/rover_w.dir/Users/admin/.pico-sdk/sdk/2.2.0/lib/lwip/src/core/ipv6/icmp6.c.o
LOAD CMakeFiles/rover_w.dir/Users/admin/.pico-sdk/sdk/2.2.0/lib/lwip/src/core/ipv6/inet6.c.o
LOAD CMakeFiles/rover_w.dir/Users/admin/.pico-sdk/sdk/2.2.0/lib/lwip/src/core/ipv6/ip6.c.o
LOAD CMakeFiles/rover_w.dir/Users/admin/.pico-sdk/sdk/2.2.0/lib/lwip/src/core/ipv6/ip6_addr.c.o
LOAD CMakeFiles/rover_w.dir/Users/admin/.pico-sdk/sdk/2.2.0/lib/lwip/src/core/ipv6/ip6_frag.c.o
LOAD CMakeFiles/rover_w.dir/Users/admin/.pico-sdk/sdk/2.2.0/lib/lwip/src/core/ipv6/mld6.c.o
LOAD CMakeFiles/rover_w.dir/Users/admin/.pico-sdk/sdk/2.2.0/lib/lwip/src/core/ipv6/nd6.c.o
LOAD CMakeFiles/rover_w.dir/Users/admin/.pico-sdk/sdk/2.2.0/lib/lwip/src/api/api_lib.c.o
LOAD CMakeFiles/rover_w.dir/Users/admin/.pico-sdk/sdk/2.2.0/lib/lwip/src/api/api_msg.c.o
LOAD CMakeFiles/rover_w.dir/Users/admin/.pico-sdk/sdk/2.2.0/lib/lwip/src/api/err.c.o
LOAD CMakeFiles/rover_w.dir/Users/admin/.pico-sdk/sdk/2.2.0/lib/lwip/src/api/if_api.c.o
LOAD CMakeFiles/rover_w.dir/Users/admin/.pico-sdk/sdk/2.2.0/lib/lwip/src/api/netbuf.c.o
LOAD CMakeFiles/rover_w.dir/Users/admin/.pico-sdk/sdk/2.2.0/lib/lwip/src/api/netdb.c.o
LOAD CMakeFiles/rover_w.dir/Users/admin/.pico-sdk/sdk/2.2.0/lib/lwip/src/api/netifapi.c.o
LOAD CMakeFiles/rover_w.dir/Users/admin/.pico-sdk/sdk/2.2.0/lib/lwip/src/api/sockets.c.o
LOAD CMakeFiles/rover_w.dir/Users/admin/.pico-sdk/sdk/2.2.0/lib/lwip/src/api/tcpip.c.o
LOAD CMakeFiles/rover_w.dir/Users/admin/.pico-sdk/sdk/2.2.0/lib/lwip/src/netif/ethernet.c.o
LOAD CMakeFiles/rover_w.dir/Users/admin/.pico-sdk/sdk/2.2.0/lib/lwip/src/netif/bridgeif.c.o
LOAD CMakeFiles/rover_w.dir/Users/admin/.pico-sdk/sdk/2.2.0/lib/lwip/src/netif/bridgeif_fdb.c.o
LOAD CMakeFiles/rover_w.dir/Users/admin/.pico-sdk/sdk/2.2.0/lib/lwip/src/netif/slipif.c.o
LOAD CMakeFiles/rover_w.dir/Users/admin/.pico-sdk/sdk/2.2.0/lib/lwip/src/netif/lowpan6_common.c.o
LOAD CMakeFiles/rover_w.dir/Users/admin/.pico-sdk/sdk/2.2.0/lib/lwip/src/netif/lowpan6.c.o
LOAD CMakeFiles/rover_w.dir/Users/admin/.pico-sdk/sdk/2.2.0/lib/lwip/src/netif/lowpan6_ble.c.o
LOAD CMakeFiles/rover_w.dir/Users/admin/.pico-sdk/sdk/2.2.0/lib/lwip/src/netif/zepif.c.o
LOAD CMakeFiles/rover_w.dir/Users/admin/.pico-sdk/sdk/2.2.0/lib/lwip/src/netif/ppp/auth.c.o
LOAD CMakeFiles/rover_w.dir/Users/admin/.pico-sdk/sdk/2.2.0/lib/lwip/src/netif/ppp/ccp.c.o
LOAD CMakeFiles/rover_w.dir/Users/admin/.pico-sdk/sdk/2.2.0/lib/lwip/src/netif/ppp/chap-md5.c.o
LOAD CMakeFiles/rover_w.dir/Users/admin/.pico-sdk/sdk/2.2.0/lib/lwip/src/netif/ppp/chap_ms.c.o
LOAD CMakeFiles/rover_w.dir/Users/admin/.pico-sdk/sdk/2.2.0/lib/lwip/src/netif/ppp/chap-new.c.o
LOAD CMakeFiles/rover_w.dir/Users/admin/.pico-sdk/sdk/2.2.0/lib/lwip/src/netif/ppp/demand.c.o
LOAD CMakeFiles/rover_w.dir/Users/admin/.pico-sdk/sdk/2.2.0/lib/lwip/src/netif/ppp/eap.c.o
LOAD CMakeFiles/rover_w.dir/Users/admin/.pico-sdk/sdk/2.2.0/lib/lwip/src/netif/ppp/ecp.c.o
LOAD CMakeFiles/rover_w.dir/Users/admin/.pico-sdk/sdk/2.2.0/lib/lwip/src/netif/ppp/eui64.c.o
LOAD CMakeFiles/rover_w.dir/Users/admin/.pico-sdk/sdk/2.2.0/lib/lwip/src/netif/ppp/fsm.c.o
LOAD CMakeFiles/rover_w.dir/Users/admin/.pico-sdk/sdk/2.2.0/lib/lwip/src/netif/ppp/ipcp.c.o
LOAD CMakeFiles/rover_w.dir/Users/admin/.pico-sdk/sdk/2.2.0/lib/lwip/src/netif/ppp/ipv6cp.c.o
LOAD CMakeFiles/rover_w.dir/Users/admin/.pico-sdk/sdk/2.2.0/lib/lwip/src/netif/ppp/lcp.c.o
LOAD CMakeFiles/rover_w.dir/Users/admin/.pico-sdk/sdk/2.2.0/lib/lwip/src/netif/ppp/magic.c.o
LOAD CMakeFiles/rover_w.dir/Users/admin/.pico-sdk/sdk/2.2.0/lib/lwip/src/netif/ppp/mppe.c.o
LOAD CMakeFiles/rover_w.dir/Users/admin/.pico-sdk/sdk/2.2.0/lib/lwip/src/netif/ppp/multilink.c.o
LOAD CMakeFiles/rover_w.dir/Users/admin/.pico-sdk/sdk/2.2.0/lib/lwip/src/netif/ppp/ppp.c.o
LOAD CMakeFiles/rover_w.dir/Users/admin/.pico-sdk/sdk/2.2.0/lib/lwip/src/netif/ppp/pppapi.c.o
LOAD CMakeFiles/rover_w.dir/Users/admin/.pico-sdk/sdk/2.2.0/lib/lwip/src/netif/ppp/pppcrypt.c.o
LOAD CMakeFiles/rover_w.dir/Users/admin/.pico-sdk/sdk/2.2.0/lib/lwip/src/netif/ppp/pppoe.c.o
LOAD CMakeFiles/rover_w.dir/Users/admin/.pico-sdk/sdk/2.2.0/lib/lwip/src/netif/ppp/pppol2tp.c.o
LOAD CMakeFiles/rover_w.dir/Users/admin/.pico-sdk/sdk/2.2.0/lib/lwip/src/netif/ppp/pppos.c.o
LOAD CMakeFiles/rover_w.dir/Users/admin/.pico-sdk/sdk/2.2.0/lib/lwip/src/netif/ppp/upap.c.o
LOAD CMakeFiles/rover_w.dir/Users/admin/.pico-sdk/sdk/2.2.0/lib/lwip/src/netif/ppp/utils.c.o
LOAD CMakeFiles/rover_w.dir/Users/admin/.pico-sdk/sdk/2.2.0/lib/lwip/src/netif/ppp/vj.c.o
LOAD CMakeFiles/rover_w.dir/Users/admin/.pico-sdk/sdk/2.2.0/lib/lwip/src/netif/ppp/polarssl/arc4.c.o
LOAD CMakeFiles/rover_w.dir/Users/admin/.pico-sdk/sdk/2.2.0/lib/lwip/src/netif/ppp/polarssl/des.c.o
LOAD CMakeFiles/rover_w.dir/Users/admin/.pico-sdk/sdk/2.2.0/lib/lwip/src/netif/ppp/polarssl/md4.c.o
LOAD CMakeFiles/rover_w.dir/Users/admin/.pico-sdk/sdk/2.2.0/lib/lwip/src/netif/ppp/polarssl/md5.c.o
LOAD CMakeFiles/rover_w.dir/Users/admin/.pico-sdk/sdk/2.2.0/lib/lwip/src/netif/ppp/polarssl/sha1.c.o
LOAD CMakeFiles/rover_w.dir/Users/admin/.pico-sdk/sdk/2.2.0/src/rp2_common/pico_cyw43_arch/cyw43_arch.c.o
LOAD CMakeFiles/rover_w.dir/Users/admin/.pico-sdk/sdk/2.2.0/src/rp2_common/pico_cyw43_arch/cyw43_arch_poll.c.o
LOAD CMakeFiles/rover_w.dir/Users/admin/.pico-sdk/sdk/2.2.0/src/rp2_common/pico_cyw43_arch/cyw43_arch_threadsafe_background.c.o
LOAD CMakeFiles/rover_w.dir/Users/admin/.pico-sdk/sdk/2.2.0/src/rp2_common/pico_cyw43_arch/cyw43_arch_freertos.c.o
LOAD CMakeFiles/rover_w.dir/Users/admin/.pico-sdk/sdk/2.2.0/src/rp2_common/pico_cyw43_driver/cyw43_bus_pio_spi.c.o
LOAD CMakeFiles/rover_w.dir/Users/admin/.pico-sdk/sdk/2.2.0/lib/cyw43-driver/src/cyw43_ll.c.o
LOAD CMakeFiles/rover_w.dir/Users/admin/.pico-sdk/sdk/2.2.0/lib/cyw43-driver/src/cyw43_stats.c.o
LOAD CMakeFiles/rover_w.dir/Users/admin/.pico-sdk/sdk/2.2.0/lib/cyw43-driver/src/cyw43_lwip.c.o
LOAD CMakeFiles/rover_w.dir/Users/admin/.pico-sdk/sdk/2.2.0/lib/cyw43-driver/src/cyw43_ctrl.c.o
LOAD CMakeFiles/rover_w.dir/Users/admin/.pico-sdk/sdk/2.2.0/src/rp2_common/pico_cyw43_driver/cybt_shared_bus/cybt_shared_bus.c.o
LOAD CMakeFiles/rover_w.dir/Users/admin/.pico-sdk/sdk/2.2.0/src/rp2_common/pico_cyw43_driver/cybt_shared_bus/cybt_shared_bus_driver.c.o
LOAD CMakeFiles/rover_w.dir/Users/admin/.pico-sdk/sdk/2.2.0/src/rp2_common/hardware_pio/pio.c.o
LOAD CMakeFiles/rover_w.dir/Users/admin/.pico-sdk/sdk/2.2.0/src/rp2_common/hardware_dma/dma.c.o
LOAD CMakeFiles/rover_w.dir/Users/admin/.pico-sdk/sdk/2.2.0/src/rp2_common/hardware_exception/exception.c.o
LOAD CMakeFiles/rover_w.dir/Users/admin/.pico-sdk/sdk/2.2.0/src/rp2_common/pico_cyw43_driver/cyw43_driver.c.o
LOAD CMakeFiles/rover_w.dir/Users/admin/.pico-sdk/sdk/2.2.0/src/rp2_common/pico_async_context/async_context_threadsafe_background.c.o
LOAD CMakeFiles/rover_w.dir/Users/admin/.pico-sdk/sdk/2.2.0/src/rp2_common/hardware_i2c/i2c.c.o
LOAD pico-sdk/src/rp2040/boot_stage2/CMakeFiles/bs2_default_library.dir/./bs2_default_padded_checksummed.S.o
LOAD /Users/admin/.pico-sdk/toolchain/14_2_Rel1/bin/../lib/gcc/arm-none-eabi/14.2.1/../../../../arm-none-eabi/lib/thumb/v6-m/nofp/libstdc++.a
LOAD /Users/admin/.pico-sdk/toolchain/14_2_Rel1/bin/../lib/gcc/arm-none-eabi/14.2.1/../../../../arm-none-eabi/lib/thumb/v6-m/nofp/libm.a
START GROUP
LOAD /Users/admin/.pico-sdk/toolchain/14_2_Rel1/bin/../lib/gcc/arm-none-eabi/14.2.1/thumb/v6-m/nofp/libgcc.a
LOAD /Users/admin/.pico-sdk/toolchain/14_2_Rel1/bin/../lib/gcc/arm-none-eabi/14.2.1/../../../../arm-none-eabi/lib/thumb/v6-m/nofp/libg.a
LOAD /Users/admin/.pico-sdk/toolchain/14_2_Rel1/bin/../lib/gcc/arm-none-eabi/14.2.1/../../../../arm-none-eabi/lib/thumb/v6-m/nofp/libc.a
END GROUP
START GROUP
LOAD /Users/admin/.pico-sdk/toolchain/14_2_Rel1/bin/../lib/gcc/arm-none-eabi/14.2.1/thumb/v6-m/nofp/libgcc.a
LOAD /Users/admin/.pico-sdk/toolchain/14_2_Rel1/bin/../lib/gcc/arm-none-eabi/14.2.1/../../../../arm-none-eabi/lib/thumb/v6-m/nofp/libc.a
LOAD /Users/admin/.pico-sdk/toolchain/14_2_Rel1/bin/../lib/gcc/arm-none-eabi/14.2.1/../../../../arm-none-eabi/lib/thumb/v6-m/nofp/libnosys.a
END GROUP
LOAD /Users/admin/.pico-sdk/toolchain/14_2_Rel1/bin/../lib/gcc/arm-none-eabi/14.2.1/thumb/v6-m/nofp/crtend.o
LOAD /Users/admin/.pico-sdk/toolchain/14_2_Rel1/bin/../lib/gcc/arm-none-eabi/14.2.1/thumb/v6-m/nofp/crtn.o
OUTPUT(rover_w.elf elf32-littlearm)
LOAD linker stubs

.ARM.attributes
                0x00000000       0x28
 .ARM.attributes
                0x00000000       0x1e /Users/admin/.pico-sdk/toolchain/14_2_Rel1/bin/../lib/gcc/arm-none-eabi/14.2.1/thumb/v6-m/nofp/crti.o
 .ARM.attributes
                0x0000001e       0x2c /Users/admin/.pico-sdk/toolchain/14_2_Rel1/bin/../lib/gcc/arm-none-eabi/14.2.1/thumb/v6-m/nofp/crtbegin.o
 .ARM.attributes
                0x0000004a       0x2c CMakeFiles/rover_w.dir/src/lidar.cpp.o
 .ARM.attributes
                0x00000076       0x2c CMakeFiles/rover_w.dir/src/rover_w.cpp.o
 .ARM.attributes
                0x000000a2       0x2c CMakeFiles/rover_w.dir/src/sender.cpp.o
 .ARM.attributes
                0x000000ce       0x2c CMakeFiles/rover_w.dir/src/serial_debug.cpp.o
 .ARM.attributes
                0x000000fa       0x2c CMakeFiles/rover_w.dir/src/uart1_ringbuf.cpp.o
 .ARM.attributes
                0x00000126       0x2c CMakeFiles/rover_w.dir/Users/admin/.pico-sdk/sdk/2.2.0/src/rp2_common/hardware_gpio/gpio.c.o
 .ARM.attributes
                0x00000152       0x2c CMakeFiles/rover_w.dir/Users/admin/.pico-sdk/sdk/2.2.0/src/rp2_common/pico_platform_panic/panic.c.o
 .ARM.attributes
                0x0000017e       0x2c CMakeFiles/rover_w.dir/Users/admin/.pico-sdk/sdk/2.2.0/src/common/hardware_claim/claim.c.o
 .ARM.attributes
                0x000001aa       0x2c CMakeFiles/rover_w.dir/Users/admin/.pico-sdk/sdk/2.2.0/src/rp2_common/hardware_sync/sync.c.o
 .ARM.attributes
                0x000001d6       0x2c CMakeFiles/rover_w.dir/Users/admin/.pico-sdk/sdk/2.2.0/src/rp2_common/hardware_sync_spin_lock/sync_spin_lock.c.o
 .ARM.attributes
                0x00000202       0x2c CMakeFiles/rover_w.dir/Users/admin/.pico-sdk/sdk/2.2.0/src/rp2_common/hardware_irq/irq.c.o
 .ARM.attributes
                0x0000022e       0x22 CMakeFiles/rover_w.dir/Users/admin/.pico-sdk/sdk/2.2.0/src/rp2_common/hardware_irq/irq_handler_chain.S.o
 .ARM.attributes
                0x00000250       0x2c CMakeFiles/rover_w.dir/Users/admin/.pico-sdk/sdk/2.2.0/src/common/pico_sync/lock_core.c.o
 .ARM.attributes
                0x0000027c       0x2c CMakeFiles/rover_w.dir/Users/admin/.pico-sdk/sdk/2.2.0/src/common/pico_sync/mutex.c.o
 .ARM.attributes
                0x000002a8       0x2c CMakeFiles/rover_w.dir/Users/admin/.pico-sdk/sdk/2.2.0/src/common/pico_time/time.c.o
 .ARM.attributes
                0x000002d4       0x2c CMakeFiles/rover_w.dir/Users/admin/.pico-sdk/sdk/2.2.0/src/rp2_common/hardware_timer/timer.c.o
 .ARM.attributes
                0x00000300       0x2c CMakeFiles/rover_w.dir/Users/admin/.pico-sdk/sdk/2.2.0/src/rp2_common/hardware_uart/uart.c.o
 .ARM.attributes
                0x0000032c       0x2c CMakeFiles/rover_w.dir/Users/admin/.pico-sdk/sdk/2.2.0/src/rp2_common/hardware_clocks/clocks.c.o
 .ARM.attributes
                0x00000358       0x2c CMakeFiles/rover_w.dir/Users/admin/.pico-sdk/sdk/2.2.0/src/rp2_common/hardware_pll/pll.c.o
 .ARM.attributes
                0x00000384       0x2c CMakeFiles/rover_w.dir/Users/admin/.pico-sdk/sdk/2.2.0/src/rp2_common/hardware_ticks/ticks.c.o
 .ARM.attributes
                0x000003b0       0x2c CMakeFiles/rover_w.dir/Users/admin/.pico-sdk/sdk/2.2.0/src/rp2_common/pico_bootrom/bootrom.c.o
 .ARM.attributes
                0x000003dc       0x2c CMakeFiles/rover_w.dir/Users/admin/.pico-sdk/sdk/2.2.0/src/rp2_common/hardware_xosc/xosc.c.o
 .ARM.attributes
                0x00000408       0x2c CMakeFiles/rover_w.dir/Users/admin/.pico-sdk/sdk/2.2.0/src/rp2_common/pico_runtime/runtime.c.o
 .ARM.attributes
                0x00000434       0x2c CMakeFiles/rover_w.dir/Users/admin/.pico-sdk/sdk/2.2.0/src/rp2_common/pico_runtime_init/runtime_init.c.o
 .ARM.attributes
                0x00000460       0x2c CMakeFiles/rover_w.dir/Users/admin/.pico-sdk/sdk/2.2.0/src/rp2_common/pico_runtime_init/runtime_init_clocks.c.o
 .ARM.attributes
                0x0000048c       0x22 CMakeFiles/rover_w.dir/Users/admin/.pico-sdk/sdk/2.2.0/src/rp2_common/pico_bit_ops/bit_ops_aeabi.S.o
 .ARM.attributes
                0x000004ae       0x22 CMakeFiles/rover_w.dir/Users/admin/.pico-sdk/sdk/2.2.0/src/rp2_common/pico_divider/divider_hardware.S.o
 .ARM.attributes
                0x000004d0       0x22 CMakeFiles/rover_w.dir/Users/admin/.pico-sdk/sdk/2.2.0/src/rp2_common/pico_double/double_aeabi_rp2040.S.o
 .ARM.attributes
                0x000004f2       0x2c CMakeFiles/rover_w.dir/Users/admin/.pico-sdk/sdk/2.2.0/src/rp2_common/pico_double/double_init_rom_rp2040.c.o
 .ARM.attributes
                0x0000051e       0x22 CMakeFiles/rover_w.dir/Users/admin/.pico-sdk/sdk/2.2.0/src/rp2_common/pico_double/double_v1_rom_shim_rp2040.S.o
 .ARM.attributes
                0x00000540       0x22 CMakeFiles/rover_w.dir/Users/admin/.pico-sdk/sdk/2.2.0/src/rp2_common/pico_int64_ops/pico_int64_ops_aeabi.S.o
 .ARM.attributes
                0x00000562       0x22 CMakeFiles/rover_w.dir/Users/admin/.pico-sdk/sdk/2.2.0/src/rp2_common/pico_float/float_aeabi_rp2040.S.o
 .ARM.attributes
                0x00000584       0x2c CMakeFiles/rover_w.dir/Users/admin/.pico-sdk/sdk/2.2.0/src/rp2_common/pico_float/float_init_rom_rp2040.c.o
 .ARM.attributes
                0x000005b0       0x22 CMakeFiles/rover_w.dir/Users/admin/.pico-sdk/sdk/2.2.0/src/rp2_common/pico_mem_ops/mem_ops_aeabi.S.o
 .ARM.attributes
                0x000005d2       0x2c CMakeFiles/rover_w.dir/Users/admin/.pico-sdk/sdk/2.2.0/src/rp2_common/pico_standard_binary_info/standard_binary_info.c.o
 .ARM.attributes
                0x000005fe       0x2c CMakeFiles/rover_w.dir/Users/admin/.pico-sdk/sdk/2.2.0/src/rp2_common/pico_printf/printf.c.o
 .ARM.attributes
                0x0000062a       0x22 CMakeFiles/rover_w.dir/Users/admin/.pico-sdk/sdk/2.2.0/src/rp2_common/pico_crt0/crt0.S.o
 .ARM.attributes
                0x0000064c       0x2c CMakeFiles/rover_w.dir/Users/admin/.pico-sdk/sdk/2.2.0/src/rp2_common/pico_clib_interface/newlib_interface.c.o
 .ARM.attributes
                0x00000678       0x2c CMakeFiles/rover_w.dir/Users/admin/.pico-sdk/sdk/2.2.0/src/rp2_common/pico_stdio/stdio.c.o
 .ARM.attributes
                0x000006a4       0x2c CMakeFiles/rover_w.dir/Users/admin/.pico-sdk/sdk/2.2.0/src/rp2_common/pico_stdio_uart/stdio_uart.c.o
 .ARM.attributes
                0x000006d0       0x2c CMakeFiles/rover_w.dir/Users/admin/.pico-sdk/sdk/2.2.0/src/rp2_common/pico_unique_id/unique_id.c.o
 .ARM.attributes
                0x000006fc       0x2c CMakeFiles/rover_w.dir/Users/admin/.pico-sdk/sdk/2.2.0/src/rp2_common/hardware_flash/flash.c.o
 .ARM.attributes
                0x00000728       0x22 pico-sdk/src/rp2040/boot_stage2/CMakeFiles/bs2_default_library.dir/./bs2_default_padded_checksummed.S.o
 .ARM.attributes
                0x0000074a       0x1e /Users/admin/.pico-sdk/toolchain/14_2_Rel1/bin/../lib/gcc/arm-none-eabi/14.2.1/thumb/v6-m/nofp/libgcc.a(_dvmd_tls.o)
 .ARM.attributes
                0x00000768       0x2c /Users/admin/.pico-sdk/toolchain/14_2_Rel1/bin/../lib/gcc/arm-none-eabi/14.2.1/../../../../arm-none-eabi/lib/thumb/v6-m/nofp/libg.a(libc_a-strlen-stub.o)
 .ARM.attributes
                0x00000794       0x2c /Users/admin/.pico-sdk/toolchain/14_2_Rel1/bin/../lib/gcc/arm-none-eabi/14.2.1/thumb/v6-m/nofp/crtend.o

.comment        0x00000000       0x45
 .comment       0x00000000       0x45 CMakeFiles/rover_w.dir/src/lidar.cpp.o
                                 0x46 (size before relaxing)
 .comment       0x00000045       0x46 CMakeFiles/rover_w.dir/src/rover_w.cpp.o
 .comment       0x00000045       0x46 CMakeFiles/rover_w.dir/src/sender.cpp.o
 .comment       0x00000045       0x46 CMakeFiles/rover_w.dir/src/serial_debug.cpp.o
 .comment       0x00000045       0x46 CMakeFiles/rover_w.dir/src/uart1_ringbuf.cpp.o
 .comment       0x00000045       0x46 CMakeFiles/rover_w.dir/Users/admin/.pico-sdk/sdk/2.2.0/src/rp2_common/hardware_gpio/gpio.c.o
 .comment       0x00000045       0x46 CMakeFiles/rover_w.dir/Users/admin/.pico-sdk/sdk/2.2.0/src/rp2_common/pico_platform_panic/panic.c.o
 .comment       0x00000045       0x46 CMakeFiles/rover_w.dir/Users/admin/.pico-sdk/sdk/2.2.0/src/common/hardware_claim/claim.c.o
 .comment       0x00000045       0x46 CMakeFiles/rover_w.dir/Users/admin/.pico-sdk/sdk/2.2.0/src/rp2_common/hardware_sync/sync.c.o
 .comment       0x00000045       0x46 CMakeFiles/rover_w.dir/Users/admin/.pico-sdk/sdk/2.2.0/src/rp2_common/hardware_sync_spin_lock/sync_spin_lock.c.o
 .comment       0x00000045       0x46 CMakeFiles/rover_w.dir/Users/admin/.pico-sdk/sdk/2.2.0/src/rp2_common/hardware_irq/irq.c.o
 .comment       0x00000045       0x46 CMakeFiles/rover_w.dir/Users/admin/.pico-sdk/sdk/2.2.0/src/common/pico_sync/lock_core.c.o
 .comment       0x00000045       0x46 CMakeFiles/rover_w.dir/Users/admin/.pico-sdk/sdk/2.2.0/src/common/pico_sync/mutex.c.o
 .comment       0x00000045       0x46 CMakeFiles/rover_w.dir/Users/admin/.pico-sdk/sdk/2.2.0/src/common/pico_time/time.c.o
 .comment       0x00000045       0x46 CMakeFiles/rover_w.dir/Users/admin/.pico-sdk/sdk/2.2.0/src/rp2_common/hardware_timer/timer.c.o
 .comment       0x00000045       0x46 CMakeFiles/rover_w.dir/Users/admin/.pico-sdk/sdk/2.2.0/src/rp2_common/hardware_uart/uart.c.o
 .comment       0x00000045       0x46 CMakeFiles/rover_w.dir/Users/admin/.pico-sdk/sdk/2.2.0/src/rp2_common/hardware_clocks/clocks.c.o
 .comment       0x00000045       0x46 CMakeFiles/rover_w.dir/Users/admin/.pico-sdk/sdk/2.2.0/src/rp2_common/hardware_pll/pll.c.o
 .comment       0x00000045       0x46 CMakeFiles/rover_w.dir/Users/admin/.pico-sdk/sdk/2.2.0/src/rp2_common/hardware_ticks/ticks.c.o
 .comment       0x00000045       0x46 CMakeFiles/rover_w.dir/Users/admin/.pico-sdk/sdk/2.2.0/src/rp2_common/pico_bootrom/bootrom.c.o
 .comment       0x00000045       0x46 CMakeFiles/rover_w.dir/Users/admin/.pico-sdk/sdk/2.2.0/src/rp2_common/hardware_xosc/xosc.c.o
 .comment       0x00000045       0x46 CMakeFiles/rover_w.dir/Users/admin/.pico-sdk/sdk/2.2.0/src/rp2_common/pico_runtime/runtime.c.o
 .comment       0x00000045       0x46 CMakeFiles/rover_w.dir/Users/admin/.pico-sdk/sdk/2.2.0/src/rp2_common/pico_runtime_init/runtime_init.c.o
 .comment       0x00000045       0x46 CMakeFiles/rover_w.dir/Users/admin/.pico-sdk/sdk/2.2.0/src/rp2_common/pico_runtime_init/runtime_init_clocks.c.o
 .comment       0x00000045       0x46 CMakeFiles/rover_w.dir/Users/admin/.pico-sdk/sdk/2.2.0/src/rp2_common/pico_double/double_init_rom_rp2040.c.o
 .comment       0x00000045       0x46 CMakeFiles/rover_w.dir/Users/admin/.pico-sdk/sdk/2.2.0/src/rp2_common/pico_float/float_init_rom_rp2040.c.o
 .comment       0x00000045       0x46 CMakeFiles/rover_w.dir/Users/admin/.pico-sdk/sdk/2.2.0/src/rp2_common/pico_standard_binary_info/standard_binary_info.c.o
 .comment       0x00000045       0x46 CMakeFiles/rover_w.dir/Users/admin/.pico-sdk/sdk/2.2.0/src/rp2_common/pico_printf/printf.c.o
 .comment       0x00000045       0x46 CMakeFiles/rover_w.dir/Users/admin/.pico-sdk/sdk/2.2.0/src/rp2_common/pico_clib_interface/newlib_interface.c.o
 .comment       0x00000045       0x46 CMakeFiles/rover_w.dir/Users/admin/.pico-sdk/sdk/2.2.0/src/rp2_common/pico_stdio/stdio.c.o
 .comment       0x00000045       0x46 CMakeFiles/rover_w.dir/Users/admin/.pico-sdk/sdk/2.2.0/src/rp2_common/pico_stdio_uart/stdio_uart.c.o
 .comment       0x00000045       0x46 CMakeFiles/rover_w.dir/Users/admin/.pico-sdk/sdk/2.2.0/src/rp2_common/pico_unique_id/unique_id.c.o
 .comment       0x00000045       0x46 CMakeFiles/rover_w.dir/Users/admin/.pico-sdk/sdk/2.2.0/src/rp2_common/hardware_flash/flash.c.o

.debug_info     0x00000000    0x278a7
 .debug_info    0x00000000     0x3c76 CMakeFiles/rover_w.dir/src/lidar.cpp.o
 .debug_info    0x00003c76     0x2530 CMakeFiles/rover_w.dir/src/rover_w.cpp.o
 .debug_info    0x000061a6      0x4e9 CMakeFiles/rover_w.dir/src/sender.cpp.o
 .debug_info    0x0000668f      0x31f CMakeFiles/rover_w.dir/src/serial_debug.cpp.o
 .debug_info    0x000069ae     0x28ac CMakeFiles/rover_w.dir/src/uart1_ringbuf.cpp.o
 .debug_info    0x0000925a     0x2421 CMakeFiles/rover_w.dir/Users/admin/.pico-sdk/sdk/2.2.0/src/rp2_common/hardware_gpio/gpio.c.o
 .debug_info    0x0000b67b      0x1bf CMakeFiles/rover_w.dir/Users/admin/.pico-sdk/sdk/2.2.0/src/rp2_common/pico_platform_panic/panic.c.o
 .debug_info    0x0000b83a      0x9a1 CMakeFiles/rover_w.dir/Users/admin/.pico-sdk/sdk/2.2.0/src/common/hardware_claim/claim.c.o
 .debug_info    0x0000c1db      0x45c CMakeFiles/rover_w.dir/Users/admin/.pico-sdk/sdk/2.2.0/src/rp2_common/hardware_sync/sync.c.o
 .debug_info    0x0000c637      0x245 CMakeFiles/rover_w.dir/Users/admin/.pico-sdk/sdk/2.2.0/src/rp2_common/hardware_sync_spin_lock/sync_spin_lock.c.o
 .debug_info    0x0000c87c     0x2233 CMakeFiles/rover_w.dir/Users/admin/.pico-sdk/sdk/2.2.0/src/rp2_common/hardware_irq/irq.c.o
 .debug_info    0x0000eaaf      0x15f CMakeFiles/rover_w.dir/Users/admin/.pico-sdk/sdk/2.2.0/src/common/pico_sync/lock_core.c.o
 .debug_info    0x0000ec0e     0x2815 CMakeFiles/rover_w.dir/Users/admin/.pico-sdk/sdk/2.2.0/src/common/pico_sync/mutex.c.o
 .debug_info    0x00011423     0x5065 CMakeFiles/rover_w.dir/Users/admin/.pico-sdk/sdk/2.2.0/src/common/pico_time/time.c.o
 .debug_info    0x00016488     0x2b37 CMakeFiles/rover_w.dir/Users/admin/.pico-sdk/sdk/2.2.0/src/rp2_common/hardware_timer/timer.c.o
 .debug_info    0x00018fbf     0x1983 CMakeFiles/rover_w.dir/Users/admin/.pico-sdk/sdk/2.2.0/src/rp2_common/hardware_uart/uart.c.o
 .debug_info    0x0001a942     0x2a05 CMakeFiles/rover_w.dir/Users/admin/.pico-sdk/sdk/2.2.0/src/rp2_common/hardware_clocks/clocks.c.o
 .debug_info    0x0001d347      0x4e5 CMakeFiles/rover_w.dir/Users/admin/.pico-sdk/sdk/2.2.0/src/rp2_common/hardware_pll/pll.c.o
 .debug_info    0x0001d82c      0x248 CMakeFiles/rover_w.dir/Users/admin/.pico-sdk/sdk/2.2.0/src/rp2_common/hardware_ticks/ticks.c.o
 .debug_info    0x0001da74      0x678 CMakeFiles/rover_w.dir/Users/admin/.pico-sdk/sdk/2.2.0/src/rp2_common/pico_bootrom/bootrom.c.o
 .debug_info    0x0001e0ec      0x1d0 CMakeFiles/rover_w.dir/Users/admin/.pico-sdk/sdk/2.2.0/src/rp2_common/hardware_xosc/xosc.c.o
 .debug_info    0x0001e2bc      0x21a CMakeFiles/rover_w.dir/Users/admin/.pico-sdk/sdk/2.2.0/src/rp2_common/pico_runtime/runtime.c.o
 .debug_info    0x0001e4d6      0x7ea CMakeFiles/rover_w.dir/Users/admin/.pico-sdk/sdk/2.2.0/src/rp2_common/pico_runtime_init/runtime_init.c.o
 .debug_info    0x0001ecc0      0x781 CMakeFiles/rover_w.dir/Users/admin/.pico-sdk/sdk/2.2.0/src/rp2_common/pico_runtime_init/runtime_init_clocks.c.o
 .debug_info    0x0001f441       0x23 CMakeFiles/rover_w.dir/Users/admin/.pico-sdk/sdk/2.2.0/src/rp2_common/pico_bit_ops/bit_ops_aeabi.S.o
 .debug_info    0x0001f464       0x23 CMakeFiles/rover_w.dir/Users/admin/.pico-sdk/sdk/2.2.0/src/rp2_common/pico_divider/divider_hardware.S.o
 .debug_info    0x0001f487       0x23 CMakeFiles/rover_w.dir/Users/admin/.pico-sdk/sdk/2.2.0/src/rp2_common/pico_double/double_aeabi_rp2040.S.o
 .debug_info    0x0001f4aa      0x2c4 CMakeFiles/rover_w.dir/Users/admin/.pico-sdk/sdk/2.2.0/src/rp2_common/pico_double/double_init_rom_rp2040.c.o
 .debug_info    0x0001f76e       0x24 CMakeFiles/rover_w.dir/Users/admin/.pico-sdk/sdk/2.2.0/src/rp2_common/pico_double/double_v1_rom_shim_rp2040.S.o
 .debug_info    0x0001f792       0x24 CMakeFiles/rover_w.dir/Users/admin/.pico-sdk/sdk/2.2.0/src/rp2_common/pico_int64_ops/pico_int64_ops_aeabi.S.o
 .debug_info    0x0001f7b6       0x23 CMakeFiles/rover_w.dir/Users/admin/.pico-sdk/sdk/2.2.0/src/rp2_common/pico_float/float_aeabi_rp2040.S.o
 .debug_info    0x0001f7d9      0x2b0 CMakeFiles/rover_w.dir/Users/admin/.pico-sdk/sdk/2.2.0/src/rp2_common/pico_float/float_init_rom_rp2040.c.o
 .debug_info    0x0001fa89       0x23 CMakeFiles/rover_w.dir/Users/admin/.pico-sdk/sdk/2.2.0/src/rp2_common/pico_mem_ops/mem_ops_aeabi.S.o
 .debug_info    0x0001faac      0x2e2 CMakeFiles/rover_w.dir/Users/admin/.pico-sdk/sdk/2.2.0/src/rp2_common/pico_standard_binary_info/standard_binary_info.c.o
 .debug_info    0x0001fd8e     0x22f2 CMakeFiles/rover_w.dir/Users/admin/.pico-sdk/sdk/2.2.0/src/rp2_common/pico_printf/printf.c.o
 .debug_info    0x00022080       0x23 CMakeFiles/rover_w.dir/Users/admin/.pico-sdk/sdk/2.2.0/src/rp2_common/pico_crt0/crt0.S.o
 .debug_info    0x000220a3      0xbbe CMakeFiles/rover_w.dir/Users/admin/.pico-sdk/sdk/2.2.0/src/rp2_common/pico_clib_interface/newlib_interface.c.o