Archive member included to satisfy reference by file (symbol)

/Users/admin/.pico-sdk/toolchain/14_2_Rel1/bin/../lib/gcc/arm-none-eabi/14.2.1/thumb/v6-m/nofp/libgcc.a(_dvmd_tls.o)
                              CMakeFiles/rover_w.dir/Users/admin/.pico-sdk/sdk/2.2.0/src/rp2_common/pico_divider/divider_hardware.S.o (__aeabi_idiv0)
/Users/admin/.pico-sdk/toolchain/14_2_Rel1/bin/../lib/gcc/arm-none-eabi/14.2.1/../../../../arm-none-eabi/lib/thumb/v6-m/nofp/libg.a(libc_a-atoi.o)
                              CMakeFiles/rover_w.dir/Users/admin/.pico-sdk/sdk/2.2.0/lib/lwip/src/core/netif.c.o (atoi)
/Users/admin/.pico-sdk/toolchain/14_2_Rel1/bin/../lib/gcc/arm-none-eabi/14.2.1/../../../../arm-none-eabi/lib/thumb/v6-m/nofp/libg.a(libc_a-calloc.o)
                              CMakeFiles/rover_w.dir/Users/admin/.pico-sdk/sdk/2.2.0/src/rp2_common/pico_malloc/malloc.c.o (calloc)
/Users/admin/.pico-sdk/toolchain/14_2_Rel1/bin/../lib/gcc/arm-none-eabi/14.2.1/../../../../arm-none-eabi/lib/thumb/v6-m/nofp/libg.a(libc_a-callocr.o)
                              /Users/admin/.pico-sdk/toolchain/14_2_Rel1/bin/../lib/gcc/arm-none-eabi/14.2.1/../../../../arm-none-eabi/lib/thumb/v6-m/nofp/libg.a(libc_a-calloc.o) (_calloc_r)
/Users/admin/.pico-sdk/toolchain/14_2_Rel1/bin/../lib/gcc/arm-none-eabi/14.2.1/../../../../arm-none-eabi/lib/thumb/v6-m/nofp/libg.a(libc_a-malloc.o)
                              CMakeFiles/rover_w.dir/Users/admin/.pico-sdk/sdk/2.2.0/src/rp2_common/pico_malloc/malloc.c.o (malloc)
/Users/admin/.pico-sdk/toolchain/14_2_Rel1/bin/../lib/gcc/arm-none-eabi/14.2.1/../../../../arm-none-eabi/lib/thumb/v6-m/nofp/libg.a(libc_a-mallocr.o)
                              /Users/admin/.pico-sdk/toolchain/14_2_Rel1/bin/../lib/gcc/arm-none-eabi/14.2.1/../../../../arm-none-eabi/lib/thumb/v6-m/nofp/libg.a(libc_a-callocr.o) (_malloc_r)
/Users/admin/.pico-sdk/toolchain/14_2_Rel1/bin/../lib/gcc/arm-none-eabi/14.2.1/../../../../arm-none-eabi/lib/thumb/v6-m/nofp/libg.a(libc_a-mlock.o)
                              /Users/admin/.pico-sdk/toolchain/14_2_Rel1/bin/../lib/gcc/arm-none-eabi/14.2.1/../../../../arm-none-eabi/lib/thumb/v6-m/nofp/libg.a(libc_a-mallocr.o) (__malloc_lock)
/Users/admin/.pico-sdk/toolchain/14_2_Rel1/bin/../lib/gcc/arm-none-eabi/14.2.1/../../../../arm-none-eabi/lib/thumb/v6-m/nofp/libg.a(libc_a-realloc.o)
                              CMakeFiles/rover_w.dir/Users/admin/.pico-sdk/sdk/2.2.0/src/rp2_common/pico_malloc/malloc.c.o (realloc)
/Users/admin/.pico-sdk/toolchain/14_2_Rel1/bin/../lib/gcc/arm-none-eabi/14.2.1/../../../../arm-none-eabi/lib/thumb/v6-m/nofp/libg.a(libc_a-reallocr.o)
                              /Users/admin/.pico-sdk/toolchain/14_2_Rel1/bin/../lib/gcc/arm-none-eabi/14.2.1/../../../../arm-none-eabi/lib/thumb/v6-m/nofp/libg.a(libc_a-realloc.o) (_realloc_r)
/Users/admin/.pico-sdk/toolchain/14_2_Rel1/bin/../lib/gcc/arm-none-eabi/14.2.1/../../../../arm-none-eabi/lib/thumb/v6-m/nofp/libg.a(libc_a-strtol.o)
                              /Users/admin/.pico-sdk/toolchain/14_2_Rel1/bin/../lib/gcc/arm-none-eabi/14.2.1/../../../../arm-none-eabi/lib/thumb/v6-m/nofp/libg.a(libc_a-atoi.o) (_strtol_r)
/Users/admin/.pico-sdk/toolchain/14_2_Rel1/bin/../lib/gcc/arm-none-eabi/14.2.1/../../../../arm-none-eabi/lib/thumb/v6-m/nofp/libg.a(libc_a-memcmp.o)
                              CMakeFiles/rover_w.dir/Users/admin/.pico-sdk/sdk/2.2.0/src/rp2_common/pico_atomic/atomic.c.o (memcmp)
/Users/admin/.pico-sdk/toolchain/14_2_Rel1/bin/../lib/gcc/arm-none-eabi/14.2.1/../../../../arm-none-eabi/lib/thumb/v6-m/nofp/libg.a(libc_a-memmove.o)
                              CMakeFiles/rover_w.dir/Users/admin/.pico-sdk/sdk/2.2.0/lib/lwip/src/core/def.c.o (memmove)
/Users/admin/.pico-sdk/toolchain/14_2_Rel1/bin/../lib/gcc/arm-none-eabi/14.2.1/../../../../arm-none-eabi/lib/thumb/v6-m/nofp/libg.a(libc_a-strncmp.o)
                              CMakeFiles/rover_w.dir/Users/admin/.pico-sdk/sdk/2.2.0/lib/lwip/src/core/def.c.o (strncmp)
/Users/admin/.pico-sdk/toolchain/14_2_Rel1/bin/../lib/gcc/arm-none-eabi/14.2.1/../../../../arm-none-eabi/lib/thumb/v6-m/nofp/libg.a(libc_a-lcltime_r.o)
                              CMakeFiles/rover_w.dir/Users/admin/.pico-sdk/sdk/2.2.0/src/common/pico_util/datetime.c.o (localtime_r)
/Users/admin/.pico-sdk/toolchain/14_2_Rel1/bin/../lib/gcc/arm-none-eabi/14.2.1/../../../../arm-none-eabi/lib/thumb/v6-m/nofp/libg.a(libc_a-mktime.o)
                              CMakeFiles/rover_w.dir/Users/admin/.pico-sdk/sdk/2.2.0/src/common/pico_util/datetime.c.o (mktime)
/Users/admin/.pico-sdk/toolchain/14_2_Rel1/bin/../lib/gcc/arm-none-eabi/14.2.1/../../../../arm-none-eabi/lib/thumb/v6-m/nofp/libg.a(libc_a-month_lengths.o)
                              /Users/admin/.pico-sdk/toolchain/14_2_Rel1/bin/../lib/gcc/arm-none-eabi/14.2.1/../../../../arm-none-eabi/lib/thumb/v6-m/nofp/libg.a(libc_a-lcltime_r.o) (__month_lengths)
[...]
Memory Configuration

Name             Origin             Length             Attributes
FLASH            0x10000000         0x00200000         xr
RAM              0x20000000         0x00040000         xrw
SCRATCH_X        0x20040000         0x00001000         xrw
SCRATCH_Y        0x20041000         0x00001000         xrw
*default*        0x00000000         0xffffffff

Linker script and memory map

LOAD /Users/admin/.pico-sdk/toolchain/14_2_Rel1/bin/../lib/gcc/arm-none-eabi/14.2.1/thumb/v6-m/nofp/crti.o
LOAD /Users/admin/.pico-sdk/toolchain/14_2_Rel1/bin/../lib/gcc/arm-none-eabi/14.2.1/thumb/v6-m/nofp/crtbegin.o
LOAD /Users/admin/.pico-sdk/toolchain/14_2_Rel1/bin/../lib/gcc/arm-none-eabi/14.2.1/../../../../arm-none-eabi/lib/thumb/v6-m/nofp/crt0.o

.flash_begin    0x10000000        0x0
                0x10000000                        __flash_binary_start = .

.boot2          0x10000000      0x100
                0x10000000                        __boot2_start__ = .
 *(.boot2)
 .boot2         0x10000000      0x100 pico-sdk/src/rp2040/boot_stage2/CMakeFiles/bs2_default_library.dir/./bs2_default_padded_checksummed.S.o
                0x10000100                        __boot2_end__ = .
                0x00000001                        ASSERT (((__boot2_end__ - __boot2_start__) == 0x100), ERROR: Pico second stage bootloader must be 256 bytes in size)

.text           0x10000100     0x44a4
                0x10000100                        __logical_binary_start = .
 *(.vectors)
 .vectors       0x10000100       0xd4 CMakeFiles/rover_w.dir/Users/admin/.pico-sdk/sdk/2.2.0/src/rp2_common/pico_crt0/crt0.S.o
                0x10000100                __VECTOR_TABLE
                0x10000100                __vectors
                0x100001c0                isr_irq13
                0x100001c0                isr_irq27
                0x100001c0                isr_irq31
                0x100001c0                isr_irq5
                0x100001c0                isr_irq11
                0x100001c0                isr_irq23
                0x100001c0                isr_irq18
                0x100001c0                isr_irq9
                0x100001c0                __unhandled_user_irq
                0x100001c0                isr_irq25
                0x100001c0                isr_irq4
                0x100001c0                isr_irq16
                0x100001c0                isr_irq29
                0x100001c0                isr_irq26
                0x100001c0                isr_irq3
                0x100001c0                isr_irq12
                0x100001c0                isr_irq30
                0x100001c0                isr_irq28
                0x100001c0                isr_irq19
                0x100001c0                isr_irq0
                0x100001c0                isr_irq6
                0x100001c0                isr_irq22
                0x100001c0                isr_irq17
                0x100001c0                isr_irq14
                0x100001c0                __vectors_end
                0x100001c0                __default_isrs_start
                0x100001c0                isr_irq2
                0x100001c0                isr_irq10
                0x100001c0                isr_irq8
                0x100001c0                isr_irq24
                0x100001c0                isr_irq1
                0x100001c0                isr_irq7
                0x100001c0                isr_irq21
                0x100001c0                isr_irq20
                0x100001c0                isr_irq15
                0x100001c6                unhandled_user_irq_num_in_r0
                0x100001c8                isr_invalid
                0x100001ca                isr_nmi
                0x100001cc                isr_hardfault
                0x100001ce                isr_svcall
                0x100001d0                isr_pendsv
                0x100001d2                isr_systick
                0x100001d4                __default_isrs_end
 *(.binary_info_header)
 .binary_info_header
                0x100001d4       0x14 CMakeFiles/rover_w.dir/Users/admin/.pico-sdk/sdk/2.2.0/src/rp2_common/pico_crt0/crt0.S.o
                0x100001e8                        __binary_info_header_end = .
 *(.embedded_block)
                0x100001e8                        __embedded_block_end = .
 *(.reset)
 .reset         0x100001e8       0x9c CMakeFiles/rover_w.dir/Users/admin/.pico-sdk/sdk/2.2.0/src/rp2_common/pico_crt0/crt0.S.o
                0x100001e8                _entry_point
 *(.init)
 .init          0x10000284        0x4 /Users/admin/.pico-sdk/toolchain/14_2_Rel1/bin/../lib/gcc/arm-none-eabi/14.2.1/thumb/v6-m/nofp/crti.o
                0x10000284                _init
 *(EXCLUDE_FILE(*libm.a: *libc.a:*lib_a-mem*.o *libgcc.a:) .text*)
 .text.register_tm_clones
                0x10000288       0x28 /Users/admin/.pico-sdk/toolchain/14_2_Rel1/bin/../lib/gcc/arm-none-eabi/14.2.1/thumb/v6-m/nofp/crtbegin.o
 .text.frame_dummy
                0x100002b0       0x24 /Users/admin/.pico-sdk/toolchain/14_2_Rel1/bin/../lib/gcc/arm-none-eabi/14.2.1/thumb/v6-m/nofp/crtbegin.o
 .text.startup.main
                0x100002d4       0x30 CMakeFiles/rover_w.dir/src/rover_w.cpp.o
                0x100002d4                main
 .text.rp2040_chip_version
                0x10000304        0xc CMakeFiles/rover_w.dir/Users/admin/.pico-sdk/sdk/2.2.0/src/rp2040/pico_platform/platform.c.o
                0x10000304                rp2040_chip_version
 .text.panic    0x10000310       0x30 CMakeFiles/rover_w.dir/Users/admin/.pico-sdk/sdk/2.2.0/src/rp2_common/pico_platform_panic/panic.c.o
                0x10000310                panic
 .text.hw_claim_or_assert
                0x10000340       0x44 CMakeFiles/rover_w.dir/Users/admin/.pico-sdk/sdk/2.2.0/src/common/hardware_claim/claim.c.o
                0x10000340                hw_claim_or_assert
 .text.hw_claim_unused_from_range
                0x10000384       0x88 CMakeFiles/rover_w.dir/Users/admin/.pico-sdk/sdk/2.2.0/src/common/hardware_claim/claim.c.o
                0x10000384                hw_claim_unused_from_range
 .text.next_striped_spin_lock_num
                0x1000040c       0x18 CMakeFiles/rover_w.dir/Users/admin/.pico-sdk/sdk/2.2.0/src/rp2_common/hardware_sync/sync.c.o
                0x1000040c                next_striped_spin_lock_num
 .text.spin_lock_claim_unused
                0x10000424       0x24 CMakeFiles/rover_w.dir/Users/admin/.pico-sdk/sdk/2.2.0/src/rp2_common/hardware_sync/sync.c.o
                0x10000424                spin_lock_claim_unused
 .text.spin_locks_reset
                0x10000448       0x1c CMakeFiles/rover_w.dir/Users/admin/.pico-sdk/sdk/2.2.0/src/rp2_common/hardware_sync_spin_lock/sync_spin_lock.c.o
                0x10000448                spin_locks_reset
 .text.runtime_init_per_core_irq_priorities
                0x10000464       0x24 CMakeFiles/rover_w.dir/Users/admin/.pico-sdk/sdk/2.2.0/src/rp2_common/hardware_irq/irq.c.o
                0x10000464                runtime_init_per_core_irq_priorities
 .text.irq_set_enabled
                0x10000488       0x24 CMakeFiles/rover_w.dir/Users/admin/.pico-sdk/sdk/2.2.0/src/rp2_common/hardware_irq/irq.c.o
                0x10000488                irq_set_enabled
 .text.irq_is_enabled
                0x100004ac       0x18 CMakeFiles/rover_w.dir/Users/admin/.pico-sdk/sdk/2.2.0/src/rp2_common/hardware_irq/irq.c.o
                0x100004ac                irq_is_enabled
 .text.irq_set_pending
                0x100004c4       0x10 CMakeFiles/rover_w.dir/Users/admin/.pico-sdk/sdk/2.2.0/src/rp2_common/hardware_irq/irq.c.o
                0x100004c4                irq_set_pending
 .text.irq_has_shared_handler
                0x100004d4       0x24 CMakeFiles/rover_w.dir/Users/admin/.pico-sdk/sdk/2.2.0/src/rp2_common/hardware_irq/irq.c.o
                0x100004d4                irq_has_shared_handler
 .text.irq_set_exclusive_handler
                0x100004f8       0x54 CMakeFiles/rover_w.dir/Users/admin/.pico-sdk/sdk/2.2.0/src/rp2_common/hardware_irq/irq.c.o
                0x100004f8                irq_set_exclusive_handler
 .text.irq_add_shared_handler
                0x1000054c      0x1f4 CMakeFiles/rover_w.dir/Users/admin/.pico-sdk/sdk/2.2.0/src/rp2_common/hardware_irq/irq.c.o
                0x1000054c                irq_add_shared_handler
 .text.irq_add_tail_to_free_list
                0x10000740       0xb4 CMakeFiles/rover_w.dir/Users/admin/.pico-sdk/sdk/2.2.0/src/rp2_common/hardware_irq/irq.c.o
                0x10000740                irq_add_tail_to_free_list
 .text.user_irq_claim_unused
                0x100007f4       0x2c CMakeFiles/rover_w.dir/Users/admin/.pico-sdk/sdk/2.2.0/src/rp2_common/hardware_irq/irq.c.o
                0x100007f4                user_irq_claim_unused
 .text.lock_init
                0x10000820       0x10 CMakeFiles/rover_w.dir/Users/admin/.pico-sdk/sdk/2.2.0/src/common/pico_sync/lock_core.c.o
                0x10000820                lock_init
 .text.runtime_init_mutex
                0x10000830       0x50 CMakeFiles/rover_w.dir/Users/admin/.pico-sdk/sdk/2.2.0/src/common/pico_sync/mutex.c.o
                0x10000830                runtime_init_mutex
 .text.mutex_init
                0x10000880       0x1c CMakeFiles/rover_w.dir/Users/admin/.pico-sdk/sdk/2.2.0/src/common/pico_sync/mutex.c.o
                0x10000880                mutex_init
 .text.critical_section_init
                0x1000089c       0x1c CMakeFiles/rover_w.dir/Users/admin/.pico-sdk/sdk/2.2.0/src/common/pico_sync/critical_section.c.o
                0x1000089c                critical_section_init
 .text.critical_section_init_with_lock_num
                0x100008b8       0x14 CMakeFiles/rover_w.dir/Users/admin/.pico-sdk/sdk/2.2.0/src/common/pico_sync/critical_section.c.o
                0x100008b8                critical_section_init_with_lock_num
 .text.sleep_until_callback
                0x100008cc       0x30 CMakeFiles/rover_w.dir/Users/admin/.pico-sdk/sdk/2.2.0/src/common/pico_time/time.c.o
 .text.alarm_pool_irq_handler
                0x100008fc      0x300 CMakeFiles/rover_w.dir/Users/admin/.pico-sdk/sdk/2.2.0/src/common/pico_time/time.c.o
 .text.runtime_init_default_alarm_pool
                0x10000bfc       0xdc CMakeFiles/rover_w.dir/Users/admin/.pico-sdk/sdk/2.2.0/src/common/pico_time/time.c.o
                0x10000bfc                runtime_init_default_alarm_pool
 .text.alarm_pool_get_default
                0x10000cd8        0x8 CMakeFiles/rover_w.dir/Users/admin/.pico-sdk/sdk/2.2.0/src/common/pico_time/time.c.o
                0x10000cd8                alarm_pool_get_default
 .text.alarm_pool_add_alarm_at
                0x10000ce0       0xd0 CMakeFiles/rover_w.dir/Users/admin/.pico-sdk/sdk/2.2.0/src/common/pico_time/time.c.o
                0x10000ce0                alarm_pool_add_alarm_at
 .text.alarm_pool_add_alarm_at_force_in_context
                0x10000db0       0xb0 CMakeFiles/rover_w.dir/Users/admin/.pico-sdk/sdk/2.2.0/src/common/pico_time/time.c.o
                0x10000db0                alarm_pool_add_alarm_at_force_in_context
 .text.alarm_pool_cancel_alarm
                0x10000e60       0x74 CMakeFiles/rover_w.dir/Users/admin/.pico-sdk/sdk/2.2.0/src/common/pico_time/time.c.o
                0x10000e60                alarm_pool_cancel_alarm
 .text.alarm_pool_core_num
                0x10000ed4        0x4 CMakeFiles/rover_w.dir/Users/admin/.pico-sdk/sdk/2.2.0/src/common/pico_time/time.c.o
                0x10000ed4                alarm_pool_core_num
 .text.sleep_ms
                0x10000ed8       0xfc CMakeFiles/rover_w.dir/Users/admin/.pico-sdk/sdk/2.2.0/src/common/pico_time/time.c.o
                0x10000ed8                sleep_ms
 .text.best_effort_wfe_or_timeout
                0x10000fd4      0x10c CMakeFiles/rover_w.dir/Users/admin/.pico-sdk/sdk/2.2.0/src/common/pico_time/time.c.o
                0x10000fd4                best_effort_wfe_or_timeout
 .text.timer_hardware_alarm_claim
                0x100010e0       0x14 CMakeFiles/rover_w.dir/Users/admin/.pico-sdk/sdk/2.2.0/src/rp2_common/hardware_timer/timer.c.o
                0x100010e0                timer_hardware_alarm_claim
 .text.timer_time_us_64
                0x100010f4       0x10 CMakeFiles/rover_w.dir/Users/admin/.pico-sdk/sdk/2.2.0/src/rp2_common/hardware_timer/timer.c.o
                0x100010f4                timer_time_us_64
 .text.time_us_64
                0x10001104       0x14 CMakeFiles/rover_w.dir/Users/admin/.pico-sdk/sdk/2.2.0/src/rp2_common/hardware_timer/timer.c.o
                0x10001104                time_us_64
 .text.busy_wait_until
                0x10001118       0x20 CMakeFiles/rover_w.dir/Users/admin/.pico-sdk/sdk/2.2.0/src/rp2_common/hardware_timer/timer.c.o
                0x10001118                busy_wait_until
 .text.clock_configure_int_divider
                0x10001138       0xf4 CMakeFiles/rover_w.dir/Users/admin/.pico-sdk/sdk/2.2.0/src/rp2_common/hardware_clocks/clocks.c.o
                0x10001138                clock_configure_int_divider
 .text.clock_configure_undivided
                0x1000122c       0xe8 CMakeFiles/rover_w.dir/Users/admin/.pico-sdk/sdk/2.2.0/src/rp2_common/hardware_clocks/clocks.c.o
                0x1000122c                clock_configure_undivided
 .text.clock_get_hz
                0x10001314        0xc CMakeFiles/rover_w.dir/Users/admin/.pico-sdk/sdk/2.2.0/src/rp2_common/hardware_clocks/clocks.c.o
                0x10001314                clock_get_hz
 .text.pll_init
                0x10001320       0xa4 CMakeFiles/rover_w.dir/Users/admin/.pico-sdk/sdk/2.2.0/src/rp2_common/hardware_pll/pll.c.o
                0x10001320                pll_init
 .text.watchdog_reboot
                0x100013c4       0x9c CMakeFiles/rover_w.dir/Users/admin/.pico-sdk/sdk/2.2.0/src/rp2_common/hardware_watchdog/watchdog.c.o
                0x100013c4                watchdog_reboot
 .text.tick_start
                0x10001460       0x10 CMakeFiles/rover_w.dir/Users/admin/.pico-sdk/sdk/2.2.0/src/rp2_common/hardware_ticks/ticks.c.o
                0x10001460                tick_start
 .text.rom_func_lookup
                0x10001470       0x10 CMakeFiles/rover_w.dir/Users/admin/.pico-sdk/sdk/2.2.0/src/rp2_common/pico_bootrom/bootrom.c.o
                0x10001470                rom_func_lookup
 .text.rom_data_lookup
                0x10001480       0x10 CMakeFiles/rover_w.dir/Users/admin/.pico-sdk/sdk/2.2.0/src/rp2_common/pico_bootrom/bootrom.c.o
                0x10001480                rom_data_lookup
 .text.rom_funcs_lookup
                0x10001490       0x44 CMakeFiles/rover_w.dir/Users/admin/.pico-sdk/sdk/2.2.0/src/rp2_common/pico_bootrom/bootrom.c.o
                0x10001490                rom_funcs_lookup
 .text.rom_reset_usb_boot_extra
                0x100014d4       0x24 CMakeFiles/rover_w.dir/Users/admin/.pico-sdk/sdk/2.2.0/src/rp2_common/pico_bootrom/bootrom.c.o
                0x100014d4                rom_reset_usb_boot_extra
 .text.xosc_init
                0x100014f8       0x28 CMakeFiles/rover_w.dir/Users/admin/.pico-sdk/sdk/2.2.0/src/rp2_common/hardware_xosc/xosc.c.o
                0x100014f8                xosc_init
 .text.first_per_core_initializer
                0x10001520        0x4 CMakeFiles/rover_w.dir/Users/admin/.pico-sdk/sdk/2.2.0/src/rp2_common/pico_runtime/runtime.c.o
 .text.hard_assertion_failure
                0x10001524        0xc CMakeFiles/rover_w.dir/Users/admin/.pico-sdk/sdk/2.2.0/src/rp2_common/pico_runtime/runtime.c.o
                0x10001524                hard_assertion_failure
 .text.runtime_run_initializers
                0x10001530       0x28 CMakeFiles/rover_w.dir/Users/admin/.pico-sdk/sdk/2.2.0/src/rp2_common/pico_runtime/runtime.c.o
                0x10001530                runtime_run_initializers
 .text.runtime_init_early_resets
                0x10001558       0x2c CMakeFiles/rover_w.dir/Users/admin/.pico-sdk/sdk/2.2.0/src/rp2_common/pico_runtime_init/runtime_init.c.o
                0x10001558                runtime_init_early_resets
 .text.runtime_init_usb_power_down
                0x10001584       0x1c CMakeFiles/rover_w.dir/Users/admin/.pico-sdk/sdk/2.2.0/src/rp2_common/pico_runtime_init/runtime_init.c.o
                0x10001584                runtime_init_usb_power_down
 .text.runtime_init_post_clock_resets
                0x100015a0       0x20 CMakeFiles/rover_w.dir/Users/admin/.pico-sdk/sdk/2.2.0/src/rp2_common/pico_runtime_init/runtime_init.c.o
                0x100015a0                runtime_init_post_clock_resets
 .text.runtime_init_rp2040_gpio_ie_disable
                0x100015c0       0x14 CMakeFiles/rover_w.dir/Users/admin/.pico-sdk/sdk/2.2.0/src/rp2_common/pico_runtime_init/runtime_init.c.o
                0x100015c0                runtime_init_rp2040_gpio_ie_disable
 .text.runtime_init_spin_locks_reset
                0x100015d4        0x8 CMakeFiles/rover_w.dir/Users/admin/.pico-sdk/sdk/2.2.0/src/rp2_common/pico_runtime_init/runtime_init.c.o
                0x100015d4                runtime_init_spin_locks_reset
 .text.runtime_init_install_ram_vector_table
                0x100015dc       0xb4 CMakeFiles/rover_w.dir/Users/admin/.pico-sdk/sdk/2.2.0/src/rp2_common/pico_runtime_init/runtime_init.c.o
                0x100015dc                runtime_init_install_ram_vector_table
 .text.runtime_init_clocks
                0x10001690       0xd8 CMakeFiles/rover_w.dir/Users/admin/.pico-sdk/sdk/2.2.0/src/rp2_common/pico_runtime_init/runtime_init_clocks.c.o
                0x10001690                runtime_init_clocks
 .text          0x10001768       0x10 CMakeFiles/rover_w.dir/Users/admin/.pico-sdk/sdk/2.2.0/src/rp2_common/pico_bit_ops/bit_ops_aeabi.S.o
 .text.__wrap___aeabi_uidiv
                0x10001778       0x4c CMakeFiles/rover_w.dir/Users/admin/.pico-sdk/sdk/2.2.0/src/rp2_common/pico_divider/divider_hardware.S.o
                0x10001778                __wrap___aeabi_uidiv
                0x10001778                __wrap___aeabi_uidivmod
                0x10001778                div_u32u32
                0x10001778                divmod_u32u32
                0x10001780                divmod_u32u32_unsafe
                0x100017a8                divmod_u32u32_savestate
 .text.missing_double_func_shim
                0x100017c4        0xc CMakeFiles/rover_w.dir/Users/admin/.pico-sdk/sdk/2.2.0/src/rp2_common/pico_double/double_init_rom_rp2040.c.o
 .text.__aeabi_double_init
                0x100017d0       0xa0 CMakeFiles/rover_w.dir/Users/admin/.pico-sdk/sdk/2.2.0/src/rp2_common/pico_double/double_init_rom_rp2040.c.o
                0x100017d0                __aeabi_double_init
 .text.double_table_shim_on_use_helper
                0x10001870       0x2c CMakeFiles/rover_w.dir/Users/admin/.pico-sdk/sdk/2.2.0/src/rp2_common/pico_double/double_v1_rom_shim_rp2040.S.o
                0x10001870                double_table_shim_on_use_helper
 .text.__aeabi_lmul
                0x1000189c       0x32 CMakeFiles/rover_w.dir/Users/admin/.pico-sdk/sdk/2.2.0/src/rp2_common/pico_int64_ops/pico_int64_ops_aeabi.S.o
                0x1000189c                __wrap___aeabi_lmul
 *fill*         0x100018ce        0x2 
 .text.missing_float_func_shim
                0x100018d0        0xc CMakeFiles/rover_w.dir/Users/admin/.pico-sdk/sdk/2.2.0/src/rp2_common/pico_float/float_init_rom_rp2040.c.o
 .text.__aeabi_float_init
                0x100018dc       0x5c CMakeFiles/rover_w.dir/Users/admin/.pico-sdk/sdk/2.2.0/src/rp2_common/pico_float/float_init_rom_rp2040.c.o
                0x100018dc                __aeabi_float_init
 .text          0x10001938       0x10 CMakeFiles/rover_w.dir/Users/admin/.pico-sdk/sdk/2.2.0/src/rp2_common/pico_mem_ops/mem_ops_aeabi.S.o
                0x10001938                __aeabi_mem_init
 .text.memset   0x10001948        0xc CMakeFiles/rover_w.dir/Users/admin/.pico-sdk/sdk/2.2.0/src/rp2_common/pico_mem_ops/mem_ops_aeabi.S.o
                0x10001948                __wrap_memset
 .text.memcpy   0x10001954        0xc CMakeFiles/rover_w.dir/Users/admin/.pico-sdk/sdk/2.2.0/src/rp2_common/pico_mem_ops/mem_ops_aeabi.S.o
                0x10001954                __wrap___aeabi_memcpy
                0x10001954                __wrap_memcpy
 .text._out_char
                0x10001960       0x10 CMakeFiles/rover_w.dir/Users/admin/.pico-sdk/sdk/2.2.0/src/rp2_common/pico_printf/printf.c.o
 .text.weak_raw_vprintf
                0x10001970       0x30 CMakeFiles/rover_w.dir/Users/admin/.pico-sdk/sdk/2.2.0/src/rp2_common/pico_printf/printf.c.o
                0x10001970                weak_raw_vprintf
 .text._exit    0x100019a0        0x4 CMakeFiles/rover_w.dir/Users/admin/.pico-sdk/sdk/2.2.0/src/rp2_common/pico_clib_interface/newlib_interface.c.o
                0x100019a0                _exit
 .text.exit     0x100019a4        0x8 CMakeFiles/rover_w.dir/Users/admin/.pico-sdk/sdk/2.2.0/src/rp2_common/pico_clib_interface/newlib_interface.c.o
                0x100019a4                exit
 .text.runtime_init
                0x100019ac       0x2c CMakeFiles/rover_w.dir/Users/admin/.pico-sdk/sdk/2.2.0/src/rp2_common/pico_clib_interface/newlib_interface.c.o
                0x100019ac                runtime_init
 .text.stdio_out_chars_no_crlf
                0x100019d8       0x10 CMakeFiles/rover_w.dir/Users/admin/.pico-sdk/sdk/2.2.0/src/rp2_common/pico_stdio/stdio.c.o
 .text.stdio_out_chars_crlf
                0x100019e8       0xb0 CMakeFiles/rover_w.dir/Users/admin/.pico-sdk/sdk/2.2.0/src/rp2_common/pico_stdio/stdio.c.o
 .text.stdio_put_string
                0x10001a98       0xfc CMakeFiles/rover_w.dir/Users/admin/.pico-sdk/sdk/2.2.0/src/rp2_common/pico_stdio/stdio.c.o
                0x10001a98                stdio_put_string
 .text.stdio_set_driver_enabled
                0x10001b94       0x30 CMakeFiles/rover_w.dir/Users/admin/.pico-sdk/sdk/2.2.0/src/rp2_common/pico_stdio/stdio.c.o
                0x10001b94                stdio_set_driver_enabled
 .text.stdio_init_all
                0x10001bc4        0x8 CMakeFiles/rover_w.dir/Users/admin/.pico-sdk/sdk/2.2.0/src/rp2_common/pico_stdio/stdio.c.o
                0x10001bc4                stdio_init_all
 .text.__wrap_putchar
                0x10001bcc       0x94 CMakeFiles/rover_w.dir/Users/admin/.pico-sdk/sdk/2.2.0/src/rp2_common/pico_stdio/stdio.c.o
                0x10001bcc                stdio_putchar
                0x10001bcc                __wrap_putchar
 .text.__wrap_puts
                0x10001c60       0x3c CMakeFiles/rover_w.dir/Users/admin/.pico-sdk/sdk/2.2.0/src/rp2_common/pico_stdio/stdio.c.o
                0x10001c60                __wrap_puts
                0x10001c60                stdio_puts
 .text.resetd_init
                0x10001c9c        0x4 CMakeFiles/rover_w.dir/Users/admin/.pico-sdk/sdk/2.2.0/src/rp2_common/pico_stdio_usb/reset_interface.c.o
 .text.resetd_reset
                0x10001ca0        0xc CMakeFiles/rover_w.dir/Users/admin/.pico-sdk/sdk/2.2.0/src/rp2_common/pico_stdio_usb/reset_interface.c.o
 .text.resetd_open
                0x10001cac       0x28 CMakeFiles/rover_w.dir/Users/admin/.pico-sdk/sdk/2.2.0/src/rp2_common/pico_stdio_usb/reset_interface.c.o
 .text.resetd_xfer_cb
                0x10001cd4        0x4 CMakeFiles/rover_w.dir/Users/admin/.pico-sdk/sdk/2.2.0/src/rp2_common/pico_stdio_usb/reset_interface.c.o
 .text.resetd_control_xfer_cb
                0x10001cd8       0x54 CMakeFiles/rover_w.dir/Users/admin/.pico-sdk/sdk/2.2.0/src/rp2_common/pico_stdio_usb/reset_interface.c.o
 .text.tud_descriptor_bos_cb
                0x10001d2c        0x8 CMakeFiles/rover_w.dir/Users/admin/.pico-sdk/sdk/2.2.0/src/rp2_common/pico_stdio_usb/reset_interface.c.o
                0x10001d2c                tud_descriptor_bos_cb
 .text.tud_vendor_control_xfer_cb
                0x10001d34       0x34 CMakeFiles/rover_w.dir/Users/admin/.pico-sdk/sdk/2.2.0/src/rp2_common/pico_stdio_usb/reset_interface.c.o
                0x10001d34                tud_vendor_control_xfer_cb
 .text.usbd_app_driver_get_cb
                0x10001d68        0xc CMakeFiles/rover_w.dir/Users/admin/.pico-sdk/sdk/2.2.0/src/rp2_common/pico_stdio_usb/reset_interface.c.o
                0x10001d68                usbd_app_driver_get_cb
 .text.tud_cdc_line_coding_cb
                0x10001d74       0x2c CMakeFiles/rover_w.dir/Users/admin/.pico-sdk/sdk/2.2.0/src/rp2_common/pico_stdio_usb/reset_interface.c.o
                0x10001d74                tud_cdc_line_coding_cb
 .text.stdio_usb_set_chars_available_callback
                0x10001da0       0x14 CMakeFiles/rover_w.dir/Users/admin/.pico-sdk/sdk/2.2.0/src/rp2_common/pico_stdio_usb/stdio_usb.c.o
                0x10001da0                stdio_usb_set_chars_available_callback
 .text.usb_irq  0x10001db4       0x10 CMakeFiles/rover_w.dir/Users/admin/.pico-sdk/sdk/2.2.0/src/rp2_common/pico_stdio_usb/stdio_usb.c.o
 .text.timer_task
                0x10001dc4       0x64 CMakeFiles/rover_w.dir/Users/admin/.pico-sdk/sdk/2.2.0/src/rp2_common/pico_stdio_usb/stdio_usb.c.o
 .text.stdio_usb_in_chars
                0x10001e28       0x8c CMakeFiles/rover_w.dir/Users/admin/.pico-sdk/sdk/2.2.0/src/rp2_common/pico_stdio_usb/stdio_usb.c.o
                0x10001e28                stdio_usb_in_chars
 .text.stdio_usb_out_flush
                0x10001eb4       0x4c CMakeFiles/rover_w.dir/Users/admin/.pico-sdk/sdk/2.2.0/src/rp2_common/pico_stdio_usb/stdio_usb.c.o
 .text.stdio_usb_out_chars
                0x10001f00      0x100 CMakeFiles/rover_w.dir/Users/admin/.pico-sdk/sdk/2.2.0/src/rp2_common/pico_stdio_usb/stdio_usb.c.o
 .text.low_priority_worker_irq
                0x10002000       0xc8 CMakeFiles/rover_w.dir/Users/admin/.pico-sdk/sdk/2.2.0/src/rp2_common/pico_stdio_usb/stdio_usb.c.o
 .text.stdio_usb_init
                0x100020c8       0xe8 CMakeFiles/rover_w.dir/Users/admin/.pico-sdk/sdk/2.2.0/src/rp2_common/pico_stdio_usb/stdio_usb.c.o
                0x100020c8                stdio_usb_init
 .text.stdio_usb_connected
                0x100021b0        0xc CMakeFiles/rover_w.dir/Users/admin/.pico-sdk/sdk/2.2.0/src/rp2_common/pico_stdio_usb/stdio_usb.c.o
                0x100021b0                stdio_usb_connected
 .text.tud_descriptor_device_cb
                0x100021bc        0x8 CMakeFiles/rover_w.dir/Users/admin/.pico-sdk/sdk/2.2.0/src/rp2_common/pico_stdio_usb/stdio_usb_descriptors.c.o
                0x100021bc                tud_descriptor_device_cb
 .text.tud_descriptor_configuration_cb
                0x100021c4        0x8 CMakeFiles/rover_w.dir/Users/admin/.pico-sdk/sdk/2.2.0/src/rp2_common/pico_stdio_usb/stdio_usb_descriptors.c.o
                0x100021c4                tud_descriptor_configuration_cb
 .text.tud_descriptor_string_cb
                0x100021cc       0x78 CMakeFiles/rover_w.dir/Users/admin/.pico-sdk/sdk/2.2.0/src/rp2_common/pico_stdio_usb/stdio_usb_descriptors.c.o
                0x100021cc                tud_descriptor_string_cb
 .text.startup._retrieve_unique_id_on_boot
                0x10002244       0x10 CMakeFiles/rover_w.dir/Users/admin/.pico-sdk/sdk/2.2.0/src/rp2_common/pico_unique_id/unique_id.c.o
 .text.pico_get_unique_board_id_string
                0x10002254      0x1a8 CMakeFiles/rover_w.dir/Users/admin/.pico-sdk/sdk/2.2.0/src/rp2_common/pico_unique_id/unique_id.c.o
                0x10002254                pico_get_unique_board_id_string
 .text.flash_get_unique_id
                0x100023fc       0x3c CMakeFiles/rover_w.dir/Users/admin/.pico-sdk/sdk/2.2.0/src/rp2_common/hardware_flash/flash.c.o
                0x100023fc                flash_get_unique_id
 .text.dcd_init
                0x10002438       0x90 CMakeFiles/rover_w.dir/Users/admin/.pico-sdk/sdk/2.2.0/lib/tinyusb/src/portable/raspberrypi/rp2040/dcd_rp2040.c.o
                0x10002438                dcd_init
 .text.dcd_int_enable
                0x100024c8        0xc CMakeFiles/rover_w.dir/Users/admin/.pico-sdk/sdk/2.2.0/lib/tinyusb/src/portable/raspberrypi/rp2040/dcd_rp2040.c.o
                0x100024c8                dcd_int_enable
 .text.dcd_set_address
                0x100024d4       0x14 CMakeFiles/rover_w.dir/Users/admin/.pico-sdk/sdk/2.2.0/lib/tinyusb/src/portable/raspberrypi/rp2040/dcd_rp2040.c.o
                0x100024d4                dcd_set_address
 .text.dcd_sof_enable
                0x100024e8       0x1c CMakeFiles/rover_w.dir/Users/admin/.pico-sdk/sdk/2.2.0/lib/tinyusb/src/portable/raspberrypi/rp2040/dcd_rp2040.c.o
                0x100024e8                dcd_sof_enable
 .text.dcd_edpt0_status_complete
                0x10002504       0x1c CMakeFiles/rover_w.dir/Users/admin/.pico-sdk/sdk/2.2.0/lib/tinyusb/src/portable/raspberrypi/rp2040/dcd_rp2040.c.o
                0x10002504                dcd_edpt0_status_complete
 .text.dcd_edpt_open
                0x10002520      0x114 CMakeFiles/rover_w.dir/Users/admin/.pico-sdk/sdk/2.2.0/lib/tinyusb/src/portable/raspberrypi/rp2040/dcd_rp2040.c.o
                0x10002520                dcd_edpt_open
 .text.dcd_edpt_close_all
                0x10002634        0x8 CMakeFiles/rover_w.dir/Users/admin/.pico-sdk/sdk/2.2.0/lib/tinyusb/src/portable/raspberrypi/rp2040/dcd_rp2040.c.o
                0x10002634                dcd_edpt_close_all
 .text.dcd_edpt_xfer
                0x1000263c       0x24 CMakeFiles/rover_w.dir/Users/admin/.pico-sdk/sdk/2.2.0/lib/tinyusb/src/portable/raspberrypi/rp2040/dcd_rp2040.c.o
                0x1000263c                dcd_edpt_xfer
 .text.dcd_edpt_stall
                0x10002660       0x3c CMakeFiles/rover_w.dir/Users/admin/.pico-sdk/sdk/2.2.0/lib/tinyusb/src/portable/raspberrypi/rp2040/dcd_rp2040.c.o
                0x10002660                dcd_edpt_stall
 .text.dcd_edpt_clear_stall
                0x1000269c       0x30 CMakeFiles/rover_w.dir/Users/admin/.pico-sdk/sdk/2.2.0/lib/tinyusb/src/portable/raspberrypi/rp2040/dcd_rp2040.c.o
                0x1000269c                dcd_edpt_clear_stall
 .text.rp2040_usb_init
                0x100026cc       0x40 CMakeFiles/rover_w.dir/Users/admin/.pico-sdk/sdk/2.2.0/lib/tinyusb/src/portable/raspberrypi/rp2040/rp2040_usb.c.o
                0x100026cc                rp2040_usb_init
 .text.hw_endpoint_xfer_start
                0x1000270c       0x40 CMakeFiles/rover_w.dir/Users/admin/.pico-sdk/sdk/2.2.0/lib/tinyusb/src/portable/raspberrypi/rp2040/rp2040_usb.c.o
                0x1000270c                hw_endpoint_xfer_start
 .text.tud_event_hook_cb
                0x1000274c        0x4 CMakeFiles/rover_w.dir/Users/admin/.pico-sdk/sdk/2.2.0/lib/tinyusb/src/device/usbd.c.o
                0x1000274c                tud_event_hook_cb
 .text.tud_sof_cb
                0x10002750        0x4 CMakeFiles/rover_w.dir/Users/admin/.pico-sdk/sdk/2.2.0/lib/tinyusb/src/device/usbd.c.o
                0x10002750                tud_sof_cb
 .text.tud_descriptor_device_qualifier_cb
                0x10002754        0x4 CMakeFiles/rover_w.dir/Users/admin/.pico-sdk/sdk/2.2.0/lib/tinyusb/src/device/usbd.c.o
                0x10002754                tud_descriptor_device_qualifier_cb
 .text.tud_descriptor_other_speed_configuration_cb
                0x10002758        0x4 CMakeFiles/rover_w.dir/Users/admin/.pico-sdk/sdk/2.2.0/lib/tinyusb/src/device/usbd.c.o
                0x10002758                tud_descriptor_other_speed_configuration_cb
 .text.tud_mount_cb
                0x1000275c        0x4 CMakeFiles/rover_w.dir/Users/admin/.pico-sdk/sdk/2.2.0/lib/tinyusb/src/device/usbd.c.o
                0x1000275c                tud_mount_cb
 .text.tud_umount_cb
                0x10002760        0x4 CMakeFiles/rover_w.dir/Users/admin/.pico-sdk/sdk/2.2.0/lib/tinyusb/src/device/usbd.c.o
                0x10002760                tud_umount_cb
 .text.tud_suspend_cb
                0x10002764        0x4 CMakeFiles/rover_w.dir/Users/admin/.pico-sdk/sdk/2.2.0/lib/tinyusb/src/device/usbd.c.o
                0x10002764                tud_suspend_cb
 .text.tud_resume_cb
                0x10002768        0x4 CMakeFiles/rover_w.dir/Users/admin/.pico-sdk/sdk/2.2.0/lib/tinyusb/src/device/usbd.c.o
                0x10002768                tud_resume_cb
 .text.tud_mounted
                0x1000276c       0x10 CMakeFiles/rover_w.dir/Users/admin/.pico-sdk/sdk/2.2.0/lib/tinyusb/src/device/usbd.c.o
                0x1000276c                tud_mounted
 .text.tud_suspended
                0x1000277c       0x10 CMakeFiles/rover_w.dir/Users/admin/.pico-sdk/sdk/2.2.0/lib/tinyusb/src/device/usbd.c.o
                0x1000277c                tud_suspended
 .text.tud_rhport_init
                0x1000278c       0xf4 CMakeFiles/rover_w.dir/Users/admin/.pico-sdk/sdk/2.2.0/lib/tinyusb/src/device/usbd.c.o
                0x1000278c                tud_rhport_init
 .text.tud_task_ext
                0x10002880      0x800 CMakeFiles/rover_w.dir/Users/admin/.pico-sdk/sdk/2.2.0/lib/tinyusb/src/device/usbd.c.o
                0x10002880                tud_task_ext
 .text.usbd_open_edpt_pair
                0x10003080       0x9c CMakeFiles/rover_w.dir/Users/admin/.pico-sdk/sdk/2.2.0/lib/tinyusb/src/device/usbd.c.o
                0x10003080                usbd_open_edpt_pair
 .text.usbd_edpt_open
                0x1000311c       0x34 CMakeFiles/rover_w.dir/Users/admin/.pico-sdk/sdk/2.2.0/lib/tinyusb/src/device/usbd.c.o
                0x1000311c                usbd_edpt_open
 .text.usbd_edpt_claim
                0x10003150       0x28 CMakeFiles/rover_w.dir/Users/admin/.pico-sdk/sdk/2.2.0/lib/tinyusb/src/device/usbd.c.o
                0x10003150                usbd_edpt_claim
 .text.usbd_edpt_release
                0x10003178       0x28 CMakeFiles/rover_w.dir/Users/admin/.pico-sdk/sdk/2.2.0/lib/tinyusb/src/device/usbd.c.o
                0x10003178                usbd_edpt_release
 .text.usbd_edpt_xfer
                0x100031a0       0x4c CMakeFiles/rover_w.dir/Users/admin/.pico-sdk/sdk/2.2.0/lib/tinyusb/src/device/usbd.c.o
                0x100031a0                usbd_edpt_xfer
 .text.tud_control_status
                0x100031ec       0x2c CMakeFiles/rover_w.dir/Users/admin/.pico-sdk/sdk/2.2.0/lib/tinyusb/src/device/usbd_control.c.o
                0x100031ec                tud_control_status
 .text.tud_control_xfer
                0x10003218       0xa8 CMakeFiles/rover_w.dir/Users/admin/.pico-sdk/sdk/2.2.0/lib/tinyusb/src/device/usbd_control.c.o
                0x10003218                tud_control_xfer
 .text.usbd_control_reset
                0x100032c0       0x14 CMakeFiles/rover_w.dir/Users/admin/.pico-sdk/sdk/2.2.0/lib/tinyusb/src/device/usbd_control.c.o
                0x100032c0                usbd_control_reset
 .text.usbd_control_set_complete_callback
                0x100032d4        0xc CMakeFiles/rover_w.dir/Users/admin/.pico-sdk/sdk/2.2.0/lib/tinyusb/src/device/usbd_control.c.o
                0x100032d4                usbd_control_set_complete_callback
 .text.usbd_control_set_request
                0x100032e0       0x1c CMakeFiles/rover_w.dir/Users/admin/.pico-sdk/sdk/2.2.0/lib/tinyusb/src/device/usbd_control.c.o
                0x100032e0                usbd_control_set_request
 .text.usbd_control_xfer_cb
                0x100032fc       0xec CMakeFiles/rover_w.dir/Users/admin/.pico-sdk/sdk/2.2.0/lib/tinyusb/src/device/usbd_control.c.o
                0x100032fc                usbd_control_xfer_cb
 .text._prep_out_transaction.isra.0
                0x100033e8       0x6c CMakeFiles/rover_w.dir/Users/admin/.pico-sdk/sdk/2.2.0/lib/tinyusb/src/class/cdc/cdc_device.c.o
 .text.tud_cdc_n_connected
                0x10003454       0x2c CMakeFiles/rover_w.dir/Users/admin/.pico-sdk/sdk/2.2.0/lib/tinyusb/src/class/cdc/cdc_device.c.o
                0x10003454                tud_cdc_n_connected
 .text.tud_cdc_n_available
                0x10003480       0x14 CMakeFiles/rover_w.dir/Users/admin/.pico-sdk/sdk/2.2.0/lib/tinyusb/src/class/cdc/cdc_device.c.o
                0x10003480                tud_cdc_n_available
 .text.tud_cdc_n_read
                0x10003494       0x88 CMakeFiles/rover_w.dir/Users/admin/.pico-sdk/sdk/2.2.0/lib/tinyusb/src/class/cdc/cdc_device.c.o
                0x10003494                tud_cdc_n_read
 .text.tud_cdc_n_write_flush
                0x1000351c       0x74 CMakeFiles/rover_w.dir/Users/admin/.pico-sdk/sdk/2.2.0/lib/tinyusb/src/class/cdc/cdc_device.c.o
                0x1000351c                tud_cdc_n_write_flush
 .text.tud_cdc_n_write
                0x10003590       0x40 CMakeFiles/rover_w.dir/Users/admin/.pico-sdk/sdk/2.2.0/lib/tinyusb/src/class/cdc/cdc_device.c.o
                0x10003590                tud_cdc_n_write
 .text.tud_cdc_n_write_available
                0x100035d0       0x14 CMakeFiles/rover_w.dir/Users/admin/.pico-sdk/sdk/2.2.0/lib/tinyusb/src/class/cdc/cdc_device.c.o
                0x100035d0                tud_cdc_n_write_available
 .text.cdcd_init
                0x100035e4       0x70 CMakeFiles/rover_w.dir/Users/admin/.pico-sdk/sdk/2.2.0/lib/tinyusb/src/class/cdc/cdc_device.c.o
                0x100035e4                cdcd_init
 .text.cdcd_deinit
                0x10003654       0x30 CMakeFiles/rover_w.dir/Users/admin/.pico-sdk/sdk/2.2.0/lib/tinyusb/src/class/cdc/cdc_device.c.o
                0x10003654                cdcd_deinit
 .text.cdcd_reset
                0x10003684       0x4c CMakeFiles/rover_w.dir/Users/admin/.pico-sdk/sdk/2.2.0/lib/tinyusb/src/class/cdc/cdc_device.c.o
                0x10003684                cdcd_reset
 .text.cdcd_open
                0x100036d0       0xa4 CMakeFiles/rover_w.dir/Users/admin/.pico-sdk/sdk/2.2.0/lib/tinyusb/src/class/cdc/cdc_device.c.o
                0x100036d0                cdcd_open
 .text.cdcd_control_xfer_cb
                0x10003774       0xe8 CMakeFiles/rover_w.dir/Users/admin/.pico-sdk/sdk/2.2.0/lib/tinyusb/src/class/cdc/cdc_device.c.o
                0x10003774                cdcd_control_xfer_cb
 .text.cdcd_xfer_cb
                0x1000385c      0x100 CMakeFiles/rover_w.dir/Users/admin/.pico-sdk/sdk/2.2.0/lib/tinyusb/src/class/cdc/cdc_device.c.o
                0x1000385c                cdcd_xfer_cb
 .text.vendord_init
                0x1000395c       0x5c CMakeFiles/rover_w.dir/Users/admin/.pico-sdk/sdk/2.2.0/lib/tinyusb/src/class/vendor/vendor_device.c.o
                0x1000395c                vendord_init
 .text.vendord_deinit
                0x100039b8       0x1c CMakeFiles/rover_w.dir/Users/admin/.pico-sdk/sdk/2.2.0/lib/tinyusb/src/class/vendor/vendor_device.c.o
                0x100039b8                vendord_deinit
 .text.vendord_reset
                0x100039d4       0x28 CMakeFiles/rover_w.dir/Users/admin/.pico-sdk/sdk/2.2.0/lib/tinyusb/src/class/vendor/vendor_device.c.o
                0x100039d4                vendord_reset
 .text.vendord_open
                0x100039fc      0x120 CMakeFiles/rover_w.dir/Users/admin/.pico-sdk/sdk/2.2.0/lib/tinyusb/src/class/vendor/vendor_device.c.o
                0x100039fc                vendord_open
 .text.vendord_xfer_cb
                0x10003b1c       0x9c CMakeFiles/rover_w.dir/Users/admin/.pico-sdk/sdk/2.2.0/lib/tinyusb/src/class/vendor/vendor_device.c.o
                0x10003b1c                vendord_xfer_cb
 .text.tusb_rhport_init
                0x10003bb8       0x4c CMakeFiles/rover_w.dir/Users/admin/.pico-sdk/sdk/2.2.0/lib/tinyusb/src/tusb.c.o
                0x10003bb8                tusb_rhport_init
 .text.tu_edpt_claim
                0x10003c04       0x50 CMakeFiles/rover_w.dir/Users/admin/.pico-sdk/sdk/2.2.0/lib/tinyusb/src/tusb.c.o
                0x10003c04                tu_edpt_claim
 .text.tu_edpt_release
                0x10003c54       0x38 CMakeFiles/rover_w.dir/Users/admin/.pico-sdk/sdk/2.2.0/lib/tinyusb/src/tusb.c.o
                0x10003c54                tu_edpt_release
 .text.tu_edpt_validate
                0x10003c8c       0x7c CMakeFiles/rover_w.dir/Users/admin/.pico-sdk/sdk/2.2.0/lib/tinyusb/src/tusb.c.o
                0x10003c8c                tu_edpt_validate
 .text.tu_edpt_bind_driver
                0x10003d08       0x34 CMakeFiles/rover_w.dir/Users/admin/.pico-sdk/sdk/2.2.0/lib/tinyusb/src/tusb.c.o
                0x10003d08                tu_edpt_bind_driver
 .text.tu_edpt_stream_init
                0x10003d3c       0x6c CMakeFiles/rover_w.dir/Users/admin/.pico-sdk/sdk/2.2.0/lib/tinyusb/src/tusb.c.o
                0x10003d3c                tu_edpt_stream_init
 .text.tu_edpt_stream_deinit
                0x10003da8        0x4 CMakeFiles/rover_w.dir/Users/admin/.pico-sdk/sdk/2.2.0/lib/tinyusb/src/tusb.c.o
                0x10003da8                tu_edpt_stream_deinit
 .text.tu_edpt_stream_write_zlp_if_needed
                0x10003dac       0x68 CMakeFiles/rover_w.dir/Users/admin/.pico-sdk/sdk/2.2.0/lib/tinyusb/src/tusb.c.o
                0x10003dac                tu_edpt_stream_write_zlp_if_needed
 .text.tu_edpt_stream_write_xfer
                0x10003e14       0x68 CMakeFiles/rover_w.dir/Users/admin/.pico-sdk/sdk/2.2.0/lib/tinyusb/src/tusb.c.o
                0x10003e14                tu_edpt_stream_write_xfer
 .text.tu_edpt_stream_read_xfer
                0x10003e7c       0xd8 CMakeFiles/rover_w.dir/Users/admin/.pico-sdk/sdk/2.2.0/lib/tinyusb/src/tusb.c.o
                0x10003e7c                tu_edpt_stream_read_xfer
 .text.tu_fifo_config
                0x10003f54       0x6c CMakeFiles/rover_w.dir/Users/admin/.pico-sdk/sdk/2.2.0/lib/tinyusb/src/common/tusb_fifo.c.o
                0x10003f54                tu_fifo_config
 .text.tu_fifo_count
                0x10003fc0       0x2c CMakeFiles/rover_w.dir/Users/admin/.pico-sdk/sdk/2.2.0/lib/tinyusb/src/common/tusb_fifo.c.o
                0x10003fc0                tu_fifo_count
 .text.tu_fifo_empty
                0x10003fec       0x10 CMakeFiles/rover_w.dir/Users/admin/.pico-sdk/sdk/2.2.0/lib/tinyusb/src/common/tusb_fifo.c.o
                0x10003fec                tu_fifo_empty
 .text.tu_fifo_remaining
                0x10003ffc       0x2c CMakeFiles/rover_w.dir/Users/admin/.pico-sdk/sdk/2.2.0/lib/tinyusb/src/common/tusb_fifo.c.o
                0x10003ffc                tu_fifo_remaining
 .text.tu_fifo_read
                0x10004028       0x9c CMakeFiles/rover_w.dir/Users/admin/.pico-sdk/sdk/2.2.0/lib/tinyusb/src/common/tusb_fifo.c.o
                0x10004028                tu_fifo_read
 .text.tu_fifo_read_n
                0x100040c4       0xe8 CMakeFiles/rover_w.dir/Users/admin/.pico-sdk/sdk/2.2.0/lib/tinyusb/src/common/tusb_fifo.c.o
                0x100040c4                tu_fifo_read_n
 .text.tu_fifo_write
                0x100041ac       0xa4 CMakeFiles/rover_w.dir/Users/admin/.pico-sdk/sdk/2.2.0/lib/tinyusb/src/common/tusb_fifo.c.o
                0x100041ac                tu_fifo_write
 .text.tu_fifo_write_n
                0x10004250      0x178 CMakeFiles/rover_w.dir/Users/admin/.pico-sdk/sdk/2.2.0/lib/tinyusb/src/common/tusb_fifo.c.o
                0x10004250                tu_fifo_write_n
 .text.tu_fifo_clear
                0x100043c8       0x40 CMakeFiles/rover_w.dir/Users/admin/.pico-sdk/sdk/2.2.0/lib/tinyusb/src/common/tusb_fifo.c.o
                0x100043c8                tu_fifo_clear
 .text.tu_fifo_set_overwritable
                0x10004408       0x48 CMakeFiles/rover_w.dir/Users/admin/.pico-sdk/sdk/2.2.0/lib/tinyusb/src/common/tusb_fifo.c.o
                0x10004408                tu_fifo_set_overwritable
 .text.strlen   0x10004450       0x5c /Users/admin/.pico-sdk/toolchain/14_2_Rel1/bin/../lib/gcc/arm-none-eabi/14.2.1/../../../../arm-none-eabi/lib/thumb/v6-m/nofp/libg.a(libc_a-strlen-stub.o)
                0x10004450                strlen
 *(.fini)
 .fini          0x100044ac        0x4 /Users/admin/.pico-sdk/toolchain/14_2_Rel1/bin/../lib/gcc/arm-none-eabi/14.2.1/thumb/v6-m/nofp/crti.o
                0x100044ac                _fini
 .fini.__stub   0x100044b0       0xb0 linker stubs
 *crtbegin.o(.ctors)
 *crtbegin?.o(.ctors)
 *(EXCLUDE_FILE(*crtend.o *crtend?.o) .ctors)
 *(SORT_BY_NAME(.ctors.*))
 *(.ctors)
 *crtbegin.o(.dtors)
 *crtbegin?.o(.dtors)
 *(EXCLUDE_FILE(*crtend.o *crtend?.o) .dtors)
 *(SORT_BY_NAME(.dtors.*))
 *(.dtors)
                0x10004560                        . = ALIGN (0x4)
                0x10004560                        PROVIDE (__preinit_array_start = .)
 *(SORT_BY_NAME(.preinit_array.*))
 .preinit_array.00100
                0x10004560        0x4 CMakeFiles/rover_w.dir/Users/admin/.pico-sdk/sdk/2.2.0/src/rp2_common/pico_runtime_init/runtime_init.c.o
                0x10004560                __pre_init_runtime_init_early_resets
 .preinit_array.00101
                0x10004564        0x4 CMakeFiles/rover_w.dir/Users/admin/.pico-sdk/sdk/2.2.0/src/rp2_common/pico_runtime_init/runtime_init.c.o
                0x10004564                __pre_init_runtime_init_usb_power_down
 .preinit_array.00275
                0x10004568        0x4 CMakeFiles/rover_w.dir/Users/admin/.pico-sdk/sdk/2.2.0/src/rp2_common/pico_bit_ops/bit_ops_aeabi.S.o
 .preinit_array.00300
                0x1000456c        0x4 CMakeFiles/rover_w.dir/Users/admin/.pico-sdk/sdk/2.2.0/src/rp2_common/pico_mem_ops/mem_ops_aeabi.S.o
 .preinit_array.00350
                0x10004570        0x4 CMakeFiles/rover_w.dir/Users/admin/.pico-sdk/sdk/2.2.0/src/rp2_common/pico_double/double_aeabi_rp2040.S.o
 .preinit_array.00350
                0x10004574        0x4 CMakeFiles/rover_w.dir/Users/admin/.pico-sdk/sdk/2.2.0/src/rp2_common/pico_float/float_aeabi_rp2040.S.o
 .preinit_array.00500
                0x10004578        0x4 CMakeFiles/rover_w.dir/Users/admin/.pico-sdk/sdk/2.2.0/src/rp2_common/pico_runtime_init/runtime_init.c.o
                0x10004578                __pre_init_runtime_init_clocks
 .preinit_array.00600
                0x1000457c        0x4 CMakeFiles/rover_w.dir/Users/admin/.pico-sdk/sdk/2.2.0/src/rp2_common/pico_runtime_init/runtime_init.c.o
                0x1000457c                __pre_init_runtime_init_post_clock_resets
 .preinit_array.00700
                0x10004580        0x4 CMakeFiles/rover_w.dir/Users/admin/.pico-sdk/sdk/2.2.0/src/rp2_common/pico_runtime_init/runtime_init.c.o
                0x10004580                __pre_init_runtime_init_rp2040_gpio_ie_disable
 .preinit_array.01000
                0x10004584        0x4 CMakeFiles/rover_w.dir/Users/admin/.pico-sdk/sdk/2.2.0/src/rp2_common/pico_runtime_init/runtime_init.c.o
                0x10004584                __pre_init_runtime_init_spin_locks_reset
 .preinit_array.01100
                0x10004588        0x4 CMakeFiles/rover_w.dir/Users/admin/.pico-sdk/sdk/2.2.0/src/common/pico_sync/mutex.c.o
                0x10004588                __pre_init_runtime_init_mutex
 .preinit_array.10080
                0x1000458c        0x4 CMakeFiles/rover_w.dir/Users/admin/.pico-sdk/sdk/2.2.0/src/rp2_common/pico_runtime_init/runtime_init.c.o
                0x1000458c                __pre_init_runtime_init_install_ram_vector_table
 .preinit_array.11000
                0x10004590        0x4 CMakeFiles/rover_w.dir/Users/admin/.pico-sdk/sdk/2.2.0/src/common/pico_time/time.c.o
                0x10004590                __pre_init_runtime_init_default_alarm_pool
 .preinit_array.YYYYY
                0x10004594        0x4 CMakeFiles/rover_w.dir/Users/admin/.pico-sdk/sdk/2.2.0/src/rp2_common/pico_runtime/runtime.c.o
                0x10004594                __pre_init_first_per_core_initializer
 .preinit_array.ZZZZZ.01200
                0x10004598        0x4 CMakeFiles/rover_w.dir/Users/admin/.pico-sdk/sdk/2.2.0/src/rp2_common/hardware_irq/irq.c.o
                0x10004598                __pre_init_runtime_init_per_core_irq_priorities
 *(.preinit_array)
                0x1000459c                        PROVIDE (__preinit_array_end = .)
                0x1000459c                        . = ALIGN (0x4)
                0x1000459c                        PROVIDE (__init_array_start = .)
 *(SORT_BY_NAME(.init_array.*))
 .init_array.01000
                0x1000459c        0x4 CMakeFiles/rover_w.dir/Users/admin/.pico-sdk/sdk/2.2.0/src/rp2_common/pico_unique_id/unique_id.c.o
 *(.init_array)
 .init_array    0x100045a0        0x4 /Users/admin/.pico-sdk/toolchain/14_2_Rel1/bin/../lib/gcc/arm-none-eabi/14.2.1/thumb/v6-m/nofp/crtbegin.o
                0x100045a4                        PROVIDE (__init_array_end = .)
                0x100045a4                        . = ALIGN (0x4)
                [!provide]                        PROVIDE (__fini_array_start = .)
 *(SORT_BY_NAME(.fini_array.*))
 *(.fini_array)
                [!provide]                        PROVIDE (__fini_array_end = .)
 *(.eh_frame*)
 .eh_frame      0x100045a4        0x0 /Users/admin/.pico-sdk/toolchain/14_2_Rel1/bin/../lib/gcc/arm-none-eabi/14.2.1/thumb/v6-m/nofp/crtbegin.o
                0x100045a4                        . = ALIGN (0x4)

.glue_7         0x100045a4        0x0
 .glue_7        0x100045a4        0x0 linker stubs

.glue_7t        0x100045a4        0x0
 .glue_7t       0x100045a4        0x0 linker stubs

.vfp11_veneer   0x100045a4        0x0
 .vfp11_veneer  0x100045a4        0x0 linker stubs

.v4_bx          0x100045a4        0x0
 .v4_bx         0x100045a4        0x0 linker stubs

.iplt           0x100045a4        0x0
 .iplt          0x100045a4        0x0 /Users/admin/.pico-sdk/toolchain/14_2_Rel1/bin/../lib/gcc/arm-none-eabi/14.2.1/thumb/v6-m/nofp/crtbegin.o

.rodata         0x100045a4      0x43c
 *(EXCLUDE_FILE(*libm.a: *libc.a:*lib_a-mem*.o *libgcc.a:) .rodata*)
 .rodata.main.str1.4
                0x100045a4      0x178 CMakeFiles/rover_w.dir/src/rover_w.cpp.o
                                  0x6 (size before relaxing)
 .rodata.panic.str1.4
                0x1000471c       0x12 CMakeFiles/rover_w.dir/Users/admin/.pico-sdk/sdk/2.2.0/src/rp2_common/pico_platform_panic/panic.c.o
 .rodata.spin_lock_claim_unused.str1.4
                0x1000471c       0x1b CMakeFiles/rover_w.dir/Users/admin/.pico-sdk/sdk/2.2.0/src/rp2_common/hardware_sync/sync.c.o
 .rodata.user_irq_claim_unused.str1.4
                0x1000471c       0x1b CMakeFiles/rover_w.dir/Users/admin/.pico-sdk/sdk/2.2.0/src/rp2_common/hardware_irq/irq.c.o
 .rodata.timer_hardware_alarm_claim.str1.4
                0x1000471c       0x22 CMakeFiles/rover_w.dir/Users/admin/.pico-sdk/sdk/2.2.0/src/rp2_common/hardware_timer/timer.c.o
 .rodata.hard_assertion_failure.str1.4
                0x1000471c        0xc CMakeFiles/rover_w.dir/Users/admin/.pico-sdk/sdk/2.2.0/src/rp2_common/pico_runtime/runtime.c.o
 .rodata.missing_double_func_shim.str1.4
                0x1000471c       0x18 CMakeFiles/rover_w.dir/Users/admin/.pico-sdk/sdk/2.2.0/src/rp2_common/pico_double/double_init_rom_rp2040.c.o
 .rodata.missing_float_func_shim.str1.4
                0x1000471c        0x1 CMakeFiles/rover_w.dir/Users/admin/.pico-sdk/sdk/2.2.0/src/rp2_common/pico_float/float_init_rom_rp2040.c.o
 .rodata.str1.4
                0x1000471c       0x40 CMakeFiles/rover_w.dir/Users/admin/.pico-sdk/sdk/2.2.0/src/rp2_common/pico_standard_binary_info/standard_binary_info.c.o
 .rodata.__bi_84
                0x1000471c        0xc CMakeFiles/rover_w.dir/Users/admin/.pico-sdk/sdk/2.2.0/src/rp2_common/pico_standard_binary_info/standard_binary_info.c.o
 .rodata.__bi_78
                0x10004728        0xc CMakeFiles/rover_w.dir/Users/admin/.pico-sdk/sdk/2.2.0/src/rp2_common/pico_standard_binary_info/standard_binary_info.c.o
 .rodata.__bi_60
                0x10004734        0xc CMakeFiles/rover_w.dir/Users/admin/.pico-sdk/sdk/2.2.0/src/rp2_common/pico_standard_binary_info/standard_binary_info.c.o
 .rodata.__bi_54
                0x10004740        0xc CMakeFiles/rover_w.dir/Users/admin/.pico-sdk/sdk/2.2.0/src/rp2_common/pico_standard_binary_info/standard_binary_info.c.o
 .rodata.__bi_48
                0x1000474c        0xc CMakeFiles/rover_w.dir/Users/admin/.pico-sdk/sdk/2.2.0/src/rp2_common/pico_standard_binary_info/standard_binary_info.c.o
 .rodata.__bi_42
                0x10004758        0xc CMakeFiles/rover_w.dir/Users/admin/.pico-sdk/sdk/2.2.0/src/rp2_common/pico_standard_binary_info/standard_binary_info.c.o
 .rodata.__bi_34
                0x10004764        0xc CMakeFiles/rover_w.dir/Users/admin/.pico-sdk/sdk/2.2.0/src/rp2_common/pico_standard_binary_info/standard_binary_info.c.o
 .rodata.__bi_26
                0x10004770        0xc CMakeFiles/rover_w.dir/Users/admin/.pico-sdk/sdk/2.2.0/src/rp2_common/pico_standard_binary_info/standard_binary_info.c.o
 .rodata.crlf_str.0
                0x1000477c        0x2 CMakeFiles/rover_w.dir/Users/admin/.pico-sdk/sdk/2.2.0/src/rp2_common/pico_stdio/stdio.c.o
 *fill*         0x1000477e        0x2 
 .rodata._resetd_driver
                0x10004780       0x20 CMakeFiles/rover_w.dir/Users/admin/.pico-sdk/sdk/2.2.0/src/rp2_common/pico_stdio_usb/reset_interface.c.o
 .rodata.desc_ms_os_20
                0x100047a0       0xa6 CMakeFiles/rover_w.dir/Users/admin/.pico-sdk/sdk/2.2.0/src/rp2_common/pico_stdio_usb/reset_interface.c.o
 *fill*         0x10004846        0x2 
 .rodata.desc_bos
                0x10004848       0x21 CMakeFiles/rover_w.dir/Users/admin/.pico-sdk/sdk/2.2.0/src/rp2_common/pico_stdio_usb/reset_interface.c.o
                0x10004848                desc_bos
 .rodata.str1.4
                0x10004869       0x13 CMakeFiles/rover_w.dir/Users/admin/.pico-sdk/sdk/2.2.0/src/rp2_common/pico_stdio_usb/stdio_usb.c.o
 *fill*         0x10004869        0x3 
 .rodata.__bi_202.0
                0x1000486c        0xc CMakeFiles/rover_w.dir/Users/admin/.pico-sdk/sdk/2.2.0/src/rp2_common/pico_stdio_usb/stdio_usb.c.o
 .rodata.str1.4
                0x10004878       0x2a CMakeFiles/rover_w.dir/Users/admin/.pico-sdk/sdk/2.2.0/src/rp2_common/pico_stdio_usb/stdio_usb_descriptors.c.o
 .rodata.usbd_desc_str
                0x10004878       0x18 CMakeFiles/rover_w.dir/Users/admin/.pico-sdk/sdk/2.2.0/src/rp2_common/pico_stdio_usb/stdio_usb_descriptors.c.o
 .rodata.usbd_desc_cfg
                0x10004890       0x54 CMakeFiles/rover_w.dir/Users/admin/.pico-sdk/sdk/2.2.0/src/rp2_common/pico_stdio_usb/stdio_usb_descriptors.c.o
 .rodata.usbd_desc_device
                0x100048e4       0x12 CMakeFiles/rover_w.dir/Users/admin/.pico-sdk/sdk/2.2.0/src/rp2_common/pico_stdio_usb/stdio_usb_descriptors.c.o
 .rodata.str1.4
                0x100048f6       0x14 CMakeFiles/rover_w.dir/Users/admin/.pico-sdk/sdk/2.2.0/lib/tinyusb/src/portable/raspberrypi/rp2040/dcd_rp2040.c.o
 .rodata.str1.4
                0x100048f6       0x48 CMakeFiles/rover_w.dir/Users/admin/.pico-sdk/sdk/2.2.0/lib/tinyusb/src/portable/raspberrypi/rp2040/rp2040_usb.c.o
 *fill*         0x100048f6        0x2 
 .rodata.tud_task_ext
                0x100048f8       0x8c CMakeFiles/rover_w.dir/Users/admin/.pico-sdk/sdk/2.2.0/lib/tinyusb/src/device/usbd.c.o
 .rodata        0x10004984       0x1c CMakeFiles/rover_w.dir/Users/admin/.pico-sdk/sdk/2.2.0/lib/tinyusb/src/device/usbd.c.o
 .rodata._usbd_driver
                0x100049a0       0x40 CMakeFiles/rover_w.dir/Users/admin/.pico-sdk/sdk/2.2.0/lib/tinyusb/src/device/usbd.c.o
                0x100049e0                        . = ALIGN (0x4)
 *(SORT_BY_ALIGNMENT(SORT_BY_NAME(.flashdata*)))
                0x100049e0                        . = ALIGN (0x4)

.ARM.extab
 *(.ARM.extab* .gnu.linkonce.armextab.*)
                0x100049e0                        __exidx_start = .

.ARM.exidx
 *(.ARM.exidx* .gnu.linkonce.armexidx.*)
                0x100049e0                        __exidx_end = .
                0x100049e0                        . = ALIGN (0x4)
                0x100049e0                        __binary_info_start = .

.binary_info    0x100049e0       0x24
 *(.binary_info.keep.*)
 .binary_info.keep.__bi_ptr84
                0x100049e0        0x4 CMakeFiles/rover_w.dir/Users/admin/.pico-sdk/sdk/2.2.0/src/rp2_common/pico_standard_binary_info/standard_binary_info.c.o
 .binary_info.keep.__bi_ptr78
                0x100049e4        0x4 CMakeFiles/rover_w.dir/Users/admin/.pico-sdk/sdk/2.2.0/src/rp2_common/pico_standard_binary_info/standard_binary_info.c.o
 .binary_info.keep.__bi_ptr60
                0x100049e8        0x4 CMakeFiles/rover_w.dir/Users/admin/.pico-sdk/sdk/2.2.0/src/rp2_common/pico_standard_binary_info/standard_binary_info.c.o
 .binary_info.keep.__bi_ptr54
                0x100049ec        0x4 CMakeFiles/rover_w.dir/Users/admin/.pico-sdk/sdk/2.2.0/src/rp2_common/pico_standard_binary_info/standard_binary_info.c.o
 .binary_info.keep.__bi_ptr48
                0x100049f0        0x4 CMakeFiles/rover_w.dir/Users/admin/.pico-sdk/sdk/2.2.0/src/rp2_common/pico_standard_binary_info/standard_binary_info.c.o
 .binary_info.keep.__bi_ptr42
                0x100049f4        0x4 CMakeFiles/rover_w.dir/Users/admin/.pico-sdk/sdk/2.2.0/src/rp2_common/pico_standard_binary_info/standard_binary_info.c.o
 .binary_info.keep.__bi_ptr34
                0x100049f8        0x4 CMakeFiles/rover_w.dir/Users/admin/.pico-sdk/sdk/2.2.0/src/rp2_common/pico_standard_binary_info/standard_binary_info.c.o
 .binary_info.keep.__bi_ptr26
                0x100049fc        0x4 CMakeFiles/rover_w.dir/Users/admin/.pico-sdk/sdk/2.2.0/src/rp2_common/pico_standard_binary_info/standard_binary_info.c.o
 *(.binary_info.*)
 .binary_info.__bi_ptr202
                0x10004a00        0x4 CMakeFiles/rover_w.dir/Users/admin/.pico-sdk/sdk/2.2.0/src/rp2_common/pico_stdio_usb/stdio_usb.c.o
                0x10004a04                        __binary_info_end = .
                0x10004a04                        . = ALIGN (0x4)

.ram_vector_table
                0x20000000       0xc0
 *(.ram_vector_table)
 .ram_vector_table
                0x20000000       0xc0 CMakeFiles/rover_w.dir/Users/admin/.pico-sdk/sdk/2.2.0/src/rp2_common/pico_runtime_init/runtime_init.c.o
                0x20000000                ram_vector_table

.uninitialized_data
                0x200000c0        0x0
                0x200000c0                        . = ALIGN (0x4)
 *(.uninitialized_data*)

.data           0x200000c0      0xff0 load address 0x10004a04
                0x200000c0                        __data_start__ = .
 *(vtable)
 *(.time_critical*)
 .time_critical.mutex_try_enter
                0x200000c0       0x40 CMakeFiles/rover_w.dir/Users/admin/.pico-sdk/sdk/2.2.0/src/common/pico_sync/mutex.c.o
                0x200000c0                mutex_try_enter
 .time_critical.mutex_try_enter_block_until
                0x20000100       0x98 CMakeFiles/rover_w.dir/Users/admin/.pico-sdk/sdk/2.2.0/src/common/pico_sync/mutex.c.o
                0x20000100                mutex_try_enter_block_until
 .time_critical.mutex_enter_timeout_ms
                0x20000198       0x8c CMakeFiles/rover_w.dir/Users/admin/.pico-sdk/sdk/2.2.0/src/common/pico_sync/mutex.c.o
                0x20000198                mutex_enter_timeout_ms
 .time_critical.mutex_exit
                0x20000224       0x28 CMakeFiles/rover_w.dir/Users/admin/.pico-sdk/sdk/2.2.0/src/common/pico_sync/mutex.c.o
                0x20000224                mutex_exit
 .time_critical.flash_init_boot2_copyout
                0x2000024c       0x30 CMakeFiles/rover_w.dir/Users/admin/.pico-sdk/sdk/2.2.0/src/rp2_common/hardware_flash/flash.c.o
 .time_critical.flash_enable_xip_via_boot2
                0x2000027c        0xc CMakeFiles/rover_w.dir/Users/admin/.pico-sdk/sdk/2.2.0/src/rp2_common/hardware_flash/flash.c.o
 .time_critical.flash_save_hardware_state
                0x20000288       0x20 CMakeFiles/rover_w.dir/Users/admin/.pico-sdk/sdk/2.2.0/src/rp2_common/hardware_flash/flash.c.o
 .time_critical.flash_restore_hardware_state
                0x200002a8       0x20 CMakeFiles/rover_w.dir/Users/admin/.pico-sdk/sdk/2.2.0/src/rp2_common/hardware_flash/flash.c.o
 .time_critical.flash_cs_force
                0x200002c8       0x38 CMakeFiles/rover_w.dir/Users/admin/.pico-sdk/sdk/2.2.0/src/rp2_common/hardware_flash/flash.c.o
 .time_critical.flash_do_cmd
                0x20000300      0x13c CMakeFiles/rover_w.dir/Users/admin/.pico-sdk/sdk/2.2.0/src/rp2_common/hardware_flash/flash.c.o
                0x20000300                flash_do_cmd
 .time_critical.reset_non_control_endpoints
                0x2000043c       0x68 CMakeFiles/rover_w.dir/Users/admin/.pico-sdk/sdk/2.2.0/lib/tinyusb/src/portable/raspberrypi/rp2040/dcd_rp2040.c.o
 .time_critical.hw_handle_buff_status
                0x200004a4       0xa0 CMakeFiles/rover_w.dir/Users/admin/.pico-sdk/sdk/2.2.0/lib/tinyusb/src/portable/raspberrypi/rp2040/dcd_rp2040.c.o
 .time_critical.dcd_rp2040_irq
                0x20000544      0x548 CMakeFiles/rover_w.dir/Users/admin/.pico-sdk/sdk/2.2.0/lib/tinyusb/src/portable/raspberrypi/rp2040/dcd_rp2040.c.o
 .time_critical.prepare_ep_buffer
                0x20000a8c       0xc8 CMakeFiles/rover_w.dir/Users/admin/.pico-sdk/sdk/2.2.0/lib/tinyusb/src/portable/raspberrypi/rp2040/rp2040_usb.c.o
 .time_critical.sync_ep_buffer
                0x20000b54       0x9c CMakeFiles/rover_w.dir/Users/admin/.pico-sdk/sdk/2.2.0/lib/tinyusb/src/portable/raspberrypi/rp2040/rp2040_usb.c.o
 .time_critical._hw_endpoint_xfer_sync
                0x20000bf0       0x28 CMakeFiles/rover_w.dir/Users/admin/.pico-sdk/sdk/2.2.0/lib/tinyusb/src/portable/raspberrypi/rp2040/rp2040_usb.c.o
 .time_critical.e15_is_bulkin_ep
                0x20000c18       0x28 CMakeFiles/rover_w.dir/Users/admin/.pico-sdk/sdk/2.2.0/lib/tinyusb/src/portable/raspberrypi/rp2040/rp2040_usb.c.o
 .time_critical.e15_is_critical_frame_period
                0x20000c40       0x34 CMakeFiles/rover_w.dir/Users/admin/.pico-sdk/sdk/2.2.0/lib/tinyusb/src/portable/raspberrypi/rp2040/rp2040_usb.c.o
 .time_critical.hw_endpoint_reset_transfer
                0x20000c74        0xc CMakeFiles/rover_w.dir/Users/admin/.pico-sdk/sdk/2.2.0/lib/tinyusb/src/portable/raspberrypi/rp2040/rp2040_usb.c.o
                0x20000c74                hw_endpoint_reset_transfer
 .time_critical._hw_endpoint_buffer_control_update32
                0x20000c80       0x50 CMakeFiles/rover_w.dir/Users/admin/.pico-sdk/sdk/2.2.0/lib/tinyusb/src/portable/raspberrypi/rp2040/rp2040_usb.c.o
                0x20000c80                _hw_endpoint_buffer_control_update32
 .time_critical.hw_endpoint_start_next_buffer
                0x20000cd0       0x68 CMakeFiles/rover_w.dir/Users/admin/.pico-sdk/sdk/2.2.0/lib/tinyusb/src/portable/raspberrypi/rp2040/rp2040_usb.c.o
                0x20000cd0                hw_endpoint_start_next_buffer
 .time_critical.hw_endpoint_xfer_continue
                0x20000d38       0x40 CMakeFiles/rover_w.dir/Users/admin/.pico-sdk/sdk/2.2.0/lib/tinyusb/src/portable/raspberrypi/rp2040/rp2040_usb.c.o
                0x20000d38                hw_endpoint_xfer_continue
 .time_critical.tinyusb
                0x20000d78      0x1e4 CMakeFiles/rover_w.dir/Users/admin/.pico-sdk/sdk/2.2.0/lib/tinyusb/src/device/usbd.c.o
                0x20000d78                dcd_event_handler
 *(.text*)
 .text          0x20000f5c        0x4 /Users/admin/.pico-sdk/toolchain/14_2_Rel1/bin/../lib/gcc/arm-none-eabi/14.2.1/thumb/v6-m/nofp/libgcc.a(_dvmd_tls.o)
                0x20000f5c                __aeabi_ldiv0
                0x20000f5c                __aeabi_idiv0
 .text.__stub   0x20000f60       0x80 linker stubs
                0x20000fe0                        . = ALIGN (0x4)
 *(.rodata*)
                0x20000fe0                        . = ALIGN (0x4)
 *(.data*)
 .data.striped_spin_lock_num
                0x20000fe0        0x1 CMakeFiles/rover_w.dir/Users/admin/.pico-sdk/sdk/2.2.0/src/rp2_common/hardware_sync/sync.c.o
 *fill*         0x20000fe1        0x3 
 .data          0x20000fe4       0x48 CMakeFiles/rover_w.dir/Users/admin/.pico-sdk/sdk/2.2.0/src/rp2_common/hardware_irq/irq_handler_chain.S.o
                0x20000fe4                irq_handler_chain_slots
                0x20001014                irq_handler_chain_first_slot
                0x2000101e                irq_handler_chain_remove_tail
 .data.default_alarm_pool
                0x2000102c       0x18 CMakeFiles/rover_w.dir/Users/admin/.pico-sdk/sdk/2.2.0/src/common/pico_time/time.c.o
 *fill*         0x20001044        0xc 
 .data.aeabi_bits_funcs
                0x20001050       0x10 CMakeFiles/rover_w.dir/Users/admin/.pico-sdk/sdk/2.2.0/src/rp2_common/pico_bit_ops/bit_ops_aeabi.S.o
                0x20001050                aeabi_bits_funcs
                0x20001060                aeabi_bits_funcs_end
 .data.aeabi_mem_funcs
                0x20001060       0x10 CMakeFiles/rover_w.dir/Users/admin/.pico-sdk/sdk/2.2.0/src/rp2_common/pico_mem_ops/mem_ops_aeabi.S.o
                0x20001060                aeabi_mem_funcs
                0x20001070                aeabi_mem_funcs_end
 .data.stdio_usb
                0x20001070       0x18 CMakeFiles/rover_w.dir/Users/admin/.pico-sdk/sdk/2.2.0/src/rp2_common/pico_stdio_usb/stdio_usb.c.o
                0x20001070                stdio_usb
 .data._usbd_qdef
                0x20001088       0x1c CMakeFiles/rover_w.dir/Users/admin/.pico-sdk/sdk/2.2.0/lib/tinyusb/src/device/usbd.c.o
                0x20001088                _usbd_qdef
 .data._usbd_rhport
                0x200010a4        0x1 CMakeFiles/rover_w.dir/Users/admin/.pico-sdk/sdk/2.2.0/lib/tinyusb/src/device/usbd.c.o
                0x200010a8                        . = ALIGN (0x4)
 *fill*         0x200010a5        0x3 
 *(.after_data.*)
                0x200010a8                        . = ALIGN (0x4)
                0x200010a8                        PROVIDE (__mutex_array_start = .)
 *(SORT_BY_NAME(.mutex_array.*))
 *(.mutex_array)
 .mutex_array   0x200010a8        0x8 CMakeFiles/rover_w.dir/Users/admin/.pico-sdk/sdk/2.2.0/src/rp2_common/pico_stdio/stdio.c.o
                0x200010b0                        PROVIDE (__mutex_array_end = .)
                0x200010b0                        . = ALIGN (0x4)
 *(.jcr)
                0x200010b0                        . = ALIGN (0x4)

.tm_clone_table
                0x200010b0        0x0 load address 0x100059f4
 .tm_clone_table
                0x200010b0        0x0 /Users/admin/.pico-sdk/toolchain/14_2_Rel1/bin/../lib/gcc/arm-none-eabi/14.2.1/thumb/v6-m/nofp/crtbegin.o
 .tm_clone_table
                0x200010b0        0x0 /Users/admin/.pico-sdk/toolchain/14_2_Rel1/bin/../lib/gcc/arm-none-eabi/14.2.1/thumb/v6-m/nofp/crtend.o

.igot.plt       0x200010b0        0x0 load address 0x100059f4
 .igot.plt      0x200010b0        0x0 /Users/admin/.pico-sdk/toolchain/14_2_Rel1/bin/../lib/gcc/arm-none-eabi/14.2.1/thumb/v6-m/nofp/crtbegin.o

.tdata          0x200010b0        0x0 load address 0x100059f4
                0x200010b0                        . = ALIGN (0x4)
 *(.tdata .tdata.* .gnu.linkonce.td.*)
                0x200010b0                        __tdata_end = .
                0x200010b0                        PROVIDE (__data_end__ = .)
                0x10004a04                        __etext = LOADADDR (.data)

.tbss           0x200010b0        0x0 load address 0x100059f4
                0x200010b0                        . = ALIGN (0x4)
                0x200010b0                        __bss_start__ = .
                0x200010b0                        __tls_base = .
 *(.tbss .tbss.* .gnu.linkonce.tb.*)
 *(.tcommon)
                0x200010b0                        __tls_end = .

.bss            0x200010b0      0xefc load address 0x100059f4
                0x200010b0                        . = ALIGN (0x4)
                0x200010b0                        __tbss_end = .
 *(SORT_BY_ALIGNMENT(SORT_BY_NAME(.bss*)))
 .bss.default_alarm_pool_entries
                0x200010b0      0x180 CMakeFiles/rover_w.dir/Users/admin/.pico-sdk/sdk/2.2.0/src/common/pico_time/time.c.o
 .bss.last_avail_time.1
                0x20001230        0x8 CMakeFiles/rover_w.dir/Users/admin/.pico-sdk/sdk/2.2.0/src/rp2_common/pico_stdio_usb/stdio_usb.c.o
 .bss.sd_table  0x20001238      0x100 CMakeFiles/rover_w.dir/Users/admin/.pico-sdk/sdk/2.2.0/src/rp2_common/pico_double/double_init_rom_rp2040.c.o
                0x20001238                sd_table
 .bss._app_driver
                0x20001338        0x4 CMakeFiles/rover_w.dir/Users/admin/.pico-sdk/sdk/2.2.0/lib/tinyusb/src/device/usbd.c.o
 .bss._cdcd_epbuf
                0x2000133c       0x80 CMakeFiles/rover_w.dir/Users/admin/.pico-sdk/sdk/2.2.0/lib/tinyusb/src/class/cdc/cdc_device.c.o
 .bss._cdcd_fifo_cfg
                0x200013bc        0x1 CMakeFiles/rover_w.dir/Users/admin/.pico-sdk/sdk/2.2.0/lib/tinyusb/src/class/cdc/cdc_device.c.o
 *fill*         0x200013bd        0x3 
 .bss._cdcd_itf
                0x200013c0       0xc8 CMakeFiles/rover_w.dir/Users/admin/.pico-sdk/sdk/2.2.0/lib/tinyusb/src/class/cdc/cdc_device.c.o
 .bss._ctrl_epbuf
                0x20001488       0x40 CMakeFiles/rover_w.dir/Users/admin/.pico-sdk/sdk/2.2.0/lib/tinyusb/src/device/usbd_control.c.o
 .bss._ctrl_xfer
                0x200014c8       0x14 CMakeFiles/rover_w.dir/Users/admin/.pico-sdk/sdk/2.2.0/lib/tinyusb/src/device/usbd_control.c.o
 .bss._tusb_rhport_role
                0x200014dc        0x2 CMakeFiles/rover_w.dir/Users/admin/.pico-sdk/sdk/2.2.0/lib/tinyusb/src/tusb.c.o
                0x200014dc                _tusb_rhport_role
 *fill*         0x200014de        0x2 
 .bss._ubsd_mutexdef
                0x200014e0        0x8 CMakeFiles/rover_w.dir/Users/admin/.pico-sdk/sdk/2.2.0/lib/tinyusb/src/device/usbd.c.o
 .bss._usbd_dev
                0x200014e8       0x54 CMakeFiles/rover_w.dir/Users/admin/.pico-sdk/sdk/2.2.0/lib/tinyusb/src/device/usbd.c.o
 .bss._usbd_mutex
                0x2000153c        0x4 CMakeFiles/rover_w.dir/Users/admin/.pico-sdk/sdk/2.2.0/lib/tinyusb/src/device/usbd.c.o
 .bss._usbd_q   0x20001540        0x4 CMakeFiles/rover_w.dir/Users/admin/.pico-sdk/sdk/2.2.0/lib/tinyusb/src/device/usbd.c.o
 .bss._usbd_qdef_buf
                0x20001544       0xc0 CMakeFiles/rover_w.dir/Users/admin/.pico-sdk/sdk/2.2.0/lib/tinyusb/src/device/usbd.c.o
                0x20001544                _usbd_qdef_buf
 .bss._vendord_epbuf
                0x20001604       0x80 CMakeFiles/rover_w.dir/Users/admin/.pico-sdk/sdk/2.2.0/lib/tinyusb/src/class/vendor/vendor_device.c.o
 .bss._vendord_itf
                0x20001684      0x24c CMakeFiles/rover_w.dir/Users/admin/.pico-sdk/sdk/2.2.0/lib/tinyusb/src/class/vendor/vendor_device.c.o
 .bss.boot2_copyout
                0x200018d0      0x100 CMakeFiles/rover_w.dir/Users/admin/.pico-sdk/sdk/2.2.0/src/rp2_common/hardware_flash/flash.c.o
 .bss.chars_available_callback
                0x200019d0        0x4 CMakeFiles/rover_w.dir/Users/admin/.pico-sdk/sdk/2.2.0/src/rp2_common/pico_stdio_usb/stdio_usb.c.o
 .bss.chars_available_param
                0x200019d4        0x4 CMakeFiles/rover_w.dir/Users/admin/.pico-sdk/sdk/2.2.0/src/rp2_common/pico_stdio_usb/stdio_usb.c.o
 .bss.claimed   0x200019d8        0x4 CMakeFiles/rover_w.dir/Users/admin/.pico-sdk/sdk/2.2.0/src/rp2_common/hardware_sync/sync.c.o
 .bss.claimed   0x200019dc        0x1 CMakeFiles/rover_w.dir/Users/admin/.pico-sdk/sdk/2.2.0/src/rp2_common/hardware_timer/timer.c.o
 *fill*         0x200019dd        0x3 
 .bss.configured_freq
                0x200019e0       0x28 CMakeFiles/rover_w.dir/Users/admin/.pico-sdk/sdk/2.2.0/src/rp2_common/hardware_clocks/clocks.c.o
 .bss.desc_str.0
                0x20001a08       0x28 CMakeFiles/rover_w.dir/Users/admin/.pico-sdk/sdk/2.2.0/src/rp2_common/pico_stdio_usb/stdio_usb_descriptors.c.o
 .bss.drivers   0x20001a30        0x4 CMakeFiles/rover_w.dir/Users/admin/.pico-sdk/sdk/2.2.0/src/rp2_common/pico_stdio/stdio.c.o
 .bss.e15_last_sof
                0x20001a34        0x4 CMakeFiles/rover_w.dir/Users/admin/.pico-sdk/sdk/2.2.0/lib/tinyusb/src/portable/raspberrypi/rp2040/rp2040_usb.c.o
                0x20001a34                e15_last_sof
 .bss.filter    0x20001a38        0x4 CMakeFiles/rover_w.dir/Users/admin/.pico-sdk/sdk/2.2.0/src/rp2_common/pico_stdio/stdio.c.o
 .bss.hw_endpoints
                0x20001a3c      0x400 CMakeFiles/rover_w.dir/Users/admin/.pico-sdk/sdk/2.2.0/lib/tinyusb/src/portable/raspberrypi/rp2040/dcd_rp2040.c.o
 .bss.lazy_vsnprintf
                0x20001e3c        0x4 CMakeFiles/rover_w.dir/Users/admin/.pico-sdk/sdk/2.2.0/src/rp2_common/pico_printf/printf.c.o
 .bss.load_value
                0x20001e40        0x4 CMakeFiles/rover_w.dir/Users/admin/.pico-sdk/sdk/2.2.0/src/rp2_common/hardware_watchdog/watchdog.c.o
 .bss.next_buffer_ptr
                0x20001e44        0x4 CMakeFiles/rover_w.dir/Users/admin/.pico-sdk/sdk/2.2.0/lib/tinyusb/src/portable/raspberrypi/rp2040/dcd_rp2040.c.o
 .bss.object.0  0x20001e48       0x18 /Users/admin/.pico-sdk/toolchain/14_2_Rel1/bin/../lib/gcc/arm-none-eabi/14.2.1/thumb/v6-m/nofp/crtbegin.o
 .bss.one_shot_timer_crit_sec
                0x20001e60        0x8 CMakeFiles/rover_w.dir/Users/admin/.pico-sdk/sdk/2.2.0/src/rp2_common/pico_stdio_usb/stdio_usb.c.o
 .bss.pools     0x20001e68       0x10 CMakeFiles/rover_w.dir/Users/admin/.pico-sdk/sdk/2.2.0/src/common/pico_time/time.c.o
 .bss.retrieved_id
                0x20001e78        0x8 CMakeFiles/rover_w.dir/Users/admin/.pico-sdk/sdk/2.2.0/src/rp2_common/pico_unique_id/unique_id.c.o
 .bss.sf_clz_func
                0x20001e80        0x4 CMakeFiles/rover_w.dir/Users/admin/.pico-sdk/sdk/2.2.0/src/rp2_common/pico_double/double_init_rom_rp2040.c.o
                0x20001e80                sf_clz_func
 .bss.sf_table  0x20001e84      0x100 CMakeFiles/rover_w.dir/Users/admin/.pico-sdk/sdk/2.2.0/src/rp2_common/pico_float/float_init_rom_rp2040.c.o
                0x20001e84                sf_table
 .bss.sleep_notifier
                0x20001f84        0x4 CMakeFiles/rover_w.dir/Users/admin/.pico-sdk/sdk/2.2.0/src/common/pico_time/time.c.o
 .bss.stdio_usb_mutex
                0x20001f88        0x8 CMakeFiles/rover_w.dir/Users/admin/.pico-sdk/sdk/2.2.0/src/rp2_common/pico_stdio_usb/stdio_usb.c.o
 .bss.usbd_serial_str
                0x20001f90       0x11 CMakeFiles/rover_w.dir/Users/admin/.pico-sdk/sdk/2.2.0/src/rp2_common/pico_stdio_usb/stdio_usb_descriptors.c.o
 .bss._app_driver_count
                0x20001fa1        0x1 CMakeFiles/rover_w.dir/Users/admin/.pico-sdk/sdk/2.2.0/lib/tinyusb/src/device/usbd.c.o
 .bss._sof_enable
                0x20001fa2        0x1 CMakeFiles/rover_w.dir/Users/admin/.pico-sdk/sdk/2.2.0/lib/tinyusb/src/portable/raspberrypi/rp2040/dcd_rp2040.c.o
 .bss._usbd_queued_setup
                0x20001fa3        0x1 CMakeFiles/rover_w.dir/Users/admin/.pico-sdk/sdk/2.2.0/lib/tinyusb/src/device/usbd.c.o
 .bss.boot2_copyout_valid
                0x20001fa4        0x1 CMakeFiles/rover_w.dir/Users/admin/.pico-sdk/sdk/2.2.0/src/rp2_common/hardware_flash/flash.c.o
 .bss.irq_handler_chain_free_slot_head
                0x20001fa5        0x1 CMakeFiles/rover_w.dir/Users/admin/.pico-sdk/sdk/2.2.0/src/rp2_common/hardware_irq/irq.c.o
 .bss.itf_num   0x20001fa6        0x1 CMakeFiles/rover_w.dir/Users/admin/.pico-sdk/sdk/2.2.0/src/rp2_common/pico_stdio_usb/reset_interface.c.o
 .bss.low_priority_irq_num
                0x20001fa7        0x1 CMakeFiles/rover_w.dir/Users/admin/.pico-sdk/sdk/2.2.0/src/rp2_common/pico_stdio_usb/stdio_usb.c.o
 .bss.one_shot_timer_pending
                0x20001fa8        0x1 CMakeFiles/rover_w.dir/Users/admin/.pico-sdk/sdk/2.2.0/src/rp2_common/pico_stdio_usb/stdio_usb.c.o
 .bss.user_irq_claimed
                0x20001fa9        0x1 CMakeFiles/rover_w.dir/Users/admin/.pico-sdk/sdk/2.2.0/src/rp2_common/hardware_irq/irq.c.o
 *(COMMON)
                0x20001fac                        . = ALIGN (0x4)
 *fill*         0x20001faa        0x2 
                0x20001fac                        __bss_end__ = .

.heap           0x20001fac      0x800 load address 0x100059f4
                0x20001fac                        __end__ = .
                0x20001fac                        end = __end__
 *(.heap*)
 .heap          0x20001fac      0x800 CMakeFiles/rover_w.dir/Users/admin/.pico-sdk/sdk/2.2.0/src/rp2_common/pico_crt0/crt0.S.o
                0x20040000                        __HeapLimit = (ORIGIN (RAM) + LENGTH (RAM))

.scratch_x      0x20040000        0x0 load address 0x100059f4
                0x20040000                        __scratch_x_start__ = .
 *(.scratch_x.*)
                0x20040000                        . = ALIGN (0x4)
                0x20040000                        __scratch_x_end__ = .
                0x100059f4                        __scratch_x_source__ = LOADADDR (.scratch_x)

.scratch_y      0x20041000        0x0 load address 0x100059f4
                0x20041000                        __scratch_y_start__ = .
 *(.scratch_y.*)
                0x20041000                        . = ALIGN (0x4)
                0x20041000                        __scratch_y_end__ = .
                0x100059f4                        __scratch_y_source__ = LOADADDR (.scratch_y)

.stack1_dummy
 *(.stack1*)

.stack_dummy    0x20041000      0x800
 *(.stack*)
 .stack         0x20041000      0x800 CMakeFiles/rover_w.dir/Users/admin/.pico-sdk/sdk/2.2.0/src/rp2_common/pico_crt0/crt0.S.o

.rel.dyn        0x20041800        0x0
 .rel.iplt      0x20041800        0x0 /Users/admin/.pico-sdk/toolchain/14_2_Rel1/bin/../lib/gcc/arm-none-eabi/14.2.1/thumb/v6-m/nofp/crtbegin.o

.flash_end      0x100059f4        0x0
 *(.embedded_end_block*)
                0x100059f4                        PROVIDE (__flash_binary_end = .)
                0x20040000                        __StackLimit = (ORIGIN (RAM) + LENGTH (RAM))
                0x20041000                        __StackOneTop = (ORIGIN (SCRATCH_X) + LENGTH (SCRATCH_X))
                0x20042000                        __StackTop = (ORIGIN (SCRATCH_Y) + LENGTH (SCRATCH_Y))
                0x20041000                        __StackOneBottom = (__StackOneTop - SIZEOF (.stack1_dummy))
                0x20041800                        __StackBottom = (__StackTop - SIZEOF (.stack_dummy))
                0x20042000                        PROVIDE (__stack = __StackTop)
                [!provide]                        PROVIDE (__heap_start = __end__)
                [!provide]                        PROVIDE (__heap_end = __HeapLimit)
                [!provide]                        PROVIDE (__tls_align = MAX (ALIGNOF (.tdata), ALIGNOF (.tbss)))
                [!provide]                        PROVIDE (__tls_size_align = (((__tls_size + __tls_align) - 0x1) & ~ ((__tls_align - 0x1))))
                [!provide]                        PROVIDE (__arm32_tls_tcb_offset = MAX (0x8, __tls_align))
                [!provide]                        PROVIDE (_end = __end__)
                [!provide]                        PROVIDE (__llvm_libc_heap_limit = __HeapLimit)
                0x00000001                        ASSERT ((__StackLimit >= __HeapLimit), region RAM overflowed)
                0x00000001                        ASSERT (((__binary_info_header_end - __logical_binary_start) <= 0x100), Binary info must be in first 256 bytes of the binary)
LOAD CMakeFiles/rover_w.dir/src/rover_w.cpp.o
LOAD CMakeFiles/rover_w.dir/src/lidar.cpp.o
LOAD CMakeFiles/rover_w.dir/src/pwm.cpp.o
LOAD CMakeFiles/rover_w.dir/Users/admin/.pico-sdk/sdk/2.2.0/src/rp2_common/pico_stdlib/stdlib.c.o
LOAD CMakeFiles/rover_w.dir/Users/admin/.pico-sdk/sdk/2.2.0/src/rp2_common/hardware_gpio/gpio.c.o
LOAD CMakeFiles/rover_w.dir/Users/admin/.pico-sdk/sdk/2.2.0/src/rp2040/pico_platform/platform.c.o
LOAD CMakeFiles/rover_w.dir/Users/admin/.pico-sdk/sdk/2.2.0/src/rp2_common/pico_platform_common/common.c.o
LOAD CMakeFiles/rover_w.dir/Users/admin/.pico-sdk/sdk/2.2.0/src/rp2_common/pico_platform_panic/panic.c.o
LOAD CMakeFiles/rover_w.dir/Users/admin/.pico-sdk/sdk/2.2.0/src/common/hardware_claim/claim.c.o
LOAD CMakeFiles/rover_w.dir/Users/admin/.pico-sdk/sdk/2.2.0/src/rp2_common/hardware_sync/sync.c.o
LOAD CMakeFiles/rover_w.dir/Users/admin/.pico-sdk/sdk/2.2.0/src/rp2_common/hardware_sync_spin_lock/sync_spin_lock.c.o
LOAD CMakeFiles/rover_w.dir/Users/admin/.pico-sdk/sdk/2.2.0/src/rp2_common/hardware_irq/irq.c.o
LOAD CMakeFiles/rover_w.dir/Users/admin/.pico-sdk/sdk/2.2.0/src/rp2_common/hardware_irq/irq_handler_chain.S.o
LOAD CMakeFiles/rover_w.dir/Users/admin/.pico-sdk/sdk/2.2.0/src/common/pico_sync/sem.c.o
LOAD CMakeFiles/rover_w.dir/Users/admin/.pico-sdk/sdk/2.2.0/src/common/pico_sync/lock_core.c.o
LOAD CMakeFiles/rover_w.dir/Users/admin/.pico-sdk/sdk/2.2.0/src/common/pico_sync/mutex.c.o
LOAD CMakeFiles/rover_w.dir/Users/admin/.pico-sdk/sdk/2.2.0/src/common/pico_sync/critical_section.c.o
LOAD CMakeFiles/rover_w.dir/Users/admin/.pico-sdk/sdk/2.2.0/src/common/pico_time/time.c.o
LOAD CMakeFiles/rover_w.dir/Users/admin/.pico-sdk/sdk/2.2.0/src/common/pico_time/timeout_helper.c.o
LOAD CMakeFiles/rover_w.dir/Users/admin/.pico-sdk/sdk/2.2.0/src/rp2_common/hardware_timer/timer.c.o
LOAD CMakeFiles/rover_w.dir/Users/admin/.pico-sdk/sdk/2.2.0/src/common/pico_util/datetime.c.o
LOAD CMakeFiles/rover_w.dir/Users/admin/.pico-sdk/sdk/2.2.0/src/common/pico_util/pheap.c.o
LOAD CMakeFiles/rover_w.dir/Users/admin/.pico-sdk/sdk/2.2.0/src/common/pico_util/queue.c.o
LOAD CMakeFiles/rover_w.dir/Users/admin/.pico-sdk/sdk/2.2.0/src/rp2_common/hardware_uart/uart.c.o
LOAD CMakeFiles/rover_w.dir/Users/admin/.pico-sdk/sdk/2.2.0/src/rp2_common/hardware_clocks/clocks.c.o
LOAD CMakeFiles/rover_w.dir/Users/admin/.pico-sdk/sdk/2.2.0/src/rp2_common/hardware_pll/pll.c.o
LOAD CMakeFiles/rover_w.dir/Users/admin/.pico-sdk/sdk/2.2.0/src/rp2_common/hardware_vreg/vreg.c.o
LOAD CMakeFiles/rover_w.dir/Users/admin/.pico-sdk/sdk/2.2.0/src/rp2_common/hardware_watchdog/watchdog.c.o
LOAD CMakeFiles/rover_w.dir/Users/admin/.pico-sdk/sdk/2.2.0/src/rp2_common/hardware_ticks/ticks.c.o
LOAD CMakeFiles/rover_w.dir/Users/admin/.pico-sdk/sdk/2.2.0/src/rp2_common/pico_bootrom/bootrom.c.o
LOAD CMakeFiles/rover_w.dir/Users/admin/.pico-sdk/sdk/2.2.0/src/rp2_common/pico_bootrom/bootrom_lock.c.o
LOAD CMakeFiles/rover_w.dir/Users/admin/.pico-sdk/sdk/2.2.0/src/rp2_common/hardware_boot_lock/boot_lock.c.o
LOAD CMakeFiles/rover_w.dir/Users/admin/.pico-sdk/sdk/2.2.0/src/rp2_common/pico_flash/flash.c.o
LOAD CMakeFiles/rover_w.dir/Users/admin/.pico-sdk/sdk/2.2.0/src/rp2_common/hardware_xosc/xosc.c.o
LOAD CMakeFiles/rover_w.dir/Users/admin/.pico-sdk/sdk/2.2.0/src/rp2_common/hardware_divider/divider.S.o
LOAD CMakeFiles/rover_w.dir/Users/admin/.pico-sdk/sdk/2.2.0/src/rp2_common/pico_runtime/runtime.c.o
LOAD CMakeFiles/rover_w.dir/Users/admin/.pico-sdk/sdk/2.2.0/src/rp2_common/pico_runtime_init/runtime_init.c.o
LOAD CMakeFiles/rover_w.dir/Users/admin/.pico-sdk/sdk/2.2.0/src/rp2_common/pico_runtime_init/runtime_init_clocks.c.o
LOAD CMakeFiles/rover_w.dir/Users/admin/.pico-sdk/sdk/2.2.0/src/rp2_common/pico_runtime_init/runtime_init_stack_guard.c.o
LOAD CMakeFiles/rover_w.dir/Users/admin/.pico-sdk/sdk/2.2.0/src/rp2_common/pico_bit_ops/bit_ops_aeabi.S.o
LOAD CMakeFiles/rover_w.dir/Users/admin/.pico-sdk/sdk/2.2.0/src/rp2_common/pico_divider/divider_hardware.S.o
LOAD CMakeFiles/rover_w.dir/Users/admin/.pico-sdk/sdk/2.2.0/src/rp2_common/pico_double/double_aeabi_rp2040.S.o
LOAD CMakeFiles/rover_w.dir/Users/admin/.pico-sdk/sdk/2.2.0/src/rp2_common/pico_double/double_init_rom_rp2040.c.o
LOAD CMakeFiles/rover_w.dir/Users/admin/.pico-sdk/sdk/2.2.0/src/rp2_common/pico_double/double_math.c.o
LOAD CMakeFiles/rover_w.dir/Users/admin/.pico-sdk/sdk/2.2.0/src/rp2_common/pico_double/double_v1_rom_shim_rp2040.S.o
LOAD CMakeFiles/rover_w.dir/Users/admin/.pico-sdk/sdk/2.2.0/src/rp2_common/pico_int64_ops/pico_int64_ops_aeabi.S.o
LOAD CMakeFiles/rover_w.dir/Users/admin/.pico-sdk/sdk/2.2.0/src/rp2_common/pico_float/float_aeabi_rp2040.S.o
LOAD CMakeFiles/rover_w.dir/Users/admin/.pico-sdk/sdk/2.2.0/src/rp2_common/pico_float/float_init_rom_rp2040.c.o
LOAD CMakeFiles/rover_w.dir/Users/admin/.pico-sdk/sdk/2.2.0/src/rp2_common/pico_float/float_math.c.o
LOAD CMakeFiles/rover_w.dir/Users/admin/.pico-sdk/sdk/2.2.0/src/rp2_common/pico_float/float_v1_rom_shim_rp2040.S.o
LOAD CMakeFiles/rover_w.dir/Users/admin/.pico-sdk/sdk/2.2.0/src/rp2_common/pico_malloc/malloc.c.o
LOAD CMakeFiles/rover_w.dir/Users/admin/.pico-sdk/sdk/2.2.0/src/rp2_common/pico_mem_ops/mem_ops_aeabi.S.o
LOAD CMakeFiles/rover_w.dir/Users/admin/.pico-sdk/sdk/2.2.0/src/rp2_common/pico_atomic/atomic.c.o
LOAD CMakeFiles/rover_w.dir/Users/admin/.pico-sdk/sdk/2.2.0/src/rp2_common/pico_cxx_options/new_delete.cpp.o
LOAD CMakeFiles/rover_w.dir/Users/admin/.pico-sdk/sdk/2.2.0/src/rp2_common/pico_standard_binary_info/standard_binary_info.c.o
LOAD CMakeFiles/rover_w.dir/Users/admin/.pico-sdk/sdk/2.2.0/src/rp2_common/pico_printf/printf.c.o
LOAD CMakeFiles/rover_w.dir/Users/admin/.pico-sdk/sdk/2.2.0/src/rp2_common/pico_crt0/crt0.S.o
LOAD CMakeFiles/rover_w.dir/Users/admin/.pico-sdk/sdk/2.2.0/src/rp2_common/pico_clib_interface/newlib_interface.c.o
LOAD CMakeFiles/rover_w.dir/Users/admin/.pico-sdk/sdk/2.2.0/src/rp2_common/pico_stdio/stdio.c.o
LOAD CMakeFiles/rover_w.dir/Users/admin/.pico-sdk/sdk/2.2.0/src/rp2_common/pico_stdio_usb/reset_interface.c.o
LOAD CMakeFiles/rover_w.dir/Users/admin/.pico-sdk/sdk/2.2.0/src/rp2_common/pico_stdio_usb/stdio_usb.c.o
LOAD CMakeFiles/rover_w.dir/Users/admin/.pico-sdk/sdk/2.2.0/src/rp2_common/pico_stdio_usb/stdio_usb_descriptors.c.o
LOAD CMakeFiles/rover_w.dir/Users/admin/.pico-sdk/sdk/2.2.0/src/rp2_common/pico_unique_id/unique_id.c.o
LOAD CMakeFiles/rover_w.dir/Users/admin/.pico-sdk/sdk/2.2.0/src/rp2_common/hardware_flash/flash.c.o
LOAD CMakeFiles/rover_w.dir/Users/admin/.pico-sdk/sdk/2.2.0/src/rp2_common/hardware_xip_cache/xip_cache.c.o
LOAD CMakeFiles/rover_w.dir/Users/admin/.pico-sdk/sdk/2.2.0/lib/tinyusb/src/portable/raspberrypi/rp2040/dcd_rp2040.c.o
LOAD CMakeFiles/rover_w.dir/Users/admin/.pico-sdk/sdk/2.2.0/lib/tinyusb/src/portable/raspberrypi/rp2040/rp2040_usb.c.o
LOAD CMakeFiles/rover_w.dir/Users/admin/.pico-sdk/sdk/2.2.0/lib/tinyusb/src/device/usbd.c.o
LOAD CMakeFiles/rover_w.dir/Users/admin/.pico-sdk/sdk/2.2.0/lib/tinyusb/src/device/usbd_control.c.o
LOAD CMakeFiles/rover_w.dir/Users/admin/.pico-sdk/sdk/2.2.0/lib/tinyusb/src/class/audio/audio_device.c.o
LOAD CMakeFiles/rover_w.dir/Users/admin/.pico-sdk/sdk/2.2.0/lib/tinyusb/src/class/cdc/cdc_device.c.o
LOAD CMakeFiles/rover_w.dir/Users/admin/.pico-sdk/sdk/2.2.0/lib/tinyusb/src/class/dfu/dfu_device.c.o
LOAD CMakeFiles/rover_w.dir/Users/admin/.pico-sdk/sdk/2.2.0/lib/tinyusb/src/class/dfu/dfu_rt_device.c.o
LOAD CMakeFiles/rover_w.dir/Users/admin/.pico-sdk/sdk/2.2.0/lib/tinyusb/src/class/hid/hid_device.c.o
LOAD CMakeFiles/rover_w.dir/Users/admin/.pico-sdk/sdk/2.2.0/lib/tinyusb/src/class/midi/midi_device.c.o
LOAD CMakeFiles/rover_w.dir/Users/admin/.pico-sdk/sdk/2.2.0/lib/tinyusb/src/class/msc/msc_device.c.o
LOAD CMakeFiles/rover_w.dir/Users/admin/.pico-sdk/sdk/2.2.0/lib/tinyusb/src/class/net/ecm_rndis_device.c.o
LOAD CMakeFiles/rover_w.dir/Users/admin/.pico-sdk/sdk/2.2.0/lib/tinyusb/src/class/net/ncm_device.c.o
LOAD CMakeFiles/rover_w.dir/Users/admin/.pico-sdk/sdk/2.2.0/lib/tinyusb/src/class/usbtmc/usbtmc_device.c.o
LOAD CMakeFiles/rover_w.dir/Users/admin/.pico-sdk/sdk/2.2.0/lib/tinyusb/src/class/vendor/vendor_device.c.o
LOAD CMakeFiles/rover_w.dir/Users/admin/.pico-sdk/sdk/2.2.0/lib/tinyusb/src/class/video/video_device.c.o
LOAD CMakeFiles/rover_w.dir/Users/admin/.pico-sdk/sdk/2.2.0/lib/tinyusb/src/tusb.c.o
LOAD CMakeFiles/rover_w.dir/Users/admin/.pico-sdk/sdk/2.2.0/lib/tinyusb/src/common/tusb_fifo.c.o
LOAD CMakeFiles/rover_w.dir/Users/admin/.pico-sdk/sdk/2.2.0/src/rp2_common/pico_fix/rp2040_usb_device_enumeration/rp2040_usb_device_enumeration.c.o
LOAD CMakeFiles/rover_w.dir/Users/admin/.pico-sdk/sdk/2.2.0/src/rp2_common/pico_lwip/lwip_nosys.c.o
LOAD CMakeFiles/rover_w.dir/Users/admin/.pico-sdk/sdk/2.2.0/src/rp2_common/pico_async_context/async_context_base.c.o
LOAD CMakeFiles/rover_w.dir/Users/admin/.pico-sdk/sdk/2.2.0/src/rp2_common/pico_rand/rand.c.o
LOAD CMakeFiles/rover_w.dir/Users/admin/.pico-sdk/sdk/2.2.0/lib/lwip/src/core/init.c.o
LOAD CMakeFiles/rover_w.dir/Users/admin/.pico-sdk/sdk/2.2.0/lib/lwip/src/core/def.c.o
LOAD CMakeFiles/rover_w.dir/Users/admin/.pico-sdk/sdk/2.2.0/lib/lwip/src/core/dns.c.o
LOAD CMakeFiles/rover_w.dir/Users/admin/.pico-sdk/sdk/2.2.0/lib/lwip/src/core/inet_chksum.c.o
LOAD CMakeFiles/rover_w.dir/Users/admin/.pico-sdk/sdk/2.2.0/lib/lwip/src/core/ip.c.o
LOAD CMakeFiles/rover_w.dir/Users/admin/.pico-sdk/sdk/2.2.0/lib/lwip/src/core/mem.c.o
LOAD CMakeFiles/rover_w.dir/Users/admin/.pico-sdk/sdk/2.2.0/lib/lwip/src/core/memp.c.o
LOAD CMakeFiles/rover_w.dir/Users/admin/.pico-sdk/sdk/2.2.0/lib/lwip/src/core/netif.c.o
LOAD CMakeFiles/rover_w.dir/Users/admin/.pico-sdk/sdk/2.2.0/lib/lwip/src/core/pbuf.c.o
LOAD CMakeFiles/rover_w.dir/Users/admin/.pico-sdk/sdk/2.2.0/lib/lwip/src/core/raw.c.o
LOAD CMakeFiles/rover_w.dir/Users/admin/.pico-sdk/sdk/2.2.0/lib/lwip/src/core/stats.c.o
LOAD CMakeFiles/rover_w.dir/Users/admin/.pico-sdk/sdk/2.2.0/lib/lwip/src/core/sys.c.o
LOAD CMakeFiles/rover_w.dir/Users/admin/.pico-sdk/sdk/2.2.0/lib/lwip/src/core/altcp.c.o
LOAD CMakeFiles/rover_w.dir/Users/admin/.pico-sdk/sdk/2.2.0/lib/lwip/src/core/altcp_alloc.c.o
LOAD CMakeFiles/rover_w.dir/Users/admin/.pico-sdk/sdk/2.2.0/lib/lwip/src/core/altcp_tcp.c.o
LOAD CMakeFiles/rover_w.dir/Users/admin/.pico-sdk/sdk/2.2.0/lib/lwip/src/core/tcp.c.o
LOAD CMakeFiles/rover_w.dir/Users/admin/.pico-sdk/sdk/2.2.0/lib/lwip/src/core/tcp_in.c.o
LOAD CMakeFiles/rover_w.dir/Users/admin/.pico-sdk/sdk/2.2.0/lib/lwip/src/core/tcp_out.c.o
LOAD CMakeFiles/rover_w.dir/Users/admin/.pico-sdk/sdk/2.2.0/lib/lwip/src/core/timeouts.c.o
LOAD CMakeFiles/rover_w.dir/Users/admin/.pico-sdk/sdk/2.2.0/lib/lwip/src/core/udp.c.o
LOAD CMakeFiles/rover_w.dir/Users/admin/.pico-sdk/sdk/2.2.0/lib/lwip/src/core/ipv4/autoip.c.o
LOAD CMakeFiles/rover_w.dir/Users/admin/.pico-sdk/sdk/2.2.0/lib/lwip/src/core/ipv4/dhcp.c.o
LOAD CMakeFiles/rover_w.dir/Users/admin/.pico-sdk/sdk/2.2.0/lib/lwip/src/core/ipv4/etharp.c.o
LOAD CMakeFiles/rover_w.dir/Users/admin/.pico-sdk/sdk/2.2.0/lib/lwip/src/core/ipv4/icmp.c.o
LOAD CMakeFiles/rover_w.dir/Users/admin/.pico-sdk/sdk/2.2.0/lib/lwip/src/core/ipv4/igmp.c.o
LOAD CMakeFiles/rover_w.dir/Users/admin/.pico-sdk/sdk/2.2.0/lib/lwip/src/core/ipv4/ip4_frag.c.o
LOAD CMakeFiles/rover_w.dir/Users/admin/.pico-sdk/sdk/2.2.0/lib/lwip/src/core/ipv4/ip4.c.o
LOAD CMakeFiles/rover_w.dir/Users/admin/.pico-sdk/sdk/2.2.0/lib/lwip/src/core/ipv4/ip4_addr.c.o
LOAD CMakeFiles/rover_w.dir/Users/admin/.pico-sdk/sdk/2.2.0/lib/lwip/src/core/ipv4/acd.c.o
LOAD CMakeFiles/rover_w.dir/Users/admin/.pico-sdk/sdk/2.2.0/lib/lwip/src/core/ipv6/dhcp6.c.o
LOAD CMakeFiles/rover_w.dir/Users/admin/.pico-sdk/sdk/2.2.0/lib/lwip/src/core/ipv6/ethip6.c.o
LOAD CMakeFiles/rover_w.dir/Users/admin/.pico-sdk/sdk/2.2.0/lib/lwip/src/core/ipv6/icmp6.c.o
LOAD CMakeFiles/rover_w.dir/Users/admin/.pico-sdk/sdk/2.2.0/lib/lwip/src/core/ipv6/inet6.c.o
LOAD CMakeFiles/rover_w.dir/Users/admin/.pico-sdk/sdk/2.2.0/lib/lwip/src/core/ipv6/ip6.c.o
LOAD CMakeFiles/rover_w.dir/Users/admin/.pico-sdk/sdk/2.2.0/lib/lwip/src/core/ipv6/ip6_addr.c.o
LOAD CMakeFiles/rover_w.dir/Users/admin/.pico-sdk/sdk/2.2.0/lib/lwip/src/core/ipv6/ip6_frag.c.o
LOAD CMakeFiles/rover_w.dir/Users/admin/.pico-sdk/sdk/2.2.0/lib/lwip/src/core/ipv6/mld6.c.o
LOAD CMakeFiles/rover_w.dir/Users/admin/.pico-sdk/sdk/2.2.0/lib/lwip/src/core/ipv6/nd6.c.o
LOAD CMakeFiles/rover_w.dir/Users/admin/.pico-sdk/sdk/2.2.0/lib/lwip/src/api/api_lib.c.o
LOAD CMakeFiles/rover_w.dir/Users/admin/.pico-sdk/sdk/2.2.0/lib/lwip/src/api/api_msg.c.o
LOAD CMakeFiles/rover_w.dir/Users/admin/.pico-sdk/sdk/2.2.0/lib/lwip/src/api/err.c.o
LOAD CMakeFiles/rover_w.dir/Users/admin/.pico-sdk/sdk/2.2.0/lib/lwip/src/api/if_api.c.o
LOAD CMakeFiles/rover_w.dir/Users/admin/.pico-sdk/sdk/2.2.0/lib/lwip/src/api/netbuf.c.o
LOAD CMakeFiles/rover_w.dir/Users/admin/.pico-sdk/sdk/2.2.0/lib/lwip/src/api/netdb.c.o
LOAD CMakeFiles/rover_w.dir/Users/admin/.pico-sdk/sdk/2.2.0/lib/lwip/src/api/netifapi.c.o
LOAD CMakeFiles/rover_w.dir/Users/admin/.pico-sdk/sdk/2.2.0/lib/lwip/src/api/sockets.c.o
LOAD CMakeFiles/rover_w.dir/Users/admin/.pico-sdk/sdk/2.2.0/lib/lwip/src/api/tcpip.c.o
LOAD CMakeFiles/rover_w.dir/Users/admin/.pico-sdk/sdk/2.2.0/lib/lwip/src/netif/ethernet.c.o
LOAD CMakeFiles/rover_w.dir/Users/admin/.pico-sdk/sdk/2.2.0/lib/lwip/src/netif/bridgeif.c.o
LOAD CMakeFiles/rover_w.dir/Users/admin/.pico-sdk/sdk/2.2.0/lib/lwip/src/netif/bridgeif_fdb.c.o
LOAD CMakeFiles/rover_w.dir/Users/admin/.pico-sdk/sdk/2.2.0/lib/lwip/src/netif/slipif.c.o
LOAD CMakeFiles/rover_w.dir/Users/admin/.pico-sdk/sdk/2.2.0/lib/lwip/src/netif/lowpan6_common.c.o
LOAD CMakeFiles/rover_w.dir/Users/admin/.pico-sdk/sdk/2.2.0/lib/lwip/src/netif/lowpan6.c.o
LOAD CMakeFiles/rover_w.dir/Users/admin/.pico-sdk/sdk/2.2.0/lib/lwip/src/netif/lowpan6_ble.c.o
LOAD CMakeFiles/rover_w.dir/Users/admin/.pico-sdk/sdk/2.2.0/lib/lwip/src/netif/zepif.c.o
LOAD CMakeFiles/rover_w.dir/Users/admin/.pico-sdk/sdk/2.2.0/lib/lwip/src/netif/ppp/auth.c.o
LOAD CMakeFiles/rover_w.dir/Users/admin/.pico-sdk/sdk/2.2.0/lib/lwip/src/netif/ppp/ccp.c.o
LOAD CMakeFiles/rover_w.dir/Users/admin/.pico-sdk/sdk/2.2.0/lib/lwip/src/netif/ppp/chap-md5.c.o
LOAD CMakeFiles/rover_w.dir/Users/admin/.pico-sdk/sdk/2.2.0/lib/lwip/src/netif/ppp/chap_ms.c.o
LOAD CMakeFiles/rover_w.dir/Users/admin/.pico-sdk/sdk/2.2.0/lib/lwip/src/netif/ppp/chap-new.c.o
LOAD CMakeFiles/rover_w.dir/Users/admin/.pico-sdk/sdk/2.2.0/lib/lwip/src/netif/ppp/demand.c.o
LOAD CMakeFiles/rover_w.dir/Users/admin/.pico-sdk/sdk/2.2.0/lib/lwip/src/netif/ppp/eap.c.o
LOAD CMakeFiles/rover_w.dir/Users/admin/.pico-sdk/sdk/2.2.0/lib/lwip/src/netif/ppp/ecp.c.o
LOAD CMakeFiles/rover_w.dir/Users/admin/.pico-sdk/sdk/2.2.0/lib/lwip/src/netif/ppp/eui64.c.o
LOAD CMakeFiles/rover_w.dir/Users/admin/.pico-sdk/sdk/2.2.0/lib/lwip/src/netif/ppp/fsm.c.o
LOAD CMakeFiles/rover_w.dir/Users/admin/.pico-sdk/sdk/2.2.0/lib/lwip/src/netif/ppp/ipcp.c.o
LOAD CMakeFiles/rover_w.dir/Users/admin/.pico-sdk/sdk/2.2.0/lib/lwip/src/netif/ppp/ipv6cp.c.o
LOAD CMakeFiles/rover_w.dir/Users/admin/.pico-sdk/sdk/2.2.0/lib/lwip/src/netif/ppp/lcp.c.o
LOAD CMakeFiles/rover_w.dir/Users/admin/.pico-sdk/sdk/2.2.0/lib/lwip/src/netif/ppp/magic.c.o
LOAD CMakeFiles/rover_w.dir/Users/admin/.pico-sdk/sdk/2.2.0/lib/lwip/src/netif/ppp/mppe.c.o
LOAD CMakeFiles/rover_w.dir/Users/admin/.pico-sdk/sdk/2.2.0/lib/lwip/src/netif/ppp/multilink.c.o
LOAD CMakeFiles/rover_w.dir/Users/admin/.pico-sdk/sdk/2.2.0/lib/lwip/src/netif/ppp/ppp.c.o
LOAD CMakeFiles/rover_w.dir/Users/admin/.pico-sdk/sdk/2.2.0/lib/lwip/src/netif/ppp/pppapi.c.o
LOAD CMakeFiles/rover_w.dir/Users/admin/.pico-sdk/sdk/2.2.0/lib/lwip/src/netif/ppp/pppcrypt.c.o
LOAD CMakeFiles/rover_w.dir/Users/admin/.pico-sdk/sdk/2.2.0/lib/lwip/src/netif/ppp/pppoe.c.o
LOAD CMakeFiles/rover_w.dir/Users/admin/.pico-sdk/sdk/2.2.0/lib/lwip/src/netif/ppp/pppol2tp.c.o
LOAD CMakeFiles/rover_w.dir/Users/admin/.pico-sdk/sdk/2.2.0/lib/lwip/src/netif/ppp/pppos.c.o